Archive member included to satisfy reference by file (symbol)

D:\OneDrive\01 Eisenbahn\00 Decoder develop\CAN_Lib\libArduinoCore.a(WInterrupts.c.o)
                              main.o (attachInterrupt)
D:\OneDrive\01 Eisenbahn\00 Decoder develop\CAN_Lib\libArduinoCore.a(wiring_digital.c.o)
                              CAN_MCP2515.o (pinMode)
D:\OneDrive\01 Eisenbahn\00 Decoder develop\CAN_Lib\libArduinoCore.a(main.cpp.o)
                              C:/Program Files (x86)/Atmel/Studio/7.0/Packs/atmel/ATmega_DFP/1.1.130/gcc/dev/atmega328p/avr5/crtatmega328p.o (main)
D:\OneDrive\01 Eisenbahn\00 Decoder develop\CAN_Lib\libArduinoCore.a(wiring.c.o)
                              D:\OneDrive\01 Eisenbahn\00 Decoder develop\CAN_Lib\libArduinoCore.a(main.cpp.o) (init)
D:\OneDrive\01 Eisenbahn\00 Decoder develop\CAN_Lib\libArduinoCore.a(hooks.c.o)
                              D:\OneDrive\01 Eisenbahn\00 Decoder develop\CAN_Lib\libArduinoCore.a(wiring.c.o) (yield)
c:/program files (x86)/atmel/studio/7.0/toolchain/avr8/avr8-gnu-toolchain/bin/../lib/gcc/avr/4.9.2/avr5\libgcc.a(_divmodhi4.o)
                              ownCAN.o (__divmodhi4)
c:/program files (x86)/atmel/studio/7.0/toolchain/avr8/avr8-gnu-toolchain/bin/../lib/gcc/avr/4.9.2/avr5\libgcc.a(_exit.o)
                              C:/Program Files (x86)/Atmel/Studio/7.0/Packs/atmel/ATmega_DFP/1.1.130/gcc/dev/atmega328p/avr5/crtatmega328p.o (exit)
c:/program files (x86)/atmel/studio/7.0/toolchain/avr8/avr8-gnu-toolchain/bin/../lib/gcc/avr/4.9.2/avr5\libgcc.a(_copy_data.o)
                              CAN_MCP2515.o (__do_copy_data)
c:/program files (x86)/atmel/studio/7.0/toolchain/avr8/avr8-gnu-toolchain/bin/../lib/gcc/avr/4.9.2/avr5\libgcc.a(_clear_bss.o)
                              CAN_MCP2515.o (__do_clear_bss)
c:/program files (x86)/atmel/studio/7.0/toolchain/avr8/avr8-gnu-toolchain/bin/../lib/gcc/avr/4.9.2/avr5\libgcc.a(_ctors.o)
                              CAN_MCP2515.o (__do_global_ctors)
c:/program files (x86)/atmel/studio/7.0/toolchain/avr8/avr8-gnu-toolchain/bin/../lib/gcc/avr/4.9.2/avr5\libgcc.a(_udivmodhi4.o)
                              c:/program files (x86)/atmel/studio/7.0/toolchain/avr8/avr8-gnu-toolchain/bin/../lib/gcc/avr/4.9.2/avr5\libgcc.a(_divmodhi4.o) (__udivmodhi4)
c:/program files (x86)/atmel/studio/7.0/toolchain/avr8/avr8-gnu-toolchain/bin/../lib/gcc/avr/4.9.2/avr5\libgcc.a(_tablejump2.o)
                              c:/program files (x86)/atmel/studio/7.0/toolchain/avr8/avr8-gnu-toolchain/bin/../lib/gcc/avr/4.9.2/avr5\libgcc.a(_ctors.o) (__tablejump2__)
C:/Program Files (x86)/Atmel/Studio/7.0/Packs/atmel/ATmega_DFP/1.1.130/gcc/dev/atmega328p/avr5\libatmega328p.a(eerd_byte.o)
                              main.o (eeprom_read_byte)
C:/Program Files (x86)/Atmel/Studio/7.0/Packs/atmel/ATmega_DFP/1.1.130/gcc/dev/atmega328p/avr5\libatmega328p.a(eeupd_byte.o)
                              main.o (eeprom_update_byte)

Discarded input sections

 .data          0x00000000        0x0 C:/Program Files (x86)/Atmel/Studio/7.0/Packs/atmel/ATmega_DFP/1.1.130/gcc/dev/atmega328p/avr5/crtatmega328p.o
 .bss           0x00000000        0x0 C:/Program Files (x86)/Atmel/Studio/7.0/Packs/atmel/ATmega_DFP/1.1.130/gcc/dev/atmega328p/avr5/crtatmega328p.o
 .text          0x00000000        0x0 CAN.o
 .data          0x00000000        0x0 CAN.o
 .bss           0x00000000        0x0 CAN.o
 .debug_info    0x00000000      0x14e CAN.o
 .debug_abbrev  0x00000000       0x70 CAN.o
 .debug_aranges
                0x00000000       0x18 CAN.o
 .debug_line    0x00000000      0x122 CAN.o
 .debug_str     0x00000000      0x20a CAN.o
 .comment       0x00000000       0x31 CAN.o
 .group         0x00000000        0x8 CAN_MCP2515.o
 .group         0x00000000        0x8 CAN_MCP2515.o
 .text          0x00000000        0x0 CAN_MCP2515.o
 .data          0x00000000        0x0 CAN_MCP2515.o
 .bss           0x00000000        0x0 CAN_MCP2515.o
 .text._ZN11CAN_MCP2515C2Ev
                0x00000000       0x14 CAN_MCP2515.o
 .text._ZN11CAN_MCP25154readEPmPhS1_
                0x00000000       0x86 CAN_MCP2515.o
 .text._ZN11CAN_MCP25155writeEmhhPh
                0x00000000       0x78 CAN_MCP2515.o
 .text._ZN11CAN_MCP251511readAddressEh
                0x00000000       0x4c CAN_MCP2515.o
 .text._ZN11CAN_MCP251512readRXStatusEv
                0x00000000       0x3e CAN_MCP2515.o
 .text._ZN11CAN_MCP25157getModeEv
                0x00000000        0xa CAN_MCP2515.o
 .text._ZN11CAN_MCP25157setMaskEhhhhh
                0x00000000       0x80 CAN_MCP2515.o
 .text._ZN11CAN_MCP25159setFilterEhhhhh
                0x00000000       0x80 CAN_MCP2515.o
 .text._ZN11CAN_MCP251513enableRTSPinsEv
                0x00000000       0x24 CAN_MCP2515.o
 .text._ZN11CAN_MCP251513setInterruptsEhh
                0x00000000        0xc CAN_MCP2515.o
 .text          0x00000000        0x0 ownCAN.o
 .data          0x00000000        0x0 ownCAN.o
 .bss           0x00000000        0x0 ownCAN.o
 .text._Z13highbyte2chari
                0x00000000        0xe ownCAN.o
 .text._Z12lowbyte2chari
                0x00000000        0xc ownCAN.o
 .text          0x00000000        0x0 SPI.o
 .data          0x00000000        0x0 SPI.o
 .bss           0x00000000        0x0 SPI.o
 .text._ZN8SPIClass14usingInterruptEh
                0x00000000       0x38 SPI.o
 .text._ZN8SPIClass17notUsingInterruptEh
                0x00000000       0x38 SPI.o
 .bss._ZN8SPIClass13interruptSaveE
                0x00000000        0x1 SPI.o
 .bss._ZN8SPIClass13interruptMaskE
                0x00000000        0x1 SPI.o
 .bss.SPI       0x00000000        0x1 SPI.o
 .text          0x00000000        0x0 main.o
 .data          0x00000000        0x0 main.o
 .bss           0x00000000        0x0 main.o
 .text          0x00000000        0x0 D:\OneDrive\01 Eisenbahn\00 Decoder develop\CAN_Lib\libArduinoCore.a(WInterrupts.c.o)
 .data          0x00000000        0x0 D:\OneDrive\01 Eisenbahn\00 Decoder develop\CAN_Lib\libArduinoCore.a(WInterrupts.c.o)
 .bss           0x00000000        0x0 D:\OneDrive\01 Eisenbahn\00 Decoder develop\CAN_Lib\libArduinoCore.a(WInterrupts.c.o)
 .text.detachInterrupt
                0x00000000       0x24 D:\OneDrive\01 Eisenbahn\00 Decoder develop\CAN_Lib\libArduinoCore.a(WInterrupts.c.o)
 .text          0x00000000        0x0 D:\OneDrive\01 Eisenbahn\00 Decoder develop\CAN_Lib\libArduinoCore.a(wiring_digital.c.o)
 .data          0x00000000        0x0 D:\OneDrive\01 Eisenbahn\00 Decoder develop\CAN_Lib\libArduinoCore.a(wiring_digital.c.o)
 .bss           0x00000000        0x0 D:\OneDrive\01 Eisenbahn\00 Decoder develop\CAN_Lib\libArduinoCore.a(wiring_digital.c.o)
 .text.digitalRead
                0x00000000       0x52 D:\OneDrive\01 Eisenbahn\00 Decoder develop\CAN_Lib\libArduinoCore.a(wiring_digital.c.o)
 .progmem.data.port_to_input_PGM
                0x00000000        0xa D:\OneDrive\01 Eisenbahn\00 Decoder develop\CAN_Lib\libArduinoCore.a(wiring_digital.c.o)
 .text          0x00000000        0x0 D:\OneDrive\01 Eisenbahn\00 Decoder develop\CAN_Lib\libArduinoCore.a(main.cpp.o)
 .data          0x00000000        0x0 D:\OneDrive\01 Eisenbahn\00 Decoder develop\CAN_Lib\libArduinoCore.a(main.cpp.o)
 .bss           0x00000000        0x0 D:\OneDrive\01 Eisenbahn\00 Decoder develop\CAN_Lib\libArduinoCore.a(main.cpp.o)
 .text.atexit   0x00000000        0x6 D:\OneDrive\01 Eisenbahn\00 Decoder develop\CAN_Lib\libArduinoCore.a(main.cpp.o)
 .text._Z8setupUSBv
                0x00000000        0x2 D:\OneDrive\01 Eisenbahn\00 Decoder develop\CAN_Lib\libArduinoCore.a(main.cpp.o)
 .text          0x00000000        0x0 D:\OneDrive\01 Eisenbahn\00 Decoder develop\CAN_Lib\libArduinoCore.a(wiring.c.o)
 .data          0x00000000        0x0 D:\OneDrive\01 Eisenbahn\00 Decoder develop\CAN_Lib\libArduinoCore.a(wiring.c.o)
 .bss           0x00000000        0x0 D:\OneDrive\01 Eisenbahn\00 Decoder develop\CAN_Lib\libArduinoCore.a(wiring.c.o)
 .text.millis   0x00000000       0x18 D:\OneDrive\01 Eisenbahn\00 Decoder develop\CAN_Lib\libArduinoCore.a(wiring.c.o)
 .text.micros   0x00000000       0x46 D:\OneDrive\01 Eisenbahn\00 Decoder develop\CAN_Lib\libArduinoCore.a(wiring.c.o)
 .text.delay    0x00000000       0x74 D:\OneDrive\01 Eisenbahn\00 Decoder develop\CAN_Lib\libArduinoCore.a(wiring.c.o)
 .text.delayMicroseconds
                0x00000000       0x16 D:\OneDrive\01 Eisenbahn\00 Decoder develop\CAN_Lib\libArduinoCore.a(wiring.c.o)
 .text          0x00000000        0x0 D:\OneDrive\01 Eisenbahn\00 Decoder develop\CAN_Lib\libArduinoCore.a(hooks.c.o)
 .data          0x00000000        0x0 D:\OneDrive\01 Eisenbahn\00 Decoder develop\CAN_Lib\libArduinoCore.a(hooks.c.o)
 .bss           0x00000000        0x0 D:\OneDrive\01 Eisenbahn\00 Decoder develop\CAN_Lib\libArduinoCore.a(hooks.c.o)
 .text.__empty  0x00000000        0x2 D:\OneDrive\01 Eisenbahn\00 Decoder develop\CAN_Lib\libArduinoCore.a(hooks.c.o)
 .debug_info    0x00000000       0x3a D:\OneDrive\01 Eisenbahn\00 Decoder develop\CAN_Lib\libArduinoCore.a(hooks.c.o)
 .debug_abbrev  0x00000000       0x28 D:\OneDrive\01 Eisenbahn\00 Decoder develop\CAN_Lib\libArduinoCore.a(hooks.c.o)
 .debug_aranges
                0x00000000       0x20 D:\OneDrive\01 Eisenbahn\00 Decoder develop\CAN_Lib\libArduinoCore.a(hooks.c.o)
 .debug_ranges  0x00000000       0x10 D:\OneDrive\01 Eisenbahn\00 Decoder develop\CAN_Lib\libArduinoCore.a(hooks.c.o)
 .debug_line    0x00000000       0x79 D:\OneDrive\01 Eisenbahn\00 Decoder develop\CAN_Lib\libArduinoCore.a(hooks.c.o)
 .debug_str     0x00000000       0xa5 D:\OneDrive\01 Eisenbahn\00 Decoder develop\CAN_Lib\libArduinoCore.a(hooks.c.o)
 .comment       0x00000000       0x12 D:\OneDrive\01 Eisenbahn\00 Decoder develop\CAN_Lib\libArduinoCore.a(hooks.c.o)
 .debug_frame   0x00000000       0x24 D:\OneDrive\01 Eisenbahn\00 Decoder develop\CAN_Lib\libArduinoCore.a(hooks.c.o)
 .text          0x00000000        0x0 c:/program files (x86)/atmel/studio/7.0/toolchain/avr8/avr8-gnu-toolchain/bin/../lib/gcc/avr/4.9.2/avr5\libgcc.a(_divmodhi4.o)
 .data          0x00000000        0x0 c:/program files (x86)/atmel/studio/7.0/toolchain/avr8/avr8-gnu-toolchain/bin/../lib/gcc/avr/4.9.2/avr5\libgcc.a(_divmodhi4.o)
 .bss           0x00000000        0x0 c:/program files (x86)/atmel/studio/7.0/toolchain/avr8/avr8-gnu-toolchain/bin/../lib/gcc/avr/4.9.2/avr5\libgcc.a(_divmodhi4.o)
 .text.libgcc.mul
                0x00000000        0x0 c:/program files (x86)/atmel/studio/7.0/toolchain/avr8/avr8-gnu-toolchain/bin/../lib/gcc/avr/4.9.2/avr5\libgcc.a(_divmodhi4.o)
 .text.libgcc.div
                0x00000000       0x28 c:/program files (x86)/atmel/studio/7.0/toolchain/avr8/avr8-gnu-toolchain/bin/../lib/gcc/avr/4.9.2/avr5\libgcc.a(_divmodhi4.o)
 .text.libgcc   0x00000000        0x0 c:/program files (x86)/atmel/studio/7.0/toolchain/avr8/avr8-gnu-toolchain/bin/../lib/gcc/avr/4.9.2/avr5\libgcc.a(_divmodhi4.o)
 .text.libgcc.prologue
                0x00000000        0x0 c:/program files (x86)/atmel/studio/7.0/toolchain/avr8/avr8-gnu-toolchain/bin/../lib/gcc/avr/4.9.2/avr5\libgcc.a(_divmodhi4.o)
 .text.libgcc.builtins
                0x00000000        0x0 c:/program files (x86)/atmel/studio/7.0/toolchain/avr8/avr8-gnu-toolchain/bin/../lib/gcc/avr/4.9.2/avr5\libgcc.a(_divmodhi4.o)
 .text.libgcc.fmul
                0x00000000        0x0 c:/program files (x86)/atmel/studio/7.0/toolchain/avr8/avr8-gnu-toolchain/bin/../lib/gcc/avr/4.9.2/avr5\libgcc.a(_divmodhi4.o)
 .text.libgcc.fixed
                0x00000000        0x0 c:/program files (x86)/atmel/studio/7.0/toolchain/avr8/avr8-gnu-toolchain/bin/../lib/gcc/avr/4.9.2/avr5\libgcc.a(_divmodhi4.o)
 .text          0x00000000        0x0 c:/program files (x86)/atmel/studio/7.0/toolchain/avr8/avr8-gnu-toolchain/bin/../lib/gcc/avr/4.9.2/avr5\libgcc.a(_exit.o)
 .data          0x00000000        0x0 c:/program files (x86)/atmel/studio/7.0/toolchain/avr8/avr8-gnu-toolchain/bin/../lib/gcc/avr/4.9.2/avr5\libgcc.a(_exit.o)
 .bss           0x00000000        0x0 c:/program files (x86)/atmel/studio/7.0/toolchain/avr8/avr8-gnu-toolchain/bin/../lib/gcc/avr/4.9.2/avr5\libgcc.a(_exit.o)
 .text.libgcc.mul
                0x00000000        0x0 c:/program files (x86)/atmel/studio/7.0/toolchain/avr8/avr8-gnu-toolchain/bin/../lib/gcc/avr/4.9.2/avr5\libgcc.a(_exit.o)
 .text.libgcc.div
                0x00000000        0x0 c:/program files (x86)/atmel/studio/7.0/toolchain/avr8/avr8-gnu-toolchain/bin/../lib/gcc/avr/4.9.2/avr5\libgcc.a(_exit.o)
 .text.libgcc   0x00000000        0x0 c:/program files (x86)/atmel/studio/7.0/toolchain/avr8/avr8-gnu-toolchain/bin/../lib/gcc/avr/4.9.2/avr5\libgcc.a(_exit.o)
 .text.libgcc.prologue
                0x00000000        0x0 c:/program files (x86)/atmel/studio/7.0/toolchain/avr8/avr8-gnu-toolchain/bin/../lib/gcc/avr/4.9.2/avr5\libgcc.a(_exit.o)
 .text.libgcc.builtins
                0x00000000        0x0 c:/program files (x86)/atmel/studio/7.0/toolchain/avr8/avr8-gnu-toolchain/bin/../lib/gcc/avr/4.9.2/avr5\libgcc.a(_exit.o)
 .text.libgcc.fmul
                0x00000000        0x0 c:/program files (x86)/atmel/studio/7.0/toolchain/avr8/avr8-gnu-toolchain/bin/../lib/gcc/avr/4.9.2/avr5\libgcc.a(_exit.o)
 .text.libgcc.fixed
                0x00000000        0x0 c:/program files (x86)/atmel/studio/7.0/toolchain/avr8/avr8-gnu-toolchain/bin/../lib/gcc/avr/4.9.2/avr5\libgcc.a(_exit.o)
 .text          0x00000000        0x0 c:/program files (x86)/atmel/studio/7.0/toolchain/avr8/avr8-gnu-toolchain/bin/../lib/gcc/avr/4.9.2/avr5\libgcc.a(_copy_data.o)
 .data          0x00000000        0x0 c:/program files (x86)/atmel/studio/7.0/toolchain/avr8/avr8-gnu-toolchain/bin/../lib/gcc/avr/4.9.2/avr5\libgcc.a(_copy_data.o)
 .bss           0x00000000        0x0 c:/program files (x86)/atmel/studio/7.0/toolchain/avr8/avr8-gnu-toolchain/bin/../lib/gcc/avr/4.9.2/avr5\libgcc.a(_copy_data.o)
 .text.libgcc.mul
                0x00000000        0x0 c:/program files (x86)/atmel/studio/7.0/toolchain/avr8/avr8-gnu-toolchain/bin/../lib/gcc/avr/4.9.2/avr5\libgcc.a(_copy_data.o)
 .text.libgcc.div
                0x00000000        0x0 c:/program files (x86)/atmel/studio/7.0/toolchain/avr8/avr8-gnu-toolchain/bin/../lib/gcc/avr/4.9.2/avr5\libgcc.a(_copy_data.o)
 .text.libgcc   0x00000000        0x0 c:/program files (x86)/atmel/studio/7.0/toolchain/avr8/avr8-gnu-toolchain/bin/../lib/gcc/avr/4.9.2/avr5\libgcc.a(_copy_data.o)
 .text.libgcc.prologue
                0x00000000        0x0 c:/program files (x86)/atmel/studio/7.0/toolchain/avr8/avr8-gnu-toolchain/bin/../lib/gcc/avr/4.9.2/avr5\libgcc.a(_copy_data.o)
 .text.libgcc.builtins
                0x00000000        0x0 c:/program files (x86)/atmel/studio/7.0/toolchain/avr8/avr8-gnu-toolchain/bin/../lib/gcc/avr/4.9.2/avr5\libgcc.a(_copy_data.o)
 .text.libgcc.fmul
                0x00000000        0x0 c:/program files (x86)/atmel/studio/7.0/toolchain/avr8/avr8-gnu-toolchain/bin/../lib/gcc/avr/4.9.2/avr5\libgcc.a(_copy_data.o)
 .text.libgcc.fixed
                0x00000000        0x0 c:/program files (x86)/atmel/studio/7.0/toolchain/avr8/avr8-gnu-toolchain/bin/../lib/gcc/avr/4.9.2/avr5\libgcc.a(_copy_data.o)
 .text          0x00000000        0x0 c:/program files (x86)/atmel/studio/7.0/toolchain/avr8/avr8-gnu-toolchain/bin/../lib/gcc/avr/4.9.2/avr5\libgcc.a(_clear_bss.o)
 .data          0x00000000        0x0 c:/program files (x86)/atmel/studio/7.0/toolchain/avr8/avr8-gnu-toolchain/bin/../lib/gcc/avr/4.9.2/avr5\libgcc.a(_clear_bss.o)
 .bss           0x00000000        0x0 c:/program files (x86)/atmel/studio/7.0/toolchain/avr8/avr8-gnu-toolchain/bin/../lib/gcc/avr/4.9.2/avr5\libgcc.a(_clear_bss.o)
 .text.libgcc.mul
                0x00000000        0x0 c:/program files (x86)/atmel/studio/7.0/toolchain/avr8/avr8-gnu-toolchain/bin/../lib/gcc/avr/4.9.2/avr5\libgcc.a(_clear_bss.o)
 .text.libgcc.div
                0x00000000        0x0 c:/program files (x86)/atmel/studio/7.0/toolchain/avr8/avr8-gnu-toolchain/bin/../lib/gcc/avr/4.9.2/avr5\libgcc.a(_clear_bss.o)
 .text.libgcc   0x00000000        0x0 c:/program files (x86)/atmel/studio/7.0/toolchain/avr8/avr8-gnu-toolchain/bin/../lib/gcc/avr/4.9.2/avr5\libgcc.a(_clear_bss.o)
 .text.libgcc.prologue
                0x00000000        0x0 c:/program files (x86)/atmel/studio/7.0/toolchain/avr8/avr8-gnu-toolchain/bin/../lib/gcc/avr/4.9.2/avr5\libgcc.a(_clear_bss.o)
 .text.libgcc.builtins
                0x00000000        0x0 c:/program files (x86)/atmel/studio/7.0/toolchain/avr8/avr8-gnu-toolchain/bin/../lib/gcc/avr/4.9.2/avr5\libgcc.a(_clear_bss.o)
 .text.libgcc.fmul
                0x00000000        0x0 c:/program files (x86)/atmel/studio/7.0/toolchain/avr8/avr8-gnu-toolchain/bin/../lib/gcc/avr/4.9.2/avr5\libgcc.a(_clear_bss.o)
 .text.libgcc.fixed
                0x00000000        0x0 c:/program files (x86)/atmel/studio/7.0/toolchain/avr8/avr8-gnu-toolchain/bin/../lib/gcc/avr/4.9.2/avr5\libgcc.a(_clear_bss.o)
 .text          0x00000000        0x0 c:/program files (x86)/atmel/studio/7.0/toolchain/avr8/avr8-gnu-toolchain/bin/../lib/gcc/avr/4.9.2/avr5\libgcc.a(_ctors.o)
 .data          0x00000000        0x0 c:/program files (x86)/atmel/studio/7.0/toolchain/avr8/avr8-gnu-toolchain/bin/../lib/gcc/avr/4.9.2/avr5\libgcc.a(_ctors.o)
 .bss           0x00000000        0x0 c:/program files (x86)/atmel/studio/7.0/toolchain/avr8/avr8-gnu-toolchain/bin/../lib/gcc/avr/4.9.2/avr5\libgcc.a(_ctors.o)
 .text.libgcc.mul
                0x00000000        0x0 c:/program files (x86)/atmel/studio/7.0/toolchain/avr8/avr8-gnu-toolchain/bin/../lib/gcc/avr/4.9.2/avr5\libgcc.a(_ctors.o)
 .text.libgcc.div
                0x00000000        0x0 c:/program files (x86)/atmel/studio/7.0/toolchain/avr8/avr8-gnu-toolchain/bin/../lib/gcc/avr/4.9.2/avr5\libgcc.a(_ctors.o)
 .text.libgcc   0x00000000        0x0 c:/program files (x86)/atmel/studio/7.0/toolchain/avr8/avr8-gnu-toolchain/bin/../lib/gcc/avr/4.9.2/avr5\libgcc.a(_ctors.o)
 .text.libgcc.prologue
                0x00000000        0x0 c:/program files (x86)/atmel/studio/7.0/toolchain/avr8/avr8-gnu-toolchain/bin/../lib/gcc/avr/4.9.2/avr5\libgcc.a(_ctors.o)
 .text.libgcc.builtins
                0x00000000        0x0 c:/program files (x86)/atmel/studio/7.0/toolchain/avr8/avr8-gnu-toolchain/bin/../lib/gcc/avr/4.9.2/avr5\libgcc.a(_ctors.o)
 .text.libgcc.fmul
                0x00000000        0x0 c:/program files (x86)/atmel/studio/7.0/toolchain/avr8/avr8-gnu-toolchain/bin/../lib/gcc/avr/4.9.2/avr5\libgcc.a(_ctors.o)
 .text.libgcc.fixed
                0x00000000        0x0 c:/program files (x86)/atmel/studio/7.0/toolchain/avr8/avr8-gnu-toolchain/bin/../lib/gcc/avr/4.9.2/avr5\libgcc.a(_ctors.o)
 .text          0x00000000        0x0 c:/program files (x86)/atmel/studio/7.0/toolchain/avr8/avr8-gnu-toolchain/bin/../lib/gcc/avr/4.9.2/avr5\libgcc.a(_udivmodhi4.o)
 .data          0x00000000        0x0 c:/program files (x86)/atmel/studio/7.0/toolchain/avr8/avr8-gnu-toolchain/bin/../lib/gcc/avr/4.9.2/avr5\libgcc.a(_udivmodhi4.o)
 .bss           0x00000000        0x0 c:/program files (x86)/atmel/studio/7.0/toolchain/avr8/avr8-gnu-toolchain/bin/../lib/gcc/avr/4.9.2/avr5\libgcc.a(_udivmodhi4.o)
 .text.libgcc.mul
                0x00000000        0x0 c:/program files (x86)/atmel/studio/7.0/toolchain/avr8/avr8-gnu-toolchain/bin/../lib/gcc/avr/4.9.2/avr5\libgcc.a(_udivmodhi4.o)
 .text.libgcc.div
                0x00000000       0x28 c:/program files (x86)/atmel/studio/7.0/toolchain/avr8/avr8-gnu-toolchain/bin/../lib/gcc/avr/4.9.2/avr5\libgcc.a(_udivmodhi4.o)
 .text.libgcc   0x00000000        0x0 c:/program files (x86)/atmel/studio/7.0/toolchain/avr8/avr8-gnu-toolchain/bin/../lib/gcc/avr/4.9.2/avr5\libgcc.a(_udivmodhi4.o)
 .text.libgcc.prologue
                0x00000000        0x0 c:/program files (x86)/atmel/studio/7.0/toolchain/avr8/avr8-gnu-toolchain/bin/../lib/gcc/avr/4.9.2/avr5\libgcc.a(_udivmodhi4.o)
 .text.libgcc.builtins
                0x00000000        0x0 c:/program files (x86)/atmel/studio/7.0/toolchain/avr8/avr8-gnu-toolchain/bin/../lib/gcc/avr/4.9.2/avr5\libgcc.a(_udivmodhi4.o)
 .text.libgcc.fmul
                0x00000000        0x0 c:/program files (x86)/atmel/studio/7.0/toolchain/avr8/avr8-gnu-toolchain/bin/../lib/gcc/avr/4.9.2/avr5\libgcc.a(_udivmodhi4.o)
 .text.libgcc.fixed
                0x00000000        0x0 c:/program files (x86)/atmel/studio/7.0/toolchain/avr8/avr8-gnu-toolchain/bin/../lib/gcc/avr/4.9.2/avr5\libgcc.a(_udivmodhi4.o)
 .text          0x00000000        0x0 c:/program files (x86)/atmel/studio/7.0/toolchain/avr8/avr8-gnu-toolchain/bin/../lib/gcc/avr/4.9.2/avr5\libgcc.a(_tablejump2.o)
 .data          0x00000000        0x0 c:/program files (x86)/atmel/studio/7.0/toolchain/avr8/avr8-gnu-toolchain/bin/../lib/gcc/avr/4.9.2/avr5\libgcc.a(_tablejump2.o)
 .bss           0x00000000        0x0 c:/program files (x86)/atmel/studio/7.0/toolchain/avr8/avr8-gnu-toolchain/bin/../lib/gcc/avr/4.9.2/avr5\libgcc.a(_tablejump2.o)
 .text.libgcc.mul
                0x00000000        0x0 c:/program files (x86)/atmel/studio/7.0/toolchain/avr8/avr8-gnu-toolchain/bin/../lib/gcc/avr/4.9.2/avr5\libgcc.a(_tablejump2.o)
 .text.libgcc.div
                0x00000000        0x0 c:/program files (x86)/atmel/studio/7.0/toolchain/avr8/avr8-gnu-toolchain/bin/../lib/gcc/avr/4.9.2/avr5\libgcc.a(_tablejump2.o)
 .text.libgcc.prologue
                0x00000000        0x0 c:/program files (x86)/atmel/studio/7.0/toolchain/avr8/avr8-gnu-toolchain/bin/../lib/gcc/avr/4.9.2/avr5\libgcc.a(_tablejump2.o)
 .text.libgcc.builtins
                0x00000000        0x0 c:/program files (x86)/atmel/studio/7.0/toolchain/avr8/avr8-gnu-toolchain/bin/../lib/gcc/avr/4.9.2/avr5\libgcc.a(_tablejump2.o)
 .text.libgcc.fmul
                0x00000000        0x0 c:/program files (x86)/atmel/studio/7.0/toolchain/avr8/avr8-gnu-toolchain/bin/../lib/gcc/avr/4.9.2/avr5\libgcc.a(_tablejump2.o)
 .text.libgcc.fixed
                0x00000000        0x0 c:/program files (x86)/atmel/studio/7.0/toolchain/avr8/avr8-gnu-toolchain/bin/../lib/gcc/avr/4.9.2/avr5\libgcc.a(_tablejump2.o)
 .text          0x00000000        0x0 C:/Program Files (x86)/Atmel/Studio/7.0/Packs/atmel/ATmega_DFP/1.1.130/gcc/dev/atmega328p/avr5\libatmega328p.a(eerd_byte.o)
 .data          0x00000000        0x0 C:/Program Files (x86)/Atmel/Studio/7.0/Packs/atmel/ATmega_DFP/1.1.130/gcc/dev/atmega328p/avr5\libatmega328p.a(eerd_byte.o)
 .bss           0x00000000        0x0 C:/Program Files (x86)/Atmel/Studio/7.0/Packs/atmel/ATmega_DFP/1.1.130/gcc/dev/atmega328p/avr5\libatmega328p.a(eerd_byte.o)
 .text          0x00000000        0x0 C:/Program Files (x86)/Atmel/Studio/7.0/Packs/atmel/ATmega_DFP/1.1.130/gcc/dev/atmega328p/avr5\libatmega328p.a(eeupd_byte.o)
 .data          0x00000000        0x0 C:/Program Files (x86)/Atmel/Studio/7.0/Packs/atmel/ATmega_DFP/1.1.130/gcc/dev/atmega328p/avr5\libatmega328p.a(eeupd_byte.o)
 .bss           0x00000000        0x0 C:/Program Files (x86)/Atmel/Studio/7.0/Packs/atmel/ATmega_DFP/1.1.130/gcc/dev/atmega328p/avr5\libatmega328p.a(eeupd_byte.o)

Memory Configuration

Name             Origin             Length             Attributes
text             0x00000000         0x00020000         xr
data             0x00800060         0x0000ffa0         rw !x
eeprom           0x00810000         0x00010000         rw !x
fuse             0x00820000         0x00000003         rw !x
lock             0x00830000         0x00000400         rw !x
signature        0x00840000         0x00000400         rw !x
user_signatures  0x00850000         0x00000400         rw !x
*default*        0x00000000         0xffffffff

Linker script and memory map

Address of section .data set to 0x800100
LOAD C:/Program Files (x86)/Atmel/Studio/7.0/Packs/atmel/ATmega_DFP/1.1.130/gcc/dev/atmega328p/avr5/crtatmega328p.o
LOAD CAN.o
LOAD CAN_MCP2515.o
LOAD ownCAN.o
LOAD SPI.o
LOAD main.o
START GROUP
LOAD c:/program files (x86)/atmel/studio/7.0/toolchain/avr8/avr8-gnu-toolchain/bin/../lib/gcc/avr/4.9.2/../../../../avr/lib/avr5\libm.a
LOAD D:\OneDrive\01 Eisenbahn\00 Decoder develop\CAN_Lib\libArduinoCore.a
END GROUP
LOAD c:/program files (x86)/atmel/studio/7.0/toolchain/avr8/avr8-gnu-toolchain/bin/../lib/gcc/avr/4.9.2/avr5\libgcc.a
LOAD c:/program files (x86)/atmel/studio/7.0/toolchain/avr8/avr8-gnu-toolchain/bin/../lib/gcc/avr/4.9.2/../../../../avr/lib/avr5\libm.a
START GROUP
LOAD c:/program files (x86)/atmel/studio/7.0/toolchain/avr8/avr8-gnu-toolchain/bin/../lib/gcc/avr/4.9.2/avr5\libgcc.a
LOAD c:/program files (x86)/atmel/studio/7.0/toolchain/avr8/avr8-gnu-toolchain/bin/../lib/gcc/avr/4.9.2/../../../../avr/lib/avr5\libm.a
LOAD c:/program files (x86)/atmel/studio/7.0/toolchain/avr8/avr8-gnu-toolchain/bin/../lib/gcc/avr/4.9.2/../../../../avr/lib/avr5\libc.a
LOAD C:/Program Files (x86)/Atmel/Studio/7.0/Packs/atmel/ATmega_DFP/1.1.130/gcc/dev/atmega328p/avr5\libatmega328p.a
END GROUP
                0x00020000                __TEXT_REGION_LENGTH__ = DEFINED (__TEXT_REGION_LENGTH__)?__TEXT_REGION_LENGTH__:0x20000
                0x0000ffa0                __DATA_REGION_LENGTH__ = DEFINED (__DATA_REGION_LENGTH__)?__DATA_REGION_LENGTH__:0xffa0
                0x00010000                __EEPROM_REGION_LENGTH__ = DEFINED (__EEPROM_REGION_LENGTH__)?__EEPROM_REGION_LENGTH__:0x10000
                [0x00000003]                __FUSE_REGION_LENGTH__ = DEFINED (__FUSE_REGION_LENGTH__)?__FUSE_REGION_LENGTH__:0x400
                0x00000400                __LOCK_REGION_LENGTH__ = DEFINED (__LOCK_REGION_LENGTH__)?__LOCK_REGION_LENGTH__:0x400
                0x00000400                __SIGNATURE_REGION_LENGTH__ = DEFINED (__SIGNATURE_REGION_LENGTH__)?__SIGNATURE_REGION_LENGTH__:0x400
                0x00000400                __USER_SIGNATURE_REGION_LENGTH__ = DEFINED (__USER_SIGNATURE_REGION_LENGTH__)?__USER_SIGNATURE_REGION_LENGTH__:0x400

.hash
 *(.hash)

.dynsym
 *(.dynsym)

.dynstr
 *(.dynstr)

.gnu.version
 *(.gnu.version)

.gnu.version_d
 *(.gnu.version_d)

.gnu.version_r
 *(.gnu.version_r)

.rel.init
 *(.rel.init)

.rela.init
 *(.rela.init)

.rel.text
 *(.rel.text)
 *(.rel.text.*)
 *(.rel.gnu.linkonce.t*)

.rela.text
 *(.rela.text)
 *(.rela.text.*)
 *(.rela.gnu.linkonce.t*)

.rel.fini
 *(.rel.fini)

.rela.fini
 *(.rela.fini)

.rel.rodata
 *(.rel.rodata)
 *(.rel.rodata.*)
 *(.rel.gnu.linkonce.r*)

.rela.rodata
 *(.rela.rodata)
 *(.rela.rodata.*)
 *(.rela.gnu.linkonce.r*)

.rel.data
 *(.rel.data)
 *(.rel.data.*)
 *(.rel.gnu.linkonce.d*)

.rela.data
 *(.rela.data)
 *(.rela.data.*)
 *(.rela.gnu.linkonce.d*)

.rel.ctors
 *(.rel.ctors)

.rela.ctors
 *(.rela.ctors)

.rel.dtors
 *(.rel.dtors)

.rela.dtors
 *(.rela.dtors)

.rel.got
 *(.rel.got)

.rela.got
 *(.rela.got)

.rel.bss
 *(.rel.bss)

.rela.bss
 *(.rela.bss)

.rel.plt
 *(.rel.plt)

.rela.plt
 *(.rela.plt)

.text           0x00000000     0x106a
 *(.vectors)
 .vectors       0x00000000       0x68 C:/Program Files (x86)/Atmel/Studio/7.0/Packs/atmel/ATmega_DFP/1.1.130/gcc/dev/atmega328p/avr5/crtatmega328p.o
                0x00000000                __vector_default
                0x00000000                __vectors
 *(.vectors)
 *(.progmem.gcc*)
                0x00000068                . = ALIGN (0x2)
                0x00000068                __trampolines_start = .
 *(.trampolines)
 .trampolines   0x00000068        0x0 linker stubs
 *(.trampolines*)
                0x00000068                __trampolines_end = .
 *libprintf_flt.a:*(.progmem.data)
 *libc.a:*(.progmem.data)
 *(.progmem*)
 .progmem.data.digital_pin_to_timer_PGM
                0x00000068       0x14 D:\OneDrive\01 Eisenbahn\00 Decoder develop\CAN_Lib\libArduinoCore.a(wiring_digital.c.o)
                0x00000068                digital_pin_to_timer_PGM
 .progmem.data.digital_pin_to_bit_mask_PGM
                0x0000007c       0x14 D:\OneDrive\01 Eisenbahn\00 Decoder develop\CAN_Lib\libArduinoCore.a(wiring_digital.c.o)
                0x0000007c                digital_pin_to_bit_mask_PGM
 .progmem.data.digital_pin_to_port_PGM
                0x00000090       0x14 D:\OneDrive\01 Eisenbahn\00 Decoder develop\CAN_Lib\libArduinoCore.a(wiring_digital.c.o)
                0x00000090                digital_pin_to_port_PGM
 .progmem.data.port_to_output_PGM
                0x000000a4        0xa D:\OneDrive\01 Eisenbahn\00 Decoder develop\CAN_Lib\libArduinoCore.a(wiring_digital.c.o)
                0x000000a4                port_to_output_PGM
 .progmem.data.port_to_mode_PGM
                0x000000ae        0xa D:\OneDrive\01 Eisenbahn\00 Decoder develop\CAN_Lib\libArduinoCore.a(wiring_digital.c.o)
                0x000000ae                port_to_mode_PGM
                0x000000b8                . = ALIGN (0x2)
 *(.jumptables)
 *(.jumptables*)
 *(.lowtext)
 *(.lowtext*)
                0x000000b8                __ctors_start = .
 *(.ctors)
 .ctors         0x000000b8        0x2 CAN_MCP2515.o
                0x000000ba                __ctors_end = .
                0x000000ba                __dtors_start = .
 *(.dtors)
                0x000000ba                __dtors_end = .
 SORT(*)(.ctors)
 SORT(*)(.dtors)
 *(.init0)
 .init0         0x000000ba        0x0 C:/Program Files (x86)/Atmel/Studio/7.0/Packs/atmel/ATmega_DFP/1.1.130/gcc/dev/atmega328p/avr5/crtatmega328p.o
                0x000000ba                __init
 *(.init0)
 *(.init1)
 *(.init1)
 *(.init2)
 .init2         0x000000ba        0xc C:/Program Files (x86)/Atmel/Studio/7.0/Packs/atmel/ATmega_DFP/1.1.130/gcc/dev/atmega328p/avr5/crtatmega328p.o
 *(.init2)
 *(.init3)
 *(.init3)
 *(.init4)
 .init4         0x000000c6       0x16 c:/program files (x86)/atmel/studio/7.0/toolchain/avr8/avr8-gnu-toolchain/bin/../lib/gcc/avr/4.9.2/avr5\libgcc.a(_copy_data.o)
                0x000000c6                __do_copy_data
 .init4         0x000000dc       0x10 c:/program files (x86)/atmel/studio/7.0/toolchain/avr8/avr8-gnu-toolchain/bin/../lib/gcc/avr/4.9.2/avr5\libgcc.a(_clear_bss.o)
                0x000000dc                __do_clear_bss
 *(.init4)
 *(.init5)
 *(.init5)
 *(.init6)
 .init6         0x000000ec       0x16 c:/program files (x86)/atmel/studio/7.0/toolchain/avr8/avr8-gnu-toolchain/bin/../lib/gcc/avr/4.9.2/avr5\libgcc.a(_ctors.o)
                0x000000ec                __do_global_ctors
 *(.init6)
 *(.init7)
 *(.init7)
 *(.init8)
 *(.init8)
 *(.init9)
 .init9         0x00000102        0x8 C:/Program Files (x86)/Atmel/Studio/7.0/Packs/atmel/ATmega_DFP/1.1.130/gcc/dev/atmega328p/avr5/crtatmega328p.o
 *(.init9)
 *(.text)
 .text          0x0000010a        0x4 C:/Program Files (x86)/Atmel/Studio/7.0/Packs/atmel/ATmega_DFP/1.1.130/gcc/dev/atmega328p/avr5/crtatmega328p.o
                0x0000010a                __vector_22
                0x0000010a                __vector_24
                0x0000010a                __vector_12
                0x0000010a                __bad_interrupt
                0x0000010a                __vector_6
                0x0000010a                __vector_3
                0x0000010a                __vector_23
                0x0000010a                __vector_25
                0x0000010a                __vector_11
                0x0000010a                __vector_13
                0x0000010a                __vector_17
                0x0000010a                __vector_19
                0x0000010a                __vector_7
                0x0000010a                __vector_5
                0x0000010a                __vector_4
                0x0000010a                __vector_9
                0x0000010a                __vector_21
                0x0000010a                __vector_15
                0x0000010a                __vector_8
                0x0000010a                __vector_14
                0x0000010a                __vector_10
                0x0000010a                __vector_18
                0x0000010a                __vector_20
                0x0000010e                . = ALIGN (0x2)
 *(.text.*)
 .text._ZN11CAN_MCP25153endEv
                0x0000010e        0x6 CAN_MCP2515.o
                0x0000010e                _ZN11CAN_MCP25153endEv
 .text._ZN11CAN_MCP25155_initEv
                0x00000114       0x1c CAN_MCP2515.o
                0x00000114                _ZN11CAN_MCP25155_initEv
 .text._ZN11CAN_MCP2515C2Eh
                0x00000130       0x12 CAN_MCP2515.o
                0x00000130                _ZN11CAN_MCP2515C1Eh
                0x00000130                _ZN11CAN_MCP2515C2Eh
 .text._ZN11CAN_MCP25155resetEv
                0x00000142       0x2a CAN_MCP2515.o
                0x00000142                _ZN11CAN_MCP25155resetEv
 .text._ZN11CAN_MCP251512writeAddressEhh
                0x0000016c       0x4e CAN_MCP2515.o
                0x0000016c                _ZN11CAN_MCP251512writeAddressEhh
 .text._ZN11CAN_MCP251513modifyAddressEhhh
                0x000001ba       0x60 CAN_MCP2515.o
                0x000001ba                _ZN11CAN_MCP251513modifyAddressEhhh
 .text._ZN11CAN_MCP251510readStatusEv
                0x0000021a       0x3e CAN_MCP2515.o
                0x0000021a                _ZN11CAN_MCP251510readStatusEv
 .text._ZN11CAN_MCP25159availableEv
                0x00000258        0x8 CAN_MCP2515.o
                0x00000258                _ZN11CAN_MCP25159availableEv
 .text._ZN11CAN_MCP25154readEv
                0x00000260      0x21a CAN_MCP2515.o
                0x00000260                _ZN11CAN_MCP25154readEv
 .text._ZN11CAN_MCP25155writeERK9CAN_Frame
                0x0000047a      0x1f4 CAN_MCP2515.o
                0x0000047a                _ZN11CAN_MCP25155writeERK9CAN_Frame
 .text._ZN11CAN_MCP25157setModeEh
                0x0000066e        0xc CAN_MCP2515.o
                0x0000066e                _ZN11CAN_MCP25157setModeEh
 .text._ZN11CAN_MCP251510setBitrateEm
                0x0000067a       0x28 CAN_MCP2515.o
                0x0000067a                _ZN11CAN_MCP251510setBitrateEm
 .text._ZN11CAN_MCP251512clearFiltersEv
                0x000006a2       0x22 CAN_MCP2515.o
                0x000006a2                _ZN11CAN_MCP251512clearFiltersEv
 .text._ZN11CAN_MCP251514clearRxBuffersEv
                0x000006c4       0x88 CAN_MCP2515.o
                0x000006c4                _ZN11CAN_MCP251514clearRxBuffersEv
 .text._ZN11CAN_MCP251514clearTxBuffersEv
                0x0000074c       0xc6 CAN_MCP2515.o
                0x0000074c                _ZN11CAN_MCP251514clearTxBuffersEv
 .text._ZN11CAN_MCP25155flushEv
                0x00000812       0x16 CAN_MCP2515.o
                0x00000812                _ZN11CAN_MCP25155flushEv
 .text._ZN11CAN_MCP251516enableInterruptsEh
                0x00000828       0x4a CAN_MCP2515.o
                0x00000828                _ZN11CAN_MCP251516enableInterruptsEh
 .text._ZN11CAN_MCP25155beginEmh
                0x00000872       0x5c CAN_MCP2515.o
                0x00000872                _ZN11CAN_MCP25155beginEmh
 .text._ZN11CAN_MCP25155beginEm
                0x000008ce        0x8 CAN_MCP2515.o
                0x000008ce                _ZN11CAN_MCP25155beginEm
 .text._GLOBAL__sub_I__ZN11CAN_MCP2515C2Ev
                0x000008d6        0xc CAN_MCP2515.o
 .text._Z12generateHashm
                0x000008e2       0x1a ownCAN.o
                0x000008e2                _Z12generateHashm
 .text._Z12sendCanFrame9CAN_Frame
                0x000008fc       0x8a ownCAN.o
                0x000008fc                _Z12sendCanFrame9CAN_Frame
 .text._Z11getCanFramev
                0x00000986       0x40 ownCAN.o
                0x00000986                _Z11getCanFramev
 .text._ZN8SPIClass5beginEv
                0x000009c6       0x6c SPI.o
                0x000009c6                _ZN8SPIClass5beginEv
 .text._ZN8SPIClass3endEv
                0x00000a32       0x24 SPI.o
                0x00000a32                _ZN8SPIClass3endEv
 .text.setup    0x00000a56       0xca main.o
                0x00000a56                setup
 .text.loop     0x00000b20        0x2 main.o
                0x00000b20                loop
 .text._Z10can_answerh
                0x00000b22       0x5e main.o
                0x00000b22                _Z10can_answerh
 .text._Z16goIntoBootloaderv
                0x00000b80       0x32 main.o
                0x00000b80                _Z16goIntoBootloaderv
 .text._Z14boardnumAnswerv
                0x00000bb2       0x1c main.o
                0x00000bb2                _Z14boardnumAnswerv
 .text._Z14processRXFramev
                0x00000bce      0x120 main.o
                0x00000bce                _Z14processRXFramev
 .text.nothing  0x00000cee        0x2 D:\OneDrive\01 Eisenbahn\00 Decoder develop\CAN_Lib\libArduinoCore.a(WInterrupts.c.o)
 .text.attachInterrupt
                0x00000cf0       0x40 D:\OneDrive\01 Eisenbahn\00 Decoder develop\CAN_Lib\libArduinoCore.a(WInterrupts.c.o)
                0x00000cf0                attachInterrupt
 .text.__vector_1
                0x00000d30       0x4e D:\OneDrive\01 Eisenbahn\00 Decoder develop\CAN_Lib\libArduinoCore.a(WInterrupts.c.o)
                0x00000d30                __vector_1
 .text.__vector_2
                0x00000d7e       0x4e D:\OneDrive\01 Eisenbahn\00 Decoder develop\CAN_Lib\libArduinoCore.a(WInterrupts.c.o)
                0x00000d7e                __vector_2
 .text.turnOffPWM
                0x00000dcc       0x52 D:\OneDrive\01 Eisenbahn\00 Decoder develop\CAN_Lib\libArduinoCore.a(wiring_digital.c.o)
 .text.pinMode  0x00000e1e       0x72 D:\OneDrive\01 Eisenbahn\00 Decoder develop\CAN_Lib\libArduinoCore.a(wiring_digital.c.o)
                0x00000e1e                pinMode
 .text.digitalWrite
                0x00000e90       0x6c D:\OneDrive\01 Eisenbahn\00 Decoder develop\CAN_Lib\libArduinoCore.a(wiring_digital.c.o)
                0x00000e90                digitalWrite
 .text.initVariant
                0x00000efc        0x2 D:\OneDrive\01 Eisenbahn\00 Decoder develop\CAN_Lib\libArduinoCore.a(main.cpp.o)
                0x00000efc                initVariant
 .text.startup.main
                0x00000efe       0x1e D:\OneDrive\01 Eisenbahn\00 Decoder develop\CAN_Lib\libArduinoCore.a(main.cpp.o)
                0x00000efe                main
 .text.__vector_16
                0x00000f1c       0x94 D:\OneDrive\01 Eisenbahn\00 Decoder develop\CAN_Lib\libArduinoCore.a(wiring.c.o)
                0x00000f1c                __vector_16
 .text.init     0x00000fb0       0x76 D:\OneDrive\01 Eisenbahn\00 Decoder develop\CAN_Lib\libArduinoCore.a(wiring.c.o)
                0x00000fb0                init
 .text.libgcc   0x00001026        0xc c:/program files (x86)/atmel/studio/7.0/toolchain/avr8/avr8-gnu-toolchain/bin/../lib/gcc/avr/4.9.2/avr5\libgcc.a(_tablejump2.o)
                0x00001026                __tablejump2__
 .text.avr-libc
                0x00001032       0x10 C:/Program Files (x86)/Atmel/Studio/7.0/Packs/atmel/ATmega_DFP/1.1.130/gcc/dev/atmega328p/avr5\libatmega328p.a(eerd_byte.o)
                0x00001032                eeprom_read_byte
 .text.avr-libc
                0x00001042       0x24 C:/Program Files (x86)/Atmel/Studio/7.0/Packs/atmel/ATmega_DFP/1.1.130/gcc/dev/atmega328p/avr5\libatmega328p.a(eeupd_byte.o)
                0x00001042                eeprom_update_byte
                0x00001044                eeprom_update_r18
                0x00001066                . = ALIGN (0x2)
 *(.fini9)
 .fini9         0x00001066        0x0 c:/program files (x86)/atmel/studio/7.0/toolchain/avr8/avr8-gnu-toolchain/bin/../lib/gcc/avr/4.9.2/avr5\libgcc.a(_exit.o)
                0x00001066                _exit
                0x00001066                exit
 *(.fini9)
 *(.fini8)
 *(.fini8)
 *(.fini7)
 *(.fini7)
 *(.fini6)
 *(.fini6)
 *(.fini5)
 *(.fini5)
 *(.fini4)
 *(.fini4)
 *(.fini3)
 *(.fini3)
 *(.fini2)
 *(.fini2)
 *(.fini1)
 *(.fini1)
 *(.fini0)
 .fini0         0x00001066        0x4 c:/program files (x86)/atmel/studio/7.0/toolchain/avr8/avr8-gnu-toolchain/bin/../lib/gcc/avr/4.9.2/avr5\libgcc.a(_exit.o)
 *(.fini0)
                0x0000106a                _etext = .

.data           0x00800100       0x14 load address 0x0000106a
                0x00800100                PROVIDE (__data_start, .)
 *(.data)
 *(.data*)
 .data.intFunc  0x00800100        0x4 D:\OneDrive\01 Eisenbahn\00 Decoder develop\CAN_Lib\libArduinoCore.a(WInterrupts.c.o)
 *(.rodata)
 *(.rodata*)
 .rodata._ZTV11CAN_MCP2515
                0x00800104       0x10 CAN_MCP2515.o
                0x00800104                _ZTV11CAN_MCP2515
 *(.gnu.linkonce.d*)
                0x00800114                . = ALIGN (0x2)
                0x00800114                _edata = .
                0x00800114                PROVIDE (__data_end, .)

.bss            0x00800114       0x42
                0x00800114                PROVIDE (__bss_start, .)
 *(.bss)
 *(.bss*)
 .bss.CAN       0x00800114        0x3 CAN_MCP2515.o
                0x00800114                CAN
 .bss._ZN8SPIClass13interruptModeE
                0x00800117        0x1 SPI.o
                0x00800117                _ZN8SPIClass13interruptModeE
 .bss._ZN8SPIClass11initializedE
                0x00800118        0x1 SPI.o
                0x00800118                _ZN8SPIClass11initializedE
 .bss.incomingMsg
                0x00800119       0x18 main.o
                0x00800119                incomingMsg
 .bss.outgoingMsg
                0x00800131       0x18 main.o
                0x00800131                outgoingMsg
 .bss.hash      0x00800149        0x2 main.o
                0x00800149                hash
 .bss.LoByteAddress
                0x0080014b        0x1 main.o
                0x0080014b                LoByteAddress
 .bss.HiByteAddress
                0x0080014c        0x1 main.o
                0x0080014c                HiByteAddress
 .bss.timer0_fract
                0x0080014d        0x1 D:\OneDrive\01 Eisenbahn\00 Decoder develop\CAN_Lib\libArduinoCore.a(wiring.c.o)
 .bss.timer0_millis
                0x0080014e        0x4 D:\OneDrive\01 Eisenbahn\00 Decoder develop\CAN_Lib\libArduinoCore.a(wiring.c.o)
                0x0080014e                timer0_millis
 .bss.timer0_overflow_count
                0x00800152        0x4 D:\OneDrive\01 Eisenbahn\00 Decoder develop\CAN_Lib\libArduinoCore.a(wiring.c.o)
                0x00800152                timer0_overflow_count
 *(COMMON)
                0x00800156                PROVIDE (__bss_end, .)
                0x0000106a                __data_load_start = LOADADDR (.data)
                0x0000107e                __data_load_end = (__data_load_start + SIZEOF (.data))

.noinit         0x00800156        0x0
                [!provide]                PROVIDE (__noinit_start, .)
 *(.noinit*)
                [!provide]                PROVIDE (__noinit_end, .)
                0x00800156                _end = .
                [!provide]                PROVIDE (__heap_start, .)

.eeprom         0x00810000        0x0
 *(.eeprom*)
                0x00810000                __eeprom_end = .

.fuse
 *(.fuse)
 *(.lfuse)
 *(.hfuse)
 *(.efuse)

.lock
 *(.lock*)

.signature
 *(.signature*)

.user_signatures
 *(.user_signatures*)

.stab
 *(.stab)

.stabstr
 *(.stabstr)

.stab.excl
 *(.stab.excl)

.stab.exclstr
 *(.stab.exclstr)

.stab.index
 *(.stab.index)

.stab.indexstr
 *(.stab.indexstr)

.comment        0x00000000       0x41
 *(.comment)
 .comment       0x00000000       0x30 CAN_MCP2515.o
                                 0x31 (size before relaxing)
 .comment       0x00000030       0x31 ownCAN.o
 .comment       0x00000030       0x31 SPI.o
 .comment       0x00000030       0x31 main.o
 .comment       0x00000030       0x11 D:\OneDrive\01 Eisenbahn\00 Decoder develop\CAN_Lib\libArduinoCore.a(WInterrupts.c.o)
                                 0x12 (size before relaxing)
 .comment       0x00000041       0x12 D:\OneDrive\01 Eisenbahn\00 Decoder develop\CAN_Lib\libArduinoCore.a(wiring_digital.c.o)
 .comment       0x00000041       0x12 D:\OneDrive\01 Eisenbahn\00 Decoder develop\CAN_Lib\libArduinoCore.a(main.cpp.o)
 .comment       0x00000041       0x12 D:\OneDrive\01 Eisenbahn\00 Decoder develop\CAN_Lib\libArduinoCore.a(wiring.c.o)

.note.gnu.avr.deviceinfo
                0x00000000       0x40
 .note.gnu.avr.deviceinfo
                0x00000000       0x40 C:/Program Files (x86)/Atmel/Studio/7.0/Packs/atmel/ATmega_DFP/1.1.130/gcc/dev/atmega328p/avr5/crtatmega328p.o

.note.gnu.build-id
 *(.note.gnu.build-id)

.debug
 *(.debug)

.line
 *(.line)

.debug_srcinfo
 *(.debug_srcinfo)

.debug_sfnames
 *(.debug_sfnames)

.debug_aranges  0x00000000      0x300
 *(.debug_aranges)
 .debug_aranges
                0x00000000      0x108 CAN_MCP2515.o
 .debug_aranges
                0x00000108       0x40 ownCAN.o
 .debug_aranges
                0x00000148       0x38 SPI.o
 .debug_aranges
                0x00000180       0x48 main.o
 .debug_aranges
                0x000001c8       0x40 D:\OneDrive\01 Eisenbahn\00 Decoder develop\CAN_Lib\libArduinoCore.a(WInterrupts.c.o)
 .debug_aranges
                0x00000208       0x38 D:\OneDrive\01 Eisenbahn\00 Decoder develop\CAN_Lib\libArduinoCore.a(wiring_digital.c.o)
 .debug_aranges
                0x00000240       0x38 D:\OneDrive\01 Eisenbahn\00 Decoder develop\CAN_Lib\libArduinoCore.a(main.cpp.o)
 .debug_aranges
                0x00000278       0x48 D:\OneDrive\01 Eisenbahn\00 Decoder develop\CAN_Lib\libArduinoCore.a(wiring.c.o)
 .debug_aranges
                0x000002c0       0x20 C:/Program Files (x86)/Atmel/Studio/7.0/Packs/atmel/ATmega_DFP/1.1.130/gcc/dev/atmega328p/avr5\libatmega328p.a(eerd_byte.o)
 .debug_aranges
                0x000002e0       0x20 C:/Program Files (x86)/Atmel/Studio/7.0/Packs/atmel/ATmega_DFP/1.1.130/gcc/dev/atmega328p/avr5\libatmega328p.a(eeupd_byte.o)

.debug_pubnames
 *(.debug_pubnames)

.debug_info     0x00000000     0x471d
 *(.debug_info .gnu.linkonce.wi.*)
 .debug_info    0x00000000      0x5f4 C:/Program Files (x86)/Atmel/Studio/7.0/Packs/atmel/ATmega_DFP/1.1.130/gcc/dev/atmega328p/avr5/crtatmega328p.o
 .debug_info    0x000005f4     0x206c CAN_MCP2515.o
 .debug_info    0x00002660      0x429 ownCAN.o
 .debug_info    0x00002a89      0x688 SPI.o
 .debug_info    0x00003111      0x7b1 main.o
 .debug_info    0x000038c2      0x213 D:\OneDrive\01 Eisenbahn\00 Decoder develop\CAN_Lib\libArduinoCore.a(WInterrupts.c.o)
 .debug_info    0x00003ad5      0x5f1 D:\OneDrive\01 Eisenbahn\00 Decoder develop\CAN_Lib\libArduinoCore.a(wiring_digital.c.o)
 .debug_info    0x000040c6      0x231 D:\OneDrive\01 Eisenbahn\00 Decoder develop\CAN_Lib\libArduinoCore.a(main.cpp.o)
 .debug_info    0x000042f7      0x2cd D:\OneDrive\01 Eisenbahn\00 Decoder develop\CAN_Lib\libArduinoCore.a(wiring.c.o)
 .debug_info    0x000045c4       0xac C:/Program Files (x86)/Atmel/Studio/7.0/Packs/atmel/ATmega_DFP/1.1.130/gcc/dev/atmega328p/avr5\libatmega328p.a(eerd_byte.o)
 .debug_info    0x00004670       0xad C:/Program Files (x86)/Atmel/Studio/7.0/Packs/atmel/ATmega_DFP/1.1.130/gcc/dev/atmega328p/avr5\libatmega328p.a(eeupd_byte.o)

.debug_abbrev   0x00000000     0x17a5
 *(.debug_abbrev)
 .debug_abbrev  0x00000000      0x5a2 C:/Program Files (x86)/Atmel/Studio/7.0/Packs/atmel/ATmega_DFP/1.1.130/gcc/dev/atmega328p/avr5/crtatmega328p.o
 .debug_abbrev  0x000005a2      0x594 CAN_MCP2515.o
 .debug_abbrev  0x00000b36      0x1fa ownCAN.o
 .debug_abbrev  0x00000d30      0x285 SPI.o
 .debug_abbrev  0x00000fb5      0x320 main.o
 .debug_abbrev  0x000012d5       0xfa D:\OneDrive\01 Eisenbahn\00 Decoder develop\CAN_Lib\libArduinoCore.a(WInterrupts.c.o)
 .debug_abbrev  0x000013cf      0x162 D:\OneDrive\01 Eisenbahn\00 Decoder develop\CAN_Lib\libArduinoCore.a(wiring_digital.c.o)
 .debug_abbrev  0x00001531      0x109 D:\OneDrive\01 Eisenbahn\00 Decoder develop\CAN_Lib\libArduinoCore.a(main.cpp.o)
 .debug_abbrev  0x0000163a      0x143 D:\OneDrive\01 Eisenbahn\00 Decoder develop\CAN_Lib\libArduinoCore.a(wiring.c.o)
 .debug_abbrev  0x0000177d       0x14 C:/Program Files (x86)/Atmel/Studio/7.0/Packs/atmel/ATmega_DFP/1.1.130/gcc/dev/atmega328p/avr5\libatmega328p.a(eerd_byte.o)
 .debug_abbrev  0x00001791       0x14 C:/Program Files (x86)/Atmel/Studio/7.0/Packs/atmel/ATmega_DFP/1.1.130/gcc/dev/atmega328p/avr5\libatmega328p.a(eeupd_byte.o)

.debug_line     0x00000000     0x1fcc
 *(.debug_line .debug_line.* .debug_line_end)
 .debug_line    0x00000000      0x133 C:/Program Files (x86)/Atmel/Studio/7.0/Packs/atmel/ATmega_DFP/1.1.130/gcc/dev/atmega328p/avr5/crtatmega328p.o
 .debug_line    0x00000133      0xdd2 CAN_MCP2515.o
 .debug_line    0x00000f05      0x22a ownCAN.o
 .debug_line    0x0000112f      0x31e SPI.o
 .debug_line    0x0000144d      0x3d2 main.o
 .debug_line    0x0000181f      0x191 D:\OneDrive\01 Eisenbahn\00 Decoder develop\CAN_Lib\libArduinoCore.a(WInterrupts.c.o)
 .debug_line    0x000019b0      0x196 D:\OneDrive\01 Eisenbahn\00 Decoder develop\CAN_Lib\libArduinoCore.a(wiring_digital.c.o)
 .debug_line    0x00001b46      0x183 D:\OneDrive\01 Eisenbahn\00 Decoder develop\CAN_Lib\libArduinoCore.a(main.cpp.o)
 .debug_line    0x00001cc9      0x1d3 D:\OneDrive\01 Eisenbahn\00 Decoder develop\CAN_Lib\libArduinoCore.a(wiring.c.o)
 .debug_line    0x00001e9c       0x7a C:/Program Files (x86)/Atmel/Studio/7.0/Packs/atmel/ATmega_DFP/1.1.130/gcc/dev/atmega328p/avr5\libatmega328p.a(eerd_byte.o)
 .debug_line    0x00001f16       0xb6 C:/Program Files (x86)/Atmel/Studio/7.0/Packs/atmel/ATmega_DFP/1.1.130/gcc/dev/atmega328p/avr5\libatmega328p.a(eeupd_byte.o)

.debug_frame    0x00000000      0x808
 *(.debug_frame)
 .debug_frame   0x00000000      0x3e8 CAN_MCP2515.o
 .debug_frame   0x000003e8       0x8c ownCAN.o
 .debug_frame   0x00000474       0x5c SPI.o
 .debug_frame   0x000004d0       0xa4 main.o
 .debug_frame   0x00000574       0xf4 D:\OneDrive\01 Eisenbahn\00 Decoder develop\CAN_Lib\libArduinoCore.a(WInterrupts.c.o)
 .debug_frame   0x00000668       0x88 D:\OneDrive\01 Eisenbahn\00 Decoder develop\CAN_Lib\libArduinoCore.a(wiring_digital.c.o)
 .debug_frame   0x000006f0       0x54 D:\OneDrive\01 Eisenbahn\00 Decoder develop\CAN_Lib\libArduinoCore.a(main.cpp.o)
 .debug_frame   0x00000744       0xc4 D:\OneDrive\01 Eisenbahn\00 Decoder develop\CAN_Lib\libArduinoCore.a(wiring.c.o)

.debug_str      0x00000000     0x1405
 *(.debug_str)
 .debug_str     0x00000000      0x208 C:/Program Files (x86)/Atmel/Studio/7.0/Packs/atmel/ATmega_DFP/1.1.130/gcc/dev/atmega328p/avr5/crtatmega328p.o
 .debug_str     0x00000208      0xafa CAN_MCP2515.o
                                0xb79 (size before relaxing)
 .debug_str     0x00000d02       0xd4 ownCAN.o
                                0x37c (size before relaxing)
 .debug_str     0x00000dd6       0xf9 SPI.o
                                0x61b (size before relaxing)
 .debug_str     0x00000ecf      0x164 main.o
                                0x47f (size before relaxing)
 .debug_str     0x00001033       0xf1 D:\OneDrive\01 Eisenbahn\00 Decoder develop\CAN_Lib\libArduinoCore.a(WInterrupts.c.o)
                                0x19d (size before relaxing)
 .debug_str     0x00001124       0xb6 D:\OneDrive\01 Eisenbahn\00 Decoder develop\CAN_Lib\libArduinoCore.a(wiring_digital.c.o)
                                0x215 (size before relaxing)
 .debug_str     0x000011da      0x178 D:\OneDrive\01 Eisenbahn\00 Decoder develop\CAN_Lib\libArduinoCore.a(main.cpp.o)
                                0x25c (size before relaxing)
 .debug_str     0x00001352       0xb3 D:\OneDrive\01 Eisenbahn\00 Decoder develop\CAN_Lib\libArduinoCore.a(wiring.c.o)
                                0x1b0 (size before relaxing)

.debug_loc      0x00000000     0x280b
 *(.debug_loc)
 .debug_loc     0x00000000     0x18c2 CAN_MCP2515.o
 .debug_loc     0x000018c2      0x1ee ownCAN.o
 .debug_loc     0x00001ab0      0x1e4 SPI.o
 .debug_loc     0x00001c94       0xfe main.o
 .debug_loc     0x00001d92      0x217 D:\OneDrive\01 Eisenbahn\00 Decoder develop\CAN_Lib\libArduinoCore.a(WInterrupts.c.o)
 .debug_loc     0x00001fa9      0x617 D:\OneDrive\01 Eisenbahn\00 Decoder develop\CAN_Lib\libArduinoCore.a(wiring_digital.c.o)
 .debug_loc     0x000025c0      0x24b D:\OneDrive\01 Eisenbahn\00 Decoder develop\CAN_Lib\libArduinoCore.a(wiring.c.o)

.debug_macinfo
 *(.debug_macinfo)

.debug_weaknames
 *(.debug_weaknames)

.debug_funcnames
 *(.debug_funcnames)

.debug_typenames
 *(.debug_typenames)

.debug_varnames
 *(.debug_varnames)

.debug_pubtypes
 *(.debug_pubtypes)

.debug_ranges   0x00000000      0x258
 *(.debug_ranges)
 .debug_ranges  0x00000000       0xf8 CAN_MCP2515.o
 .debug_ranges  0x000000f8       0x30 ownCAN.o
 .debug_ranges  0x00000128       0x28 SPI.o
 .debug_ranges  0x00000150       0x38 main.o
 .debug_ranges  0x00000188       0x30 D:\OneDrive\01 Eisenbahn\00 Decoder develop\CAN_Lib\libArduinoCore.a(WInterrupts.c.o)
 .debug_ranges  0x000001b8       0x40 D:\OneDrive\01 Eisenbahn\00 Decoder develop\CAN_Lib\libArduinoCore.a(wiring_digital.c.o)
 .debug_ranges  0x000001f8       0x28 D:\OneDrive\01 Eisenbahn\00 Decoder develop\CAN_Lib\libArduinoCore.a(main.cpp.o)
 .debug_ranges  0x00000220       0x38 D:\OneDrive\01 Eisenbahn\00 Decoder develop\CAN_Lib\libArduinoCore.a(wiring.c.o)

.debug_macro
 *(.debug_macro)
OUTPUT(NanoBase.elf elf32-avr)
LOAD linker stubs
