Archive member included to satisfy reference by file (symbol)

D:\OneDrive\01 Eisenbahn\00 Decoder develop\CAN_Lib\libArduinoCore.a(WInterrupts.c.o)
                              main.o (attachInterrupt)
D:\OneDrive\01 Eisenbahn\00 Decoder develop\CAN_Lib\libArduinoCore.a(wiring_digital.c.o)
                              CAN_MCP2515.o (pinMode)
D:\OneDrive\01 Eisenbahn\00 Decoder develop\CAN_Lib\libArduinoCore.a(HardwareSerial.cpp.o)
                              main.o (_ZN14HardwareSerial5beginEmh)
D:\OneDrive\01 Eisenbahn\00 Decoder develop\CAN_Lib\libArduinoCore.a(HardwareSerial0.cpp.o)
                              main.o (Serial)
D:\OneDrive\01 Eisenbahn\00 Decoder develop\CAN_Lib\libArduinoCore.a(Print.cpp.o)
                              D:\OneDrive\01 Eisenbahn\00 Decoder develop\CAN_Lib\libArduinoCore.a(HardwareSerial.cpp.o) (_ZN5Print5writeEPKhj)
D:\OneDrive\01 Eisenbahn\00 Decoder develop\CAN_Lib\libArduinoCore.a(abi.cpp.o)
                              D:\OneDrive\01 Eisenbahn\00 Decoder develop\CAN_Lib\libArduinoCore.a(Print.cpp.o) (__cxa_pure_virtual)
D:\OneDrive\01 Eisenbahn\00 Decoder develop\CAN_Lib\libArduinoCore.a(main.cpp.o)
                              C:/Program Files (x86)/Atmel/Studio/7.0/Packs/atmel/ATmega_DFP/1.1.130/gcc/dev/atmega328p/avr5/crtatmega328p.o (main)
D:\OneDrive\01 Eisenbahn\00 Decoder develop\CAN_Lib\libArduinoCore.a(wiring.c.o)
                              D:\OneDrive\01 Eisenbahn\00 Decoder develop\CAN_Lib\libArduinoCore.a(main.cpp.o) (init)
D:\OneDrive\01 Eisenbahn\00 Decoder develop\CAN_Lib\libArduinoCore.a(hooks.c.o)
                              D:\OneDrive\01 Eisenbahn\00 Decoder develop\CAN_Lib\libArduinoCore.a(wiring.c.o) (yield)
c:/program files (x86)/atmel/studio/7.0/toolchain/avr8/avr8-gnu-toolchain/bin/../lib/gcc/avr/4.9.2/../../../../avr/lib/avr5\libm.a(addsf3.o)
                              D:\OneDrive\01 Eisenbahn\00 Decoder develop\CAN_Lib\libArduinoCore.a(Print.cpp.o) (__subsf3)
c:/program files (x86)/atmel/studio/7.0/toolchain/avr8/avr8-gnu-toolchain/bin/../lib/gcc/avr/4.9.2/../../../../avr/lib/avr5\libm.a(addsf3x.o)
                              c:/program files (x86)/atmel/studio/7.0/toolchain/avr8/avr8-gnu-toolchain/bin/../lib/gcc/avr/4.9.2/../../../../avr/lib/avr5\libm.a(addsf3.o) (__addsf3x)
c:/program files (x86)/atmel/studio/7.0/toolchain/avr8/avr8-gnu-toolchain/bin/../lib/gcc/avr/4.9.2/../../../../avr/lib/avr5\libm.a(cmpsf2.o)
                              D:\OneDrive\01 Eisenbahn\00 Decoder develop\CAN_Lib\libArduinoCore.a(Print.cpp.o) (__ltsf2)
c:/program files (x86)/atmel/studio/7.0/toolchain/avr8/avr8-gnu-toolchain/bin/../lib/gcc/avr/4.9.2/../../../../avr/lib/avr5\libm.a(divsf3.o)
                              D:\OneDrive\01 Eisenbahn\00 Decoder develop\CAN_Lib\libArduinoCore.a(Print.cpp.o) (__divsf3)
c:/program files (x86)/atmel/studio/7.0/toolchain/avr8/avr8-gnu-toolchain/bin/../lib/gcc/avr/4.9.2/../../../../avr/lib/avr5\libm.a(divsf3x.o)
                              c:/program files (x86)/atmel/studio/7.0/toolchain/avr8/avr8-gnu-toolchain/bin/../lib/gcc/avr/4.9.2/../../../../avr/lib/avr5\libm.a(divsf3.o) (__divsf3x)
c:/program files (x86)/atmel/studio/7.0/toolchain/avr8/avr8-gnu-toolchain/bin/../lib/gcc/avr/4.9.2/../../../../avr/lib/avr5\libm.a(fixsfsi.o)
                              D:\OneDrive\01 Eisenbahn\00 Decoder develop\CAN_Lib\libArduinoCore.a(Print.cpp.o) (__fixsfsi)
c:/program files (x86)/atmel/studio/7.0/toolchain/avr8/avr8-gnu-toolchain/bin/../lib/gcc/avr/4.9.2/../../../../avr/lib/avr5\libm.a(fixunssfsi.o)
                              D:\OneDrive\01 Eisenbahn\00 Decoder develop\CAN_Lib\libArduinoCore.a(Print.cpp.o) (__fixunssfsi)
c:/program files (x86)/atmel/studio/7.0/toolchain/avr8/avr8-gnu-toolchain/bin/../lib/gcc/avr/4.9.2/../../../../avr/lib/avr5\libm.a(floatsisf.o)
                              D:\OneDrive\01 Eisenbahn\00 Decoder develop\CAN_Lib\libArduinoCore.a(Print.cpp.o) (__floatunsisf)
c:/program files (x86)/atmel/studio/7.0/toolchain/avr8/avr8-gnu-toolchain/bin/../lib/gcc/avr/4.9.2/../../../../avr/lib/avr5\libm.a(fp_cmp.o)
                              c:/program files (x86)/atmel/studio/7.0/toolchain/avr8/avr8-gnu-toolchain/bin/../lib/gcc/avr/4.9.2/../../../../avr/lib/avr5\libm.a(cmpsf2.o) (__fp_cmp)
c:/program files (x86)/atmel/studio/7.0/toolchain/avr8/avr8-gnu-toolchain/bin/../lib/gcc/avr/4.9.2/../../../../avr/lib/avr5\libm.a(fp_inf.o)
                              c:/program files (x86)/atmel/studio/7.0/toolchain/avr8/avr8-gnu-toolchain/bin/../lib/gcc/avr/4.9.2/../../../../avr/lib/avr5\libm.a(addsf3x.o) (__fp_inf)
c:/program files (x86)/atmel/studio/7.0/toolchain/avr8/avr8-gnu-toolchain/bin/../lib/gcc/avr/4.9.2/../../../../avr/lib/avr5\libm.a(fp_nan.o)
                              c:/program files (x86)/atmel/studio/7.0/toolchain/avr8/avr8-gnu-toolchain/bin/../lib/gcc/avr/4.9.2/../../../../avr/lib/avr5\libm.a(addsf3x.o) (__fp_nan)
c:/program files (x86)/atmel/studio/7.0/toolchain/avr8/avr8-gnu-toolchain/bin/../lib/gcc/avr/4.9.2/../../../../avr/lib/avr5\libm.a(fp_pscA.o)
                              c:/program files (x86)/atmel/studio/7.0/toolchain/avr8/avr8-gnu-toolchain/bin/../lib/gcc/avr/4.9.2/../../../../avr/lib/avr5\libm.a(addsf3x.o) (__fp_pscA)
c:/program files (x86)/atmel/studio/7.0/toolchain/avr8/avr8-gnu-toolchain/bin/../lib/gcc/avr/4.9.2/../../../../avr/lib/avr5\libm.a(fp_pscB.o)
                              c:/program files (x86)/atmel/studio/7.0/toolchain/avr8/avr8-gnu-toolchain/bin/../lib/gcc/avr/4.9.2/../../../../avr/lib/avr5\libm.a(addsf3x.o) (__fp_pscB)
c:/program files (x86)/atmel/studio/7.0/toolchain/avr8/avr8-gnu-toolchain/bin/../lib/gcc/avr/4.9.2/../../../../avr/lib/avr5\libm.a(fp_round.o)
                              c:/program files (x86)/atmel/studio/7.0/toolchain/avr8/avr8-gnu-toolchain/bin/../lib/gcc/avr/4.9.2/../../../../avr/lib/avr5\libm.a(addsf3.o) (__fp_round)
c:/program files (x86)/atmel/studio/7.0/toolchain/avr8/avr8-gnu-toolchain/bin/../lib/gcc/avr/4.9.2/../../../../avr/lib/avr5\libm.a(fp_split3.o)
                              c:/program files (x86)/atmel/studio/7.0/toolchain/avr8/avr8-gnu-toolchain/bin/../lib/gcc/avr/4.9.2/../../../../avr/lib/avr5\libm.a(addsf3x.o) (__fp_split3)
c:/program files (x86)/atmel/studio/7.0/toolchain/avr8/avr8-gnu-toolchain/bin/../lib/gcc/avr/4.9.2/../../../../avr/lib/avr5\libm.a(fp_zero.o)
                              c:/program files (x86)/atmel/studio/7.0/toolchain/avr8/avr8-gnu-toolchain/bin/../lib/gcc/avr/4.9.2/../../../../avr/lib/avr5\libm.a(addsf3x.o) (__fp_zero)
c:/program files (x86)/atmel/studio/7.0/toolchain/avr8/avr8-gnu-toolchain/bin/../lib/gcc/avr/4.9.2/../../../../avr/lib/avr5\libm.a(gesf2.o)
                              D:\OneDrive\01 Eisenbahn\00 Decoder develop\CAN_Lib\libArduinoCore.a(Print.cpp.o) (__gtsf2)
c:/program files (x86)/atmel/studio/7.0/toolchain/avr8/avr8-gnu-toolchain/bin/../lib/gcc/avr/4.9.2/../../../../avr/lib/avr5\libm.a(mulsf3.o)
                              D:\OneDrive\01 Eisenbahn\00 Decoder develop\CAN_Lib\libArduinoCore.a(Print.cpp.o) (__mulsf3)
c:/program files (x86)/atmel/studio/7.0/toolchain/avr8/avr8-gnu-toolchain/bin/../lib/gcc/avr/4.9.2/../../../../avr/lib/avr5\libm.a(mulsf3x.o)
                              c:/program files (x86)/atmel/studio/7.0/toolchain/avr8/avr8-gnu-toolchain/bin/../lib/gcc/avr/4.9.2/../../../../avr/lib/avr5\libm.a(mulsf3.o) (__mulsf3x)
c:/program files (x86)/atmel/studio/7.0/toolchain/avr8/avr8-gnu-toolchain/bin/../lib/gcc/avr/4.9.2/../../../../avr/lib/avr5\libm.a(unordsf2.o)
                              D:\OneDrive\01 Eisenbahn\00 Decoder develop\CAN_Lib\libArduinoCore.a(Print.cpp.o) (__unordsf2)
c:/program files (x86)/atmel/studio/7.0/toolchain/avr8/avr8-gnu-toolchain/bin/../lib/gcc/avr/4.9.2/avr5\libgcc.a(_divmodhi4.o)
                              ownCAN.o (__divmodhi4)
c:/program files (x86)/atmel/studio/7.0/toolchain/avr8/avr8-gnu-toolchain/bin/../lib/gcc/avr/4.9.2/avr5\libgcc.a(_udivmodsi4.o)
                              D:\OneDrive\01 Eisenbahn\00 Decoder develop\CAN_Lib\libArduinoCore.a(HardwareSerial.cpp.o) (__udivmodsi4)
c:/program files (x86)/atmel/studio/7.0/toolchain/avr8/avr8-gnu-toolchain/bin/../lib/gcc/avr/4.9.2/avr5\libgcc.a(_exit.o)
                              C:/Program Files (x86)/Atmel/Studio/7.0/Packs/atmel/ATmega_DFP/1.1.130/gcc/dev/atmega328p/avr5/crtatmega328p.o (exit)
c:/program files (x86)/atmel/studio/7.0/toolchain/avr8/avr8-gnu-toolchain/bin/../lib/gcc/avr/4.9.2/avr5\libgcc.a(_copy_data.o)
                              CAN_MCP2515.o (__do_copy_data)
c:/program files (x86)/atmel/studio/7.0/toolchain/avr8/avr8-gnu-toolchain/bin/../lib/gcc/avr/4.9.2/avr5\libgcc.a(_clear_bss.o)
                              CAN_MCP2515.o (__do_clear_bss)
c:/program files (x86)/atmel/studio/7.0/toolchain/avr8/avr8-gnu-toolchain/bin/../lib/gcc/avr/4.9.2/avr5\libgcc.a(_ctors.o)
                              CAN_MCP2515.o (__do_global_ctors)
c:/program files (x86)/atmel/studio/7.0/toolchain/avr8/avr8-gnu-toolchain/bin/../lib/gcc/avr/4.9.2/avr5\libgcc.a(_udivmodhi4.o)
                              c:/program files (x86)/atmel/studio/7.0/toolchain/avr8/avr8-gnu-toolchain/bin/../lib/gcc/avr/4.9.2/avr5\libgcc.a(_divmodhi4.o) (__udivmodhi4)
c:/program files (x86)/atmel/studio/7.0/toolchain/avr8/avr8-gnu-toolchain/bin/../lib/gcc/avr/4.9.2/avr5\libgcc.a(_tablejump2.o)
                              c:/program files (x86)/atmel/studio/7.0/toolchain/avr8/avr8-gnu-toolchain/bin/../lib/gcc/avr/4.9.2/avr5\libgcc.a(_ctors.o) (__tablejump2__)
c:/program files (x86)/atmel/studio/7.0/toolchain/avr8/avr8-gnu-toolchain/bin/../lib/gcc/avr/4.9.2/../../../../avr/lib/avr5\libc.a(abort.o)
                              D:\OneDrive\01 Eisenbahn\00 Decoder develop\CAN_Lib\libArduinoCore.a(abi.cpp.o) (abort)
C:/Program Files (x86)/Atmel/Studio/7.0/Packs/atmel/ATmega_DFP/1.1.130/gcc/dev/atmega328p/avr5\libatmega328p.a(eerd_byte.o)
                              main.o (eeprom_read_byte)
C:/Program Files (x86)/Atmel/Studio/7.0/Packs/atmel/ATmega_DFP/1.1.130/gcc/dev/atmega328p/avr5\libatmega328p.a(eeupd_byte.o)
                              main.o (eeprom_update_byte)

Discarded input sections

 .data          0x00000000        0x0 C:/Program Files (x86)/Atmel/Studio/7.0/Packs/atmel/ATmega_DFP/1.1.130/gcc/dev/atmega328p/avr5/crtatmega328p.o
 .bss           0x00000000        0x0 C:/Program Files (x86)/Atmel/Studio/7.0/Packs/atmel/ATmega_DFP/1.1.130/gcc/dev/atmega328p/avr5/crtatmega328p.o
 .text          0x00000000        0x0 CAN.o
 .data          0x00000000        0x0 CAN.o
 .bss           0x00000000        0x0 CAN.o
 .debug_info    0x00000000      0x14e CAN.o
 .debug_abbrev  0x00000000       0x70 CAN.o
 .debug_aranges
                0x00000000       0x18 CAN.o
 .debug_line    0x00000000      0x122 CAN.o
 .debug_str     0x00000000      0x20a CAN.o
 .comment       0x00000000       0x31 CAN.o
 .group         0x00000000        0x8 CAN_MCP2515.o
 .group         0x00000000        0x8 CAN_MCP2515.o
 .text          0x00000000        0x0 CAN_MCP2515.o
 .data          0x00000000        0x0 CAN_MCP2515.o
 .bss           0x00000000        0x0 CAN_MCP2515.o
 .text._ZN11CAN_MCP2515C2Ev
                0x00000000       0x14 CAN_MCP2515.o
 .text._ZN11CAN_MCP25154readEPmPhS1_
                0x00000000       0x86 CAN_MCP2515.o
 .text._ZN11CAN_MCP25155writeEmhhPh
                0x00000000       0x78 CAN_MCP2515.o
 .text._ZN11CAN_MCP251511readAddressEh
                0x00000000       0x4c CAN_MCP2515.o
 .text._ZN11CAN_MCP251512readRXStatusEv
                0x00000000       0x3e CAN_MCP2515.o
 .text._ZN11CAN_MCP25157getModeEv
                0x00000000        0xa CAN_MCP2515.o
 .text._ZN11CAN_MCP25157setMaskEhhhhh
                0x00000000       0x80 CAN_MCP2515.o
 .text._ZN11CAN_MCP25159setFilterEhhhhh
                0x00000000       0x80 CAN_MCP2515.o
 .text._ZN11CAN_MCP251513enableRTSPinsEv
                0x00000000       0x24 CAN_MCP2515.o
 .text._ZN11CAN_MCP251513setInterruptsEhh
                0x00000000        0xc CAN_MCP2515.o
 .text          0x00000000        0x0 ownCAN.o
 .data          0x00000000        0x0 ownCAN.o
 .bss           0x00000000        0x0 ownCAN.o
 .text._Z13highbyte2chari
                0x00000000        0xe ownCAN.o
 .text._Z12lowbyte2chari
                0x00000000        0xc ownCAN.o
 .text          0x00000000        0x0 SPI.o
 .data          0x00000000        0x0 SPI.o
 .bss           0x00000000        0x0 SPI.o
 .text._ZN8SPIClass14usingInterruptEh
                0x00000000       0x38 SPI.o
 .text._ZN8SPIClass17notUsingInterruptEh
                0x00000000       0x38 SPI.o
 .bss._ZN8SPIClass13interruptSaveE
                0x00000000        0x1 SPI.o
 .bss._ZN8SPIClass13interruptMaskE
                0x00000000        0x1 SPI.o
 .bss.SPI       0x00000000        0x1 SPI.o
 .text          0x00000000        0x0 main.o
 .data          0x00000000        0x0 main.o
 .bss           0x00000000        0x0 main.o
 .text          0x00000000        0x0 pcf8574.o
 .data          0x00000000        0x0 pcf8574.o
 .bss           0x00000000        0x0 pcf8574.o
 .text._Z23pcf8574_setoutputpinlowhh
                0x00000000        0x8 pcf8574.o
 .text          0x00000000        0x0 twimaster.o
 .data          0x00000000        0x0 twimaster.o
 .bss           0x00000000        0x0 twimaster.o
 .text._Z14i2c_start_waith
                0x00000000       0x50 twimaster.o
 .text._Z13i2c_rep_starth
                0x00000000        0x6 twimaster.o
 .text._Z11i2c_readAckv
                0x00000000       0x16 twimaster.o
 .text          0x00000000        0x0 D:\OneDrive\01 Eisenbahn\00 Decoder develop\CAN_Lib\libArduinoCore.a(WInterrupts.c.o)
 .data          0x00000000        0x0 D:\OneDrive\01 Eisenbahn\00 Decoder develop\CAN_Lib\libArduinoCore.a(WInterrupts.c.o)
 .bss           0x00000000        0x0 D:\OneDrive\01 Eisenbahn\00 Decoder develop\CAN_Lib\libArduinoCore.a(WInterrupts.c.o)
 .text.detachInterrupt
                0x00000000       0x24 D:\OneDrive\01 Eisenbahn\00 Decoder develop\CAN_Lib\libArduinoCore.a(WInterrupts.c.o)
 .text          0x00000000        0x0 D:\OneDrive\01 Eisenbahn\00 Decoder develop\CAN_Lib\libArduinoCore.a(wiring_digital.c.o)
 .data          0x00000000        0x0 D:\OneDrive\01 Eisenbahn\00 Decoder develop\CAN_Lib\libArduinoCore.a(wiring_digital.c.o)
 .bss           0x00000000        0x0 D:\OneDrive\01 Eisenbahn\00 Decoder develop\CAN_Lib\libArduinoCore.a(wiring_digital.c.o)
 .text.digitalRead
                0x00000000       0x52 D:\OneDrive\01 Eisenbahn\00 Decoder develop\CAN_Lib\libArduinoCore.a(wiring_digital.c.o)
 .progmem.data.port_to_input_PGM
                0x00000000        0xa D:\OneDrive\01 Eisenbahn\00 Decoder develop\CAN_Lib\libArduinoCore.a(wiring_digital.c.o)
 .group         0x00000000        0x8 D:\OneDrive\01 Eisenbahn\00 Decoder develop\CAN_Lib\libArduinoCore.a(HardwareSerial.cpp.o)
 .text          0x00000000        0x0 D:\OneDrive\01 Eisenbahn\00 Decoder develop\CAN_Lib\libArduinoCore.a(HardwareSerial.cpp.o)
 .data          0x00000000        0x0 D:\OneDrive\01 Eisenbahn\00 Decoder develop\CAN_Lib\libArduinoCore.a(HardwareSerial.cpp.o)
 .bss           0x00000000        0x0 D:\OneDrive\01 Eisenbahn\00 Decoder develop\CAN_Lib\libArduinoCore.a(HardwareSerial.cpp.o)
 .text._ZN14HardwareSerial3endEv
                0x00000000       0x44 D:\OneDrive\01 Eisenbahn\00 Decoder develop\CAN_Lib\libArduinoCore.a(HardwareSerial.cpp.o)
 .text._ZN14HardwareSerial17availableForWriteEv
                0x00000000       0x1e D:\OneDrive\01 Eisenbahn\00 Decoder develop\CAN_Lib\libArduinoCore.a(HardwareSerial.cpp.o)
 .text          0x00000000        0x0 D:\OneDrive\01 Eisenbahn\00 Decoder develop\CAN_Lib\libArduinoCore.a(HardwareSerial0.cpp.o)
 .data          0x00000000        0x0 D:\OneDrive\01 Eisenbahn\00 Decoder develop\CAN_Lib\libArduinoCore.a(HardwareSerial0.cpp.o)
 .bss           0x00000000        0x0 D:\OneDrive\01 Eisenbahn\00 Decoder develop\CAN_Lib\libArduinoCore.a(HardwareSerial0.cpp.o)
 .group         0x00000000        0x8 D:\OneDrive\01 Eisenbahn\00 Decoder develop\CAN_Lib\libArduinoCore.a(Print.cpp.o)
 .group         0x00000000        0x8 D:\OneDrive\01 Eisenbahn\00 Decoder develop\CAN_Lib\libArduinoCore.a(Print.cpp.o)
 .text          0x00000000        0x0 D:\OneDrive\01 Eisenbahn\00 Decoder develop\CAN_Lib\libArduinoCore.a(Print.cpp.o)
 .data          0x00000000        0x0 D:\OneDrive\01 Eisenbahn\00 Decoder develop\CAN_Lib\libArduinoCore.a(Print.cpp.o)
 .bss           0x00000000        0x0 D:\OneDrive\01 Eisenbahn\00 Decoder develop\CAN_Lib\libArduinoCore.a(Print.cpp.o)
 .text._ZN5Print5printEPK19__FlashStringHelper
                0x00000000       0x46 D:\OneDrive\01 Eisenbahn\00 Decoder develop\CAN_Lib\libArduinoCore.a(Print.cpp.o)
 .text._ZN5Print5printERK6String
                0x00000000       0x1c D:\OneDrive\01 Eisenbahn\00 Decoder develop\CAN_Lib\libArduinoCore.a(Print.cpp.o)
 .text._ZN5Print5printEPKc
                0x00000000        0x4 D:\OneDrive\01 Eisenbahn\00 Decoder develop\CAN_Lib\libArduinoCore.a(Print.cpp.o)
 .text._ZN5Print5printERK9Printable
                0x00000000       0x14 D:\OneDrive\01 Eisenbahn\00 Decoder develop\CAN_Lib\libArduinoCore.a(Print.cpp.o)
 .rodata.str1.1
                0x00000000       0x11 D:\OneDrive\01 Eisenbahn\00 Decoder develop\CAN_Lib\libArduinoCore.a(Print.cpp.o)
 .text._ZN5Print7printlnEv
                0x00000000        0x8 D:\OneDrive\01 Eisenbahn\00 Decoder develop\CAN_Lib\libArduinoCore.a(Print.cpp.o)
 .text._ZN5Print7printlnEPK19__FlashStringHelper
                0x00000000       0x24 D:\OneDrive\01 Eisenbahn\00 Decoder develop\CAN_Lib\libArduinoCore.a(Print.cpp.o)
 .text._ZN5Print7printlnERK6String
                0x00000000       0x24 D:\OneDrive\01 Eisenbahn\00 Decoder develop\CAN_Lib\libArduinoCore.a(Print.cpp.o)
 .text._ZN5Print7printlnEPKc
                0x00000000       0x24 D:\OneDrive\01 Eisenbahn\00 Decoder develop\CAN_Lib\libArduinoCore.a(Print.cpp.o)
 .text._ZN5Print7printlnEc
                0x00000000       0x24 D:\OneDrive\01 Eisenbahn\00 Decoder develop\CAN_Lib\libArduinoCore.a(Print.cpp.o)
 .text._ZN5Print7printlnERK9Printable
                0x00000000       0x24 D:\OneDrive\01 Eisenbahn\00 Decoder develop\CAN_Lib\libArduinoCore.a(Print.cpp.o)
 .text._ZN5Print7printlnEii
                0x00000000       0x30 D:\OneDrive\01 Eisenbahn\00 Decoder develop\CAN_Lib\libArduinoCore.a(Print.cpp.o)
 .text._ZN5Print7printlnEli
                0x00000000       0x24 D:\OneDrive\01 Eisenbahn\00 Decoder develop\CAN_Lib\libArduinoCore.a(Print.cpp.o)
 .text._ZN5Print7printlnEhi
                0x00000000       0x2e D:\OneDrive\01 Eisenbahn\00 Decoder develop\CAN_Lib\libArduinoCore.a(Print.cpp.o)
 .text._ZN5Print5printEji
                0x00000000        0xc D:\OneDrive\01 Eisenbahn\00 Decoder develop\CAN_Lib\libArduinoCore.a(Print.cpp.o)
 .text._ZN5Print7printlnEji
                0x00000000       0x2c D:\OneDrive\01 Eisenbahn\00 Decoder develop\CAN_Lib\libArduinoCore.a(Print.cpp.o)
 .text._ZN5Print7printlnEmi
                0x00000000       0x24 D:\OneDrive\01 Eisenbahn\00 Decoder develop\CAN_Lib\libArduinoCore.a(Print.cpp.o)
 .text._ZN5Print10printFloatEdh
                0x00000000      0x1d6 D:\OneDrive\01 Eisenbahn\00 Decoder develop\CAN_Lib\libArduinoCore.a(Print.cpp.o)
 .text._ZN5Print5printEdi
                0x00000000        0x4 D:\OneDrive\01 Eisenbahn\00 Decoder develop\CAN_Lib\libArduinoCore.a(Print.cpp.o)
 .text._ZN5Print7printlnEdi
                0x00000000       0x24 D:\OneDrive\01 Eisenbahn\00 Decoder develop\CAN_Lib\libArduinoCore.a(Print.cpp.o)
 .rodata._ZTV5Print
                0x00000000        0x8 D:\OneDrive\01 Eisenbahn\00 Decoder develop\CAN_Lib\libArduinoCore.a(Print.cpp.o)
 .text          0x00000000        0x0 D:\OneDrive\01 Eisenbahn\00 Decoder develop\CAN_Lib\libArduinoCore.a(abi.cpp.o)
 .data          0x00000000        0x0 D:\OneDrive\01 Eisenbahn\00 Decoder develop\CAN_Lib\libArduinoCore.a(abi.cpp.o)
 .bss           0x00000000        0x0 D:\OneDrive\01 Eisenbahn\00 Decoder develop\CAN_Lib\libArduinoCore.a(abi.cpp.o)
 .text.__cxa_pure_virtual
                0x00000000        0x4 D:\OneDrive\01 Eisenbahn\00 Decoder develop\CAN_Lib\libArduinoCore.a(abi.cpp.o)
 .text.__cxa_deleted_virtual
                0x00000000        0x4 D:\OneDrive\01 Eisenbahn\00 Decoder develop\CAN_Lib\libArduinoCore.a(abi.cpp.o)
 .debug_info    0x00000000       0x8a D:\OneDrive\01 Eisenbahn\00 Decoder develop\CAN_Lib\libArduinoCore.a(abi.cpp.o)
 .debug_abbrev  0x00000000       0x5c D:\OneDrive\01 Eisenbahn\00 Decoder develop\CAN_Lib\libArduinoCore.a(abi.cpp.o)
 .debug_aranges
                0x00000000       0x28 D:\OneDrive\01 Eisenbahn\00 Decoder develop\CAN_Lib\libArduinoCore.a(abi.cpp.o)
 .debug_ranges  0x00000000       0x18 D:\OneDrive\01 Eisenbahn\00 Decoder develop\CAN_Lib\libArduinoCore.a(abi.cpp.o)
 .debug_line    0x00000000       0xd4 D:\OneDrive\01 Eisenbahn\00 Decoder develop\CAN_Lib\libArduinoCore.a(abi.cpp.o)
 .debug_str     0x00000000      0x12e D:\OneDrive\01 Eisenbahn\00 Decoder develop\CAN_Lib\libArduinoCore.a(abi.cpp.o)
 .comment       0x00000000       0x12 D:\OneDrive\01 Eisenbahn\00 Decoder develop\CAN_Lib\libArduinoCore.a(abi.cpp.o)
 .debug_frame   0x00000000       0x34 D:\OneDrive\01 Eisenbahn\00 Decoder develop\CAN_Lib\libArduinoCore.a(abi.cpp.o)
 .text          0x00000000        0x0 D:\OneDrive\01 Eisenbahn\00 Decoder develop\CAN_Lib\libArduinoCore.a(main.cpp.o)
 .data          0x00000000        0x0 D:\OneDrive\01 Eisenbahn\00 Decoder develop\CAN_Lib\libArduinoCore.a(main.cpp.o)
 .bss           0x00000000        0x0 D:\OneDrive\01 Eisenbahn\00 Decoder develop\CAN_Lib\libArduinoCore.a(main.cpp.o)
 .text.atexit   0x00000000        0x6 D:\OneDrive\01 Eisenbahn\00 Decoder develop\CAN_Lib\libArduinoCore.a(main.cpp.o)
 .text._Z8setupUSBv
                0x00000000        0x2 D:\OneDrive\01 Eisenbahn\00 Decoder develop\CAN_Lib\libArduinoCore.a(main.cpp.o)
 .text          0x00000000        0x0 D:\OneDrive\01 Eisenbahn\00 Decoder develop\CAN_Lib\libArduinoCore.a(wiring.c.o)
 .data          0x00000000        0x0 D:\OneDrive\01 Eisenbahn\00 Decoder develop\CAN_Lib\libArduinoCore.a(wiring.c.o)
 .bss           0x00000000        0x0 D:\OneDrive\01 Eisenbahn\00 Decoder develop\CAN_Lib\libArduinoCore.a(wiring.c.o)
 .text.millis   0x00000000       0x18 D:\OneDrive\01 Eisenbahn\00 Decoder develop\CAN_Lib\libArduinoCore.a(wiring.c.o)
 .text.micros   0x00000000       0x46 D:\OneDrive\01 Eisenbahn\00 Decoder develop\CAN_Lib\libArduinoCore.a(wiring.c.o)
 .text.delay    0x00000000       0x74 D:\OneDrive\01 Eisenbahn\00 Decoder develop\CAN_Lib\libArduinoCore.a(wiring.c.o)
 .text.delayMicroseconds
                0x00000000       0x16 D:\OneDrive\01 Eisenbahn\00 Decoder develop\CAN_Lib\libArduinoCore.a(wiring.c.o)
 .text          0x00000000        0x0 D:\OneDrive\01 Eisenbahn\00 Decoder develop\CAN_Lib\libArduinoCore.a(hooks.c.o)
 .data          0x00000000        0x0 D:\OneDrive\01 Eisenbahn\00 Decoder develop\CAN_Lib\libArduinoCore.a(hooks.c.o)
 .bss           0x00000000        0x0 D:\OneDrive\01 Eisenbahn\00 Decoder develop\CAN_Lib\libArduinoCore.a(hooks.c.o)
 .text.__empty  0x00000000        0x2 D:\OneDrive\01 Eisenbahn\00 Decoder develop\CAN_Lib\libArduinoCore.a(hooks.c.o)
 .debug_info    0x00000000       0x3a D:\OneDrive\01 Eisenbahn\00 Decoder develop\CAN_Lib\libArduinoCore.a(hooks.c.o)
 .debug_abbrev  0x00000000       0x28 D:\OneDrive\01 Eisenbahn\00 Decoder develop\CAN_Lib\libArduinoCore.a(hooks.c.o)
 .debug_aranges
                0x00000000       0x20 D:\OneDrive\01 Eisenbahn\00 Decoder develop\CAN_Lib\libArduinoCore.a(hooks.c.o)
 .debug_ranges  0x00000000       0x10 D:\OneDrive\01 Eisenbahn\00 Decoder develop\CAN_Lib\libArduinoCore.a(hooks.c.o)
 .debug_line    0x00000000       0x79 D:\OneDrive\01 Eisenbahn\00 Decoder develop\CAN_Lib\libArduinoCore.a(hooks.c.o)
 .debug_str     0x00000000       0xa5 D:\OneDrive\01 Eisenbahn\00 Decoder develop\CAN_Lib\libArduinoCore.a(hooks.c.o)
 .comment       0x00000000       0x12 D:\OneDrive\01 Eisenbahn\00 Decoder develop\CAN_Lib\libArduinoCore.a(hooks.c.o)
 .debug_frame   0x00000000       0x24 D:\OneDrive\01 Eisenbahn\00 Decoder develop\CAN_Lib\libArduinoCore.a(hooks.c.o)
 .text          0x00000000        0x0 c:/program files (x86)/atmel/studio/7.0/toolchain/avr8/avr8-gnu-toolchain/bin/../lib/gcc/avr/4.9.2/../../../../avr/lib/avr5\libm.a(addsf3.o)
 .data          0x00000000        0x0 c:/program files (x86)/atmel/studio/7.0/toolchain/avr8/avr8-gnu-toolchain/bin/../lib/gcc/avr/4.9.2/../../../../avr/lib/avr5\libm.a(addsf3.o)
 .bss           0x00000000        0x0 c:/program files (x86)/atmel/studio/7.0/toolchain/avr8/avr8-gnu-toolchain/bin/../lib/gcc/avr/4.9.2/../../../../avr/lib/avr5\libm.a(addsf3.o)
 .text.avr-libc.fplib
                0x00000000        0xe c:/program files (x86)/atmel/studio/7.0/toolchain/avr8/avr8-gnu-toolchain/bin/../lib/gcc/avr/4.9.2/../../../../avr/lib/avr5\libm.a(addsf3.o)
 .text          0x00000000        0x0 c:/program files (x86)/atmel/studio/7.0/toolchain/avr8/avr8-gnu-toolchain/bin/../lib/gcc/avr/4.9.2/../../../../avr/lib/avr5\libm.a(addsf3x.o)
 .data          0x00000000        0x0 c:/program files (x86)/atmel/studio/7.0/toolchain/avr8/avr8-gnu-toolchain/bin/../lib/gcc/avr/4.9.2/../../../../avr/lib/avr5\libm.a(addsf3x.o)
 .bss           0x00000000        0x0 c:/program files (x86)/atmel/studio/7.0/toolchain/avr8/avr8-gnu-toolchain/bin/../lib/gcc/avr/4.9.2/../../../../avr/lib/avr5\libm.a(addsf3x.o)
 .text.avr-libc.fplib
                0x00000000       0xcc c:/program files (x86)/atmel/studio/7.0/toolchain/avr8/avr8-gnu-toolchain/bin/../lib/gcc/avr/4.9.2/../../../../avr/lib/avr5\libm.a(addsf3x.o)
 .text          0x00000000        0x0 c:/program files (x86)/atmel/studio/7.0/toolchain/avr8/avr8-gnu-toolchain/bin/../lib/gcc/avr/4.9.2/../../../../avr/lib/avr5\libm.a(cmpsf2.o)
 .data          0x00000000        0x0 c:/program files (x86)/atmel/studio/7.0/toolchain/avr8/avr8-gnu-toolchain/bin/../lib/gcc/avr/4.9.2/../../../../avr/lib/avr5\libm.a(cmpsf2.o)
 .bss           0x00000000        0x0 c:/program files (x86)/atmel/studio/7.0/toolchain/avr8/avr8-gnu-toolchain/bin/../lib/gcc/avr/4.9.2/../../../../avr/lib/avr5\libm.a(cmpsf2.o)
 .text.avr-libc.fplib
                0x00000000        0xa c:/program files (x86)/atmel/studio/7.0/toolchain/avr8/avr8-gnu-toolchain/bin/../lib/gcc/avr/4.9.2/../../../../avr/lib/avr5\libm.a(cmpsf2.o)
 .text          0x00000000        0x0 c:/program files (x86)/atmel/studio/7.0/toolchain/avr8/avr8-gnu-toolchain/bin/../lib/gcc/avr/4.9.2/../../../../avr/lib/avr5\libm.a(divsf3.o)
 .data          0x00000000        0x0 c:/program files (x86)/atmel/studio/7.0/toolchain/avr8/avr8-gnu-toolchain/bin/../lib/gcc/avr/4.9.2/../../../../avr/lib/avr5\libm.a(divsf3.o)
 .bss           0x00000000        0x0 c:/program files (x86)/atmel/studio/7.0/toolchain/avr8/avr8-gnu-toolchain/bin/../lib/gcc/avr/4.9.2/../../../../avr/lib/avr5\libm.a(divsf3.o)
 .text.avr-libc.fplib
                0x00000000        0x8 c:/program files (x86)/atmel/studio/7.0/toolchain/avr8/avr8-gnu-toolchain/bin/../lib/gcc/avr/4.9.2/../../../../avr/lib/avr5\libm.a(divsf3.o)
 .text          0x00000000        0x0 c:/program files (x86)/atmel/studio/7.0/toolchain/avr8/avr8-gnu-toolchain/bin/../lib/gcc/avr/4.9.2/../../../../avr/lib/avr5\libm.a(divsf3x.o)
 .data          0x00000000        0x0 c:/program files (x86)/atmel/studio/7.0/toolchain/avr8/avr8-gnu-toolchain/bin/../lib/gcc/avr/4.9.2/../../../../avr/lib/avr5\libm.a(divsf3x.o)
 .bss           0x00000000        0x0 c:/program files (x86)/atmel/studio/7.0/toolchain/avr8/avr8-gnu-toolchain/bin/../lib/gcc/avr/4.9.2/../../../../avr/lib/avr5\libm.a(divsf3x.o)
 .text.avr-libc.fplib
                0x00000000       0xdc c:/program files (x86)/atmel/studio/7.0/toolchain/avr8/avr8-gnu-toolchain/bin/../lib/gcc/avr/4.9.2/../../../../avr/lib/avr5\libm.a(divsf3x.o)
 .text          0x00000000        0x0 c:/program files (x86)/atmel/studio/7.0/toolchain/avr8/avr8-gnu-toolchain/bin/../lib/gcc/avr/4.9.2/../../../../avr/lib/avr5\libm.a(fixsfsi.o)
 .data          0x00000000        0x0 c:/program files (x86)/atmel/studio/7.0/toolchain/avr8/avr8-gnu-toolchain/bin/../lib/gcc/avr/4.9.2/../../../../avr/lib/avr5\libm.a(fixsfsi.o)
 .bss           0x00000000        0x0 c:/program files (x86)/atmel/studio/7.0/toolchain/avr8/avr8-gnu-toolchain/bin/../lib/gcc/avr/4.9.2/../../../../avr/lib/avr5\libm.a(fixsfsi.o)
 .text.avr-libc.fplib
                0x00000000        0xe c:/program files (x86)/atmel/studio/7.0/toolchain/avr8/avr8-gnu-toolchain/bin/../lib/gcc/avr/4.9.2/../../../../avr/lib/avr5\libm.a(fixsfsi.o)
 .text          0x00000000        0x0 c:/program files (x86)/atmel/studio/7.0/toolchain/avr8/avr8-gnu-toolchain/bin/../lib/gcc/avr/4.9.2/../../../../avr/lib/avr5\libm.a(fixunssfsi.o)
 .data          0x00000000        0x0 c:/program files (x86)/atmel/studio/7.0/toolchain/avr8/avr8-gnu-toolchain/bin/../lib/gcc/avr/4.9.2/../../../../avr/lib/avr5\libm.a(fixunssfsi.o)
 .bss           0x00000000        0x0 c:/program files (x86)/atmel/studio/7.0/toolchain/avr8/avr8-gnu-toolchain/bin/../lib/gcc/avr/4.9.2/../../../../avr/lib/avr5\libm.a(fixunssfsi.o)
 .text.avr-libc.fplib
                0x00000000       0x5e c:/program files (x86)/atmel/studio/7.0/toolchain/avr8/avr8-gnu-toolchain/bin/../lib/gcc/avr/4.9.2/../../../../avr/lib/avr5\libm.a(fixunssfsi.o)
 .text          0x00000000        0x0 c:/program files (x86)/atmel/studio/7.0/toolchain/avr8/avr8-gnu-toolchain/bin/../lib/gcc/avr/4.9.2/../../../../avr/lib/avr5\libm.a(floatsisf.o)
 .data          0x00000000        0x0 c:/program files (x86)/atmel/studio/7.0/toolchain/avr8/avr8-gnu-toolchain/bin/../lib/gcc/avr/4.9.2/../../../../avr/lib/avr5\libm.a(floatsisf.o)
 .bss           0x00000000        0x0 c:/program files (x86)/atmel/studio/7.0/toolchain/avr8/avr8-gnu-toolchain/bin/../lib/gcc/avr/4.9.2/../../../../avr/lib/avr5\libm.a(floatsisf.o)
 .text.avr-libc.fplib
                0x00000000       0x7a c:/program files (x86)/atmel/studio/7.0/toolchain/avr8/avr8-gnu-toolchain/bin/../lib/gcc/avr/4.9.2/../../../../avr/lib/avr5\libm.a(floatsisf.o)
 .text          0x00000000        0x0 c:/program files (x86)/atmel/studio/7.0/toolchain/avr8/avr8-gnu-toolchain/bin/../lib/gcc/avr/4.9.2/../../../../avr/lib/avr5\libm.a(fp_cmp.o)
 .data          0x00000000        0x0 c:/program files (x86)/atmel/studio/7.0/toolchain/avr8/avr8-gnu-toolchain/bin/../lib/gcc/avr/4.9.2/../../../../avr/lib/avr5\libm.a(fp_cmp.o)
 .bss           0x00000000        0x0 c:/program files (x86)/atmel/studio/7.0/toolchain/avr8/avr8-gnu-toolchain/bin/../lib/gcc/avr/4.9.2/../../../../avr/lib/avr5\libm.a(fp_cmp.o)
 .text.avr-libc.fplib
                0x00000000       0x48 c:/program files (x86)/atmel/studio/7.0/toolchain/avr8/avr8-gnu-toolchain/bin/../lib/gcc/avr/4.9.2/../../../../avr/lib/avr5\libm.a(fp_cmp.o)
 .text          0x00000000        0x0 c:/program files (x86)/atmel/studio/7.0/toolchain/avr8/avr8-gnu-toolchain/bin/../lib/gcc/avr/4.9.2/../../../../avr/lib/avr5\libm.a(fp_inf.o)
 .data          0x00000000        0x0 c:/program files (x86)/atmel/studio/7.0/toolchain/avr8/avr8-gnu-toolchain/bin/../lib/gcc/avr/4.9.2/../../../../avr/lib/avr5\libm.a(fp_inf.o)
 .bss           0x00000000        0x0 c:/program files (x86)/atmel/studio/7.0/toolchain/avr8/avr8-gnu-toolchain/bin/../lib/gcc/avr/4.9.2/../../../../avr/lib/avr5\libm.a(fp_inf.o)
 .text.avr-libc.fplib
                0x00000000        0xc c:/program files (x86)/atmel/studio/7.0/toolchain/avr8/avr8-gnu-toolchain/bin/../lib/gcc/avr/4.9.2/../../../../avr/lib/avr5\libm.a(fp_inf.o)
 .text          0x00000000        0x0 c:/program files (x86)/atmel/studio/7.0/toolchain/avr8/avr8-gnu-toolchain/bin/../lib/gcc/avr/4.9.2/../../../../avr/lib/avr5\libm.a(fp_nan.o)
 .data          0x00000000        0x0 c:/program files (x86)/atmel/studio/7.0/toolchain/avr8/avr8-gnu-toolchain/bin/../lib/gcc/avr/4.9.2/../../../../avr/lib/avr5\libm.a(fp_nan.o)
 .bss           0x00000000        0x0 c:/program files (x86)/atmel/studio/7.0/toolchain/avr8/avr8-gnu-toolchain/bin/../lib/gcc/avr/4.9.2/../../../../avr/lib/avr5\libm.a(fp_nan.o)
 .text.avr-libc.fplib
                0x00000000        0x6 c:/program files (x86)/atmel/studio/7.0/toolchain/avr8/avr8-gnu-toolchain/bin/../lib/gcc/avr/4.9.2/../../../../avr/lib/avr5\libm.a(fp_nan.o)
 .text          0x00000000        0x0 c:/program files (x86)/atmel/studio/7.0/toolchain/avr8/avr8-gnu-toolchain/bin/../lib/gcc/avr/4.9.2/../../../../avr/lib/avr5\libm.a(fp_pscA.o)
 .data          0x00000000        0x0 c:/program files (x86)/atmel/studio/7.0/toolchain/avr8/avr8-gnu-toolchain/bin/../lib/gcc/avr/4.9.2/../../../../avr/lib/avr5\libm.a(fp_pscA.o)
 .bss           0x00000000        0x0 c:/program files (x86)/atmel/studio/7.0/toolchain/avr8/avr8-gnu-toolchain/bin/../lib/gcc/avr/4.9.2/../../../../avr/lib/avr5\libm.a(fp_pscA.o)
 .text.avr-libc.fplib
                0x00000000        0xe c:/program files (x86)/atmel/studio/7.0/toolchain/avr8/avr8-gnu-toolchain/bin/../lib/gcc/avr/4.9.2/../../../../avr/lib/avr5\libm.a(fp_pscA.o)
 .text          0x00000000        0x0 c:/program files (x86)/atmel/studio/7.0/toolchain/avr8/avr8-gnu-toolchain/bin/../lib/gcc/avr/4.9.2/../../../../avr/lib/avr5\libm.a(fp_pscB.o)
 .data          0x00000000        0x0 c:/program files (x86)/atmel/studio/7.0/toolchain/avr8/avr8-gnu-toolchain/bin/../lib/gcc/avr/4.9.2/../../../../avr/lib/avr5\libm.a(fp_pscB.o)
 .bss           0x00000000        0x0 c:/program files (x86)/atmel/studio/7.0/toolchain/avr8/avr8-gnu-toolchain/bin/../lib/gcc/avr/4.9.2/../../../../avr/lib/avr5\libm.a(fp_pscB.o)
 .text.avr-libc.fplib
                0x00000000        0xe c:/program files (x86)/atmel/studio/7.0/toolchain/avr8/avr8-gnu-toolchain/bin/../lib/gcc/avr/4.9.2/../../../../avr/lib/avr5\libm.a(fp_pscB.o)
 .text          0x00000000        0x0 c:/program files (x86)/atmel/studio/7.0/toolchain/avr8/avr8-gnu-toolchain/bin/../lib/gcc/avr/4.9.2/../../../../avr/lib/avr5\libm.a(fp_round.o)
 .data          0x00000000        0x0 c:/program files (x86)/atmel/studio/7.0/toolchain/avr8/avr8-gnu-toolchain/bin/../lib/gcc/avr/4.9.2/../../../../avr/lib/avr5\libm.a(fp_round.o)
 .bss           0x00000000        0x0 c:/program files (x86)/atmel/studio/7.0/toolchain/avr8/avr8-gnu-toolchain/bin/../lib/gcc/avr/4.9.2/../../../../avr/lib/avr5\libm.a(fp_round.o)
 .text.avr-libc.fplib
                0x00000000       0x22 c:/program files (x86)/atmel/studio/7.0/toolchain/avr8/avr8-gnu-toolchain/bin/../lib/gcc/avr/4.9.2/../../../../avr/lib/avr5\libm.a(fp_round.o)
 .text          0x00000000        0x0 c:/program files (x86)/atmel/studio/7.0/toolchain/avr8/avr8-gnu-toolchain/bin/../lib/gcc/avr/4.9.2/../../../../avr/lib/avr5\libm.a(fp_split3.o)
 .data          0x00000000        0x0 c:/program files (x86)/atmel/studio/7.0/toolchain/avr8/avr8-gnu-toolchain/bin/../lib/gcc/avr/4.9.2/../../../../avr/lib/avr5\libm.a(fp_split3.o)
 .bss           0x00000000        0x0 c:/program files (x86)/atmel/studio/7.0/toolchain/avr8/avr8-gnu-toolchain/bin/../lib/gcc/avr/4.9.2/../../../../avr/lib/avr5\libm.a(fp_split3.o)
 .text.avr-libc.fplib
                0x00000000       0x44 c:/program files (x86)/atmel/studio/7.0/toolchain/avr8/avr8-gnu-toolchain/bin/../lib/gcc/avr/4.9.2/../../../../avr/lib/avr5\libm.a(fp_split3.o)
 .text          0x00000000        0x0 c:/program files (x86)/atmel/studio/7.0/toolchain/avr8/avr8-gnu-toolchain/bin/../lib/gcc/avr/4.9.2/../../../../avr/lib/avr5\libm.a(fp_zero.o)
 .data          0x00000000        0x0 c:/program files (x86)/atmel/studio/7.0/toolchain/avr8/avr8-gnu-toolchain/bin/../lib/gcc/avr/4.9.2/../../../../avr/lib/avr5\libm.a(fp_zero.o)
 .bss           0x00000000        0x0 c:/program files (x86)/atmel/studio/7.0/toolchain/avr8/avr8-gnu-toolchain/bin/../lib/gcc/avr/4.9.2/../../../../avr/lib/avr5\libm.a(fp_zero.o)
 .text.avr-libc.fplib
                0x00000000        0xe c:/program files (x86)/atmel/studio/7.0/toolchain/avr8/avr8-gnu-toolchain/bin/../lib/gcc/avr/4.9.2/../../../../avr/lib/avr5\libm.a(fp_zero.o)
 .text          0x00000000        0x0 c:/program files (x86)/atmel/studio/7.0/toolchain/avr8/avr8-gnu-toolchain/bin/../lib/gcc/avr/4.9.2/../../../../avr/lib/avr5\libm.a(gesf2.o)
 .data          0x00000000        0x0 c:/program files (x86)/atmel/studio/7.0/toolchain/avr8/avr8-gnu-toolchain/bin/../lib/gcc/avr/4.9.2/../../../../avr/lib/avr5\libm.a(gesf2.o)
 .bss           0x00000000        0x0 c:/program files (x86)/atmel/studio/7.0/toolchain/avr8/avr8-gnu-toolchain/bin/../lib/gcc/avr/4.9.2/../../../../avr/lib/avr5\libm.a(gesf2.o)
 .text.avr-libc.fplib
                0x00000000        0xa c:/program files (x86)/atmel/studio/7.0/toolchain/avr8/avr8-gnu-toolchain/bin/../lib/gcc/avr/4.9.2/../../../../avr/lib/avr5\libm.a(gesf2.o)
 .text          0x00000000        0x0 c:/program files (x86)/atmel/studio/7.0/toolchain/avr8/avr8-gnu-toolchain/bin/../lib/gcc/avr/4.9.2/../../../../avr/lib/avr5\libm.a(mulsf3.o)
 .data          0x00000000        0x0 c:/program files (x86)/atmel/studio/7.0/toolchain/avr8/avr8-gnu-toolchain/bin/../lib/gcc/avr/4.9.2/../../../../avr/lib/avr5\libm.a(mulsf3.o)
 .bss           0x00000000        0x0 c:/program files (x86)/atmel/studio/7.0/toolchain/avr8/avr8-gnu-toolchain/bin/../lib/gcc/avr/4.9.2/../../../../avr/lib/avr5\libm.a(mulsf3.o)
 .text.avr-libc.fplib
                0x00000000        0x8 c:/program files (x86)/atmel/studio/7.0/toolchain/avr8/avr8-gnu-toolchain/bin/../lib/gcc/avr/4.9.2/../../../../avr/lib/avr5\libm.a(mulsf3.o)
 .text          0x00000000        0x0 c:/program files (x86)/atmel/studio/7.0/toolchain/avr8/avr8-gnu-toolchain/bin/../lib/gcc/avr/4.9.2/../../../../avr/lib/avr5\libm.a(mulsf3x.o)
 .data          0x00000000        0x0 c:/program files (x86)/atmel/studio/7.0/toolchain/avr8/avr8-gnu-toolchain/bin/../lib/gcc/avr/4.9.2/../../../../avr/lib/avr5\libm.a(mulsf3x.o)
 .bss           0x00000000        0x0 c:/program files (x86)/atmel/studio/7.0/toolchain/avr8/avr8-gnu-toolchain/bin/../lib/gcc/avr/4.9.2/../../../../avr/lib/avr5\libm.a(mulsf3x.o)
 .text.avr-libc.fplib
                0x00000000       0xd2 c:/program files (x86)/atmel/studio/7.0/toolchain/avr8/avr8-gnu-toolchain/bin/../lib/gcc/avr/4.9.2/../../../../avr/lib/avr5\libm.a(mulsf3x.o)
 .text          0x00000000        0x0 c:/program files (x86)/atmel/studio/7.0/toolchain/avr8/avr8-gnu-toolchain/bin/../lib/gcc/avr/4.9.2/../../../../avr/lib/avr5\libm.a(unordsf2.o)
 .data          0x00000000        0x0 c:/program files (x86)/atmel/studio/7.0/toolchain/avr8/avr8-gnu-toolchain/bin/../lib/gcc/avr/4.9.2/../../../../avr/lib/avr5\libm.a(unordsf2.o)
 .bss           0x00000000        0x0 c:/program files (x86)/atmel/studio/7.0/toolchain/avr8/avr8-gnu-toolchain/bin/../lib/gcc/avr/4.9.2/../../../../avr/lib/avr5\libm.a(unordsf2.o)
 .text.avr-libc.fplib
                0x00000000        0xa c:/program files (x86)/atmel/studio/7.0/toolchain/avr8/avr8-gnu-toolchain/bin/../lib/gcc/avr/4.9.2/../../../../avr/lib/avr5\libm.a(unordsf2.o)
 .text          0x00000000        0x0 c:/program files (x86)/atmel/studio/7.0/toolchain/avr8/avr8-gnu-toolchain/bin/../lib/gcc/avr/4.9.2/avr5\libgcc.a(_divmodhi4.o)
 .data          0x00000000        0x0 c:/program files (x86)/atmel/studio/7.0/toolchain/avr8/avr8-gnu-toolchain/bin/../lib/gcc/avr/4.9.2/avr5\libgcc.a(_divmodhi4.o)
 .bss           0x00000000        0x0 c:/program files (x86)/atmel/studio/7.0/toolchain/avr8/avr8-gnu-toolchain/bin/../lib/gcc/avr/4.9.2/avr5\libgcc.a(_divmodhi4.o)
 .text.libgcc.mul
                0x00000000        0x0 c:/program files (x86)/atmel/studio/7.0/toolchain/avr8/avr8-gnu-toolchain/bin/../lib/gcc/avr/4.9.2/avr5\libgcc.a(_divmodhi4.o)
 .text.libgcc.div
                0x00000000       0x28 c:/program files (x86)/atmel/studio/7.0/toolchain/avr8/avr8-gnu-toolchain/bin/../lib/gcc/avr/4.9.2/avr5\libgcc.a(_divmodhi4.o)
 .text.libgcc   0x00000000        0x0 c:/program files (x86)/atmel/studio/7.0/toolchain/avr8/avr8-gnu-toolchain/bin/../lib/gcc/avr/4.9.2/avr5\libgcc.a(_divmodhi4.o)
 .text.libgcc.prologue
                0x00000000        0x0 c:/program files (x86)/atmel/studio/7.0/toolchain/avr8/avr8-gnu-toolchain/bin/../lib/gcc/avr/4.9.2/avr5\libgcc.a(_divmodhi4.o)
 .text.libgcc.builtins
                0x00000000        0x0 c:/program files (x86)/atmel/studio/7.0/toolchain/avr8/avr8-gnu-toolchain/bin/../lib/gcc/avr/4.9.2/avr5\libgcc.a(_divmodhi4.o)
 .text.libgcc.fmul
                0x00000000        0x0 c:/program files (x86)/atmel/studio/7.0/toolchain/avr8/avr8-gnu-toolchain/bin/../lib/gcc/avr/4.9.2/avr5\libgcc.a(_divmodhi4.o)
 .text.libgcc.fixed
                0x00000000        0x0 c:/program files (x86)/atmel/studio/7.0/toolchain/avr8/avr8-gnu-toolchain/bin/../lib/gcc/avr/4.9.2/avr5\libgcc.a(_divmodhi4.o)
 .text          0x00000000        0x0 c:/program files (x86)/atmel/studio/7.0/toolchain/avr8/avr8-gnu-toolchain/bin/../lib/gcc/avr/4.9.2/avr5\libgcc.a(_udivmodsi4.o)
 .data          0x00000000        0x0 c:/program files (x86)/atmel/studio/7.0/toolchain/avr8/avr8-gnu-toolchain/bin/../lib/gcc/avr/4.9.2/avr5\libgcc.a(_udivmodsi4.o)
 .bss           0x00000000        0x0 c:/program files (x86)/atmel/studio/7.0/toolchain/avr8/avr8-gnu-toolchain/bin/../lib/gcc/avr/4.9.2/avr5\libgcc.a(_udivmodsi4.o)
 .text.libgcc.mul
                0x00000000        0x0 c:/program files (x86)/atmel/studio/7.0/toolchain/avr8/avr8-gnu-toolchain/bin/../lib/gcc/avr/4.9.2/avr5\libgcc.a(_udivmodsi4.o)
 .text.libgcc   0x00000000        0x0 c:/program files (x86)/atmel/studio/7.0/toolchain/avr8/avr8-gnu-toolchain/bin/../lib/gcc/avr/4.9.2/avr5\libgcc.a(_udivmodsi4.o)
 .text.libgcc.prologue
                0x00000000        0x0 c:/program files (x86)/atmel/studio/7.0/toolchain/avr8/avr8-gnu-toolchain/bin/../lib/gcc/avr/4.9.2/avr5\libgcc.a(_udivmodsi4.o)
 .text.libgcc.builtins
                0x00000000        0x0 c:/program files (x86)/atmel/studio/7.0/toolchain/avr8/avr8-gnu-toolchain/bin/../lib/gcc/avr/4.9.2/avr5\libgcc.a(_udivmodsi4.o)
 .text.libgcc.fmul
                0x00000000        0x0 c:/program files (x86)/atmel/studio/7.0/toolchain/avr8/avr8-gnu-toolchain/bin/../lib/gcc/avr/4.9.2/avr5\libgcc.a(_udivmodsi4.o)
 .text.libgcc.fixed
                0x00000000        0x0 c:/program files (x86)/atmel/studio/7.0/toolchain/avr8/avr8-gnu-toolchain/bin/../lib/gcc/avr/4.9.2/avr5\libgcc.a(_udivmodsi4.o)
 .text          0x00000000        0x0 c:/program files (x86)/atmel/studio/7.0/toolchain/avr8/avr8-gnu-toolchain/bin/../lib/gcc/avr/4.9.2/avr5\libgcc.a(_exit.o)
 .data          0x00000000        0x0 c:/program files (x86)/atmel/studio/7.0/toolchain/avr8/avr8-gnu-toolchain/bin/../lib/gcc/avr/4.9.2/avr5\libgcc.a(_exit.o)
 .bss           0x00000000        0x0 c:/program files (x86)/atmel/studio/7.0/toolchain/avr8/avr8-gnu-toolchain/bin/../lib/gcc/avr/4.9.2/avr5\libgcc.a(_exit.o)
 .text.libgcc.mul
                0x00000000        0x0 c:/program files (x86)/atmel/studio/7.0/toolchain/avr8/avr8-gnu-toolchain/bin/../lib/gcc/avr/4.9.2/avr5\libgcc.a(_exit.o)
 .text.libgcc.div
                0x00000000        0x0 c:/program files (x86)/atmel/studio/7.0/toolchain/avr8/avr8-gnu-toolchain/bin/../lib/gcc/avr/4.9.2/avr5\libgcc.a(_exit.o)
 .text.libgcc   0x00000000        0x0 c:/program files (x86)/atmel/studio/7.0/toolchain/avr8/avr8-gnu-toolchain/bin/../lib/gcc/avr/4.9.2/avr5\libgcc.a(_exit.o)
 .text.libgcc.prologue
                0x00000000        0x0 c:/program files (x86)/atmel/studio/7.0/toolchain/avr8/avr8-gnu-toolchain/bin/../lib/gcc/avr/4.9.2/avr5\libgcc.a(_exit.o)
 .text.libgcc.builtins
                0x00000000        0x0 c:/program files (x86)/atmel/studio/7.0/toolchain/avr8/avr8-gnu-toolchain/bin/../lib/gcc/avr/4.9.2/avr5\libgcc.a(_exit.o)
 .text.libgcc.fmul
                0x00000000        0x0 c:/program files (x86)/atmel/studio/7.0/toolchain/avr8/avr8-gnu-toolchain/bin/../lib/gcc/avr/4.9.2/avr5\libgcc.a(_exit.o)
 .text.libgcc.fixed
                0x00000000        0x0 c:/program files (x86)/atmel/studio/7.0/toolchain/avr8/avr8-gnu-toolchain/bin/../lib/gcc/avr/4.9.2/avr5\libgcc.a(_exit.o)
 .text          0x00000000        0x0 c:/program files (x86)/atmel/studio/7.0/toolchain/avr8/avr8-gnu-toolchain/bin/../lib/gcc/avr/4.9.2/avr5\libgcc.a(_copy_data.o)
 .data          0x00000000        0x0 c:/program files (x86)/atmel/studio/7.0/toolchain/avr8/avr8-gnu-toolchain/bin/../lib/gcc/avr/4.9.2/avr5\libgcc.a(_copy_data.o)
 .bss           0x00000000        0x0 c:/program files (x86)/atmel/studio/7.0/toolchain/avr8/avr8-gnu-toolchain/bin/../lib/gcc/avr/4.9.2/avr5\libgcc.a(_copy_data.o)
 .text.libgcc.mul
                0x00000000        0x0 c:/program files (x86)/atmel/studio/7.0/toolchain/avr8/avr8-gnu-toolchain/bin/../lib/gcc/avr/4.9.2/avr5\libgcc.a(_copy_data.o)
 .text.libgcc.div
                0x00000000        0x0 c:/program files (x86)/atmel/studio/7.0/toolchain/avr8/avr8-gnu-toolchain/bin/../lib/gcc/avr/4.9.2/avr5\libgcc.a(_copy_data.o)
 .text.libgcc   0x00000000        0x0 c:/program files (x86)/atmel/studio/7.0/toolchain/avr8/avr8-gnu-toolchain/bin/../lib/gcc/avr/4.9.2/avr5\libgcc.a(_copy_data.o)
 .text.libgcc.prologue
                0x00000000        0x0 c:/program files (x86)/atmel/studio/7.0/toolchain/avr8/avr8-gnu-toolchain/bin/../lib/gcc/avr/4.9.2/avr5\libgcc.a(_copy_data.o)
 .text.libgcc.builtins
                0x00000000        0x0 c:/program files (x86)/atmel/studio/7.0/toolchain/avr8/avr8-gnu-toolchain/bin/../lib/gcc/avr/4.9.2/avr5\libgcc.a(_copy_data.o)
 .text.libgcc.fmul
                0x00000000        0x0 c:/program files (x86)/atmel/studio/7.0/toolchain/avr8/avr8-gnu-toolchain/bin/../lib/gcc/avr/4.9.2/avr5\libgcc.a(_copy_data.o)
 .text.libgcc.fixed
                0x00000000        0x0 c:/program files (x86)/atmel/studio/7.0/toolchain/avr8/avr8-gnu-toolchain/bin/../lib/gcc/avr/4.9.2/avr5\libgcc.a(_copy_data.o)
 .text          0x00000000        0x0 c:/program files (x86)/atmel/studio/7.0/toolchain/avr8/avr8-gnu-toolchain/bin/../lib/gcc/avr/4.9.2/avr5\libgcc.a(_clear_bss.o)
 .data          0x00000000        0x0 c:/program files (x86)/atmel/studio/7.0/toolchain/avr8/avr8-gnu-toolchain/bin/../lib/gcc/avr/4.9.2/avr5\libgcc.a(_clear_bss.o)
 .bss           0x00000000        0x0 c:/program files (x86)/atmel/studio/7.0/toolchain/avr8/avr8-gnu-toolchain/bin/../lib/gcc/avr/4.9.2/avr5\libgcc.a(_clear_bss.o)
 .text.libgcc.mul
                0x00000000        0x0 c:/program files (x86)/atmel/studio/7.0/toolchain/avr8/avr8-gnu-toolchain/bin/../lib/gcc/avr/4.9.2/avr5\libgcc.a(_clear_bss.o)
 .text.libgcc.div
                0x00000000        0x0 c:/program files (x86)/atmel/studio/7.0/toolchain/avr8/avr8-gnu-toolchain/bin/../lib/gcc/avr/4.9.2/avr5\libgcc.a(_clear_bss.o)
 .text.libgcc   0x00000000        0x0 c:/program files (x86)/atmel/studio/7.0/toolchain/avr8/avr8-gnu-toolchain/bin/../lib/gcc/avr/4.9.2/avr5\libgcc.a(_clear_bss.o)
 .text.libgcc.prologue
                0x00000000        0x0 c:/program files (x86)/atmel/studio/7.0/toolchain/avr8/avr8-gnu-toolchain/bin/../lib/gcc/avr/4.9.2/avr5\libgcc.a(_clear_bss.o)
 .text.libgcc.builtins
                0x00000000        0x0 c:/program files (x86)/atmel/studio/7.0/toolchain/avr8/avr8-gnu-toolchain/bin/../lib/gcc/avr/4.9.2/avr5\libgcc.a(_clear_bss.o)
 .text.libgcc.fmul
                0x00000000        0x0 c:/program files (x86)/atmel/studio/7.0/toolchain/avr8/avr8-gnu-toolchain/bin/../lib/gcc/avr/4.9.2/avr5\libgcc.a(_clear_bss.o)
 .text.libgcc.fixed
                0x00000000        0x0 c:/program files (x86)/atmel/studio/7.0/toolchain/avr8/avr8-gnu-toolchain/bin/../lib/gcc/avr/4.9.2/avr5\libgcc.a(_clear_bss.o)
 .text          0x00000000        0x0 c:/program files (x86)/atmel/studio/7.0/toolchain/avr8/avr8-gnu-toolchain/bin/../lib/gcc/avr/4.9.2/avr5\libgcc.a(_ctors.o)
 .data          0x00000000        0x0 c:/program files (x86)/atmel/studio/7.0/toolchain/avr8/avr8-gnu-toolchain/bin/../lib/gcc/avr/4.9.2/avr5\libgcc.a(_ctors.o)
 .bss           0x00000000        0x0 c:/program files (x86)/atmel/studio/7.0/toolchain/avr8/avr8-gnu-toolchain/bin/../lib/gcc/avr/4.9.2/avr5\libgcc.a(_ctors.o)
 .text.libgcc.mul
                0x00000000        0x0 c:/program files (x86)/atmel/studio/7.0/toolchain/avr8/avr8-gnu-toolchain/bin/../lib/gcc/avr/4.9.2/avr5\libgcc.a(_ctors.o)
 .text.libgcc.div
                0x00000000        0x0 c:/program files (x86)/atmel/studio/7.0/toolchain/avr8/avr8-gnu-toolchain/bin/../lib/gcc/avr/4.9.2/avr5\libgcc.a(_ctors.o)
 .text.libgcc   0x00000000        0x0 c:/program files (x86)/atmel/studio/7.0/toolchain/avr8/avr8-gnu-toolchain/bin/../lib/gcc/avr/4.9.2/avr5\libgcc.a(_ctors.o)
 .text.libgcc.prologue
                0x00000000        0x0 c:/program files (x86)/atmel/studio/7.0/toolchain/avr8/avr8-gnu-toolchain/bin/../lib/gcc/avr/4.9.2/avr5\libgcc.a(_ctors.o)
 .text.libgcc.builtins
                0x00000000        0x0 c:/program files (x86)/atmel/studio/7.0/toolchain/avr8/avr8-gnu-toolchain/bin/../lib/gcc/avr/4.9.2/avr5\libgcc.a(_ctors.o)
 .text.libgcc.fmul
                0x00000000        0x0 c:/program files (x86)/atmel/studio/7.0/toolchain/avr8/avr8-gnu-toolchain/bin/../lib/gcc/avr/4.9.2/avr5\libgcc.a(_ctors.o)
 .text.libgcc.fixed
                0x00000000        0x0 c:/program files (x86)/atmel/studio/7.0/toolchain/avr8/avr8-gnu-toolchain/bin/../lib/gcc/avr/4.9.2/avr5\libgcc.a(_ctors.o)
 .text          0x00000000        0x0 c:/program files (x86)/atmel/studio/7.0/toolchain/avr8/avr8-gnu-toolchain/bin/../lib/gcc/avr/4.9.2/avr5\libgcc.a(_udivmodhi4.o)
 .data          0x00000000        0x0 c:/program files (x86)/atmel/studio/7.0/toolchain/avr8/avr8-gnu-toolchain/bin/../lib/gcc/avr/4.9.2/avr5\libgcc.a(_udivmodhi4.o)
 .bss           0x00000000        0x0 c:/program files (x86)/atmel/studio/7.0/toolchain/avr8/avr8-gnu-toolchain/bin/../lib/gcc/avr/4.9.2/avr5\libgcc.a(_udivmodhi4.o)
 .text.libgcc.mul
                0x00000000        0x0 c:/program files (x86)/atmel/studio/7.0/toolchain/avr8/avr8-gnu-toolchain/bin/../lib/gcc/avr/4.9.2/avr5\libgcc.a(_udivmodhi4.o)
 .text.libgcc.div
                0x00000000       0x28 c:/program files (x86)/atmel/studio/7.0/toolchain/avr8/avr8-gnu-toolchain/bin/../lib/gcc/avr/4.9.2/avr5\libgcc.a(_udivmodhi4.o)
 .text.libgcc   0x00000000        0x0 c:/program files (x86)/atmel/studio/7.0/toolchain/avr8/avr8-gnu-toolchain/bin/../lib/gcc/avr/4.9.2/avr5\libgcc.a(_udivmodhi4.o)
 .text.libgcc.prologue
                0x00000000        0x0 c:/program files (x86)/atmel/studio/7.0/toolchain/avr8/avr8-gnu-toolchain/bin/../lib/gcc/avr/4.9.2/avr5\libgcc.a(_udivmodhi4.o)
 .text.libgcc.builtins
                0x00000000        0x0 c:/program files (x86)/atmel/studio/7.0/toolchain/avr8/avr8-gnu-toolchain/bin/../lib/gcc/avr/4.9.2/avr5\libgcc.a(_udivmodhi4.o)
 .text.libgcc.fmul
                0x00000000        0x0 c:/program files (x86)/atmel/studio/7.0/toolchain/avr8/avr8-gnu-toolchain/bin/../lib/gcc/avr/4.9.2/avr5\libgcc.a(_udivmodhi4.o)
 .text.libgcc.fixed
                0x00000000        0x0 c:/program files (x86)/atmel/studio/7.0/toolchain/avr8/avr8-gnu-toolchain/bin/../lib/gcc/avr/4.9.2/avr5\libgcc.a(_udivmodhi4.o)
 .text          0x00000000        0x0 c:/program files (x86)/atmel/studio/7.0/toolchain/avr8/avr8-gnu-toolchain/bin/../lib/gcc/avr/4.9.2/avr5\libgcc.a(_tablejump2.o)
 .data          0x00000000        0x0 c:/program files (x86)/atmel/studio/7.0/toolchain/avr8/avr8-gnu-toolchain/bin/../lib/gcc/avr/4.9.2/avr5\libgcc.a(_tablejump2.o)
 .bss           0x00000000        0x0 c:/program files (x86)/atmel/studio/7.0/toolchain/avr8/avr8-gnu-toolchain/bin/../lib/gcc/avr/4.9.2/avr5\libgcc.a(_tablejump2.o)
 .text.libgcc.mul
                0x00000000        0x0 c:/program files (x86)/atmel/studio/7.0/toolchain/avr8/avr8-gnu-toolchain/bin/../lib/gcc/avr/4.9.2/avr5\libgcc.a(_tablejump2.o)
 .text.libgcc.div
                0x00000000        0x0 c:/program files (x86)/atmel/studio/7.0/toolchain/avr8/avr8-gnu-toolchain/bin/../lib/gcc/avr/4.9.2/avr5\libgcc.a(_tablejump2.o)
 .text.libgcc.prologue
                0x00000000        0x0 c:/program files (x86)/atmel/studio/7.0/toolchain/avr8/avr8-gnu-toolchain/bin/../lib/gcc/avr/4.9.2/avr5\libgcc.a(_tablejump2.o)
 .text.libgcc.builtins
                0x00000000        0x0 c:/program files (x86)/atmel/studio/7.0/toolchain/avr8/avr8-gnu-toolchain/bin/../lib/gcc/avr/4.9.2/avr5\libgcc.a(_tablejump2.o)
 .text.libgcc.fmul
                0x00000000        0x0 c:/program files (x86)/atmel/studio/7.0/toolchain/avr8/avr8-gnu-toolchain/bin/../lib/gcc/avr/4.9.2/avr5\libgcc.a(_tablejump2.o)
 .text.libgcc.fixed
                0x00000000        0x0 c:/program files (x86)/atmel/studio/7.0/toolchain/avr8/avr8-gnu-toolchain/bin/../lib/gcc/avr/4.9.2/avr5\libgcc.a(_tablejump2.o)
 .text          0x00000000        0x0 c:/program files (x86)/atmel/studio/7.0/toolchain/avr8/avr8-gnu-toolchain/bin/../lib/gcc/avr/4.9.2/../../../../avr/lib/avr5\libc.a(abort.o)
 .data          0x00000000        0x0 c:/program files (x86)/atmel/studio/7.0/toolchain/avr8/avr8-gnu-toolchain/bin/../lib/gcc/avr/4.9.2/../../../../avr/lib/avr5\libc.a(abort.o)
 .bss           0x00000000        0x0 c:/program files (x86)/atmel/studio/7.0/toolchain/avr8/avr8-gnu-toolchain/bin/../lib/gcc/avr/4.9.2/../../../../avr/lib/avr5\libc.a(abort.o)
 .text.avr-libc
                0x00000000        0xa c:/program files (x86)/atmel/studio/7.0/toolchain/avr8/avr8-gnu-toolchain/bin/../lib/gcc/avr/4.9.2/../../../../avr/lib/avr5\libc.a(abort.o)
 .text          0x00000000        0x0 C:/Program Files (x86)/Atmel/Studio/7.0/Packs/atmel/ATmega_DFP/1.1.130/gcc/dev/atmega328p/avr5\libatmega328p.a(eerd_byte.o)
 .data          0x00000000        0x0 C:/Program Files (x86)/Atmel/Studio/7.0/Packs/atmel/ATmega_DFP/1.1.130/gcc/dev/atmega328p/avr5\libatmega328p.a(eerd_byte.o)
 .bss           0x00000000        0x0 C:/Program Files (x86)/Atmel/Studio/7.0/Packs/atmel/ATmega_DFP/1.1.130/gcc/dev/atmega328p/avr5\libatmega328p.a(eerd_byte.o)
 .text          0x00000000        0x0 C:/Program Files (x86)/Atmel/Studio/7.0/Packs/atmel/ATmega_DFP/1.1.130/gcc/dev/atmega328p/avr5\libatmega328p.a(eeupd_byte.o)
 .data          0x00000000        0x0 C:/Program Files (x86)/Atmel/Studio/7.0/Packs/atmel/ATmega_DFP/1.1.130/gcc/dev/atmega328p/avr5\libatmega328p.a(eeupd_byte.o)
 .bss           0x00000000        0x0 C:/Program Files (x86)/Atmel/Studio/7.0/Packs/atmel/ATmega_DFP/1.1.130/gcc/dev/atmega328p/avr5\libatmega328p.a(eeupd_byte.o)

Memory Configuration

Name             Origin             Length             Attributes
text             0x00000000         0x00020000         xr
data             0x00800060         0x0000ffa0         rw !x
eeprom           0x00810000         0x00010000         rw !x
fuse             0x00820000         0x00000003         rw !x
lock             0x00830000         0x00000400         rw !x
signature        0x00840000         0x00000400         rw !x
user_signatures  0x00850000         0x00000400         rw !x
*default*        0x00000000         0xffffffff

Linker script and memory map

Address of section .data set to 0x800100
LOAD C:/Program Files (x86)/Atmel/Studio/7.0/Packs/atmel/ATmega_DFP/1.1.130/gcc/dev/atmega328p/avr5/crtatmega328p.o
LOAD CAN.o
LOAD CAN_MCP2515.o
LOAD ownCAN.o
LOAD SPI.o
LOAD main.o
LOAD pcf8574.o
LOAD twimaster.o
START GROUP
LOAD c:/program files (x86)/atmel/studio/7.0/toolchain/avr8/avr8-gnu-toolchain/bin/../lib/gcc/avr/4.9.2/../../../../avr/lib/avr5\libm.a
LOAD D:\OneDrive\01 Eisenbahn\00 Decoder develop\CAN_Lib\libArduinoCore.a
END GROUP
LOAD c:/program files (x86)/atmel/studio/7.0/toolchain/avr8/avr8-gnu-toolchain/bin/../lib/gcc/avr/4.9.2/avr5\libgcc.a
LOAD c:/program files (x86)/atmel/studio/7.0/toolchain/avr8/avr8-gnu-toolchain/bin/../lib/gcc/avr/4.9.2/../../../../avr/lib/avr5\libm.a
START GROUP
LOAD c:/program files (x86)/atmel/studio/7.0/toolchain/avr8/avr8-gnu-toolchain/bin/../lib/gcc/avr/4.9.2/avr5\libgcc.a
LOAD c:/program files (x86)/atmel/studio/7.0/toolchain/avr8/avr8-gnu-toolchain/bin/../lib/gcc/avr/4.9.2/../../../../avr/lib/avr5\libm.a
LOAD c:/program files (x86)/atmel/studio/7.0/toolchain/avr8/avr8-gnu-toolchain/bin/../lib/gcc/avr/4.9.2/../../../../avr/lib/avr5\libc.a
LOAD C:/Program Files (x86)/Atmel/Studio/7.0/Packs/atmel/ATmega_DFP/1.1.130/gcc/dev/atmega328p/avr5\libatmega328p.a
END GROUP
                0x00020000                __TEXT_REGION_LENGTH__ = DEFINED (__TEXT_REGION_LENGTH__)?__TEXT_REGION_LENGTH__:0x20000
                0x0000ffa0                __DATA_REGION_LENGTH__ = DEFINED (__DATA_REGION_LENGTH__)?__DATA_REGION_LENGTH__:0xffa0
                0x00010000                __EEPROM_REGION_LENGTH__ = DEFINED (__EEPROM_REGION_LENGTH__)?__EEPROM_REGION_LENGTH__:0x10000
                [0x00000003]                __FUSE_REGION_LENGTH__ = DEFINED (__FUSE_REGION_LENGTH__)?__FUSE_REGION_LENGTH__:0x400
                0x00000400                __LOCK_REGION_LENGTH__ = DEFINED (__LOCK_REGION_LENGTH__)?__LOCK_REGION_LENGTH__:0x400
                0x00000400                __SIGNATURE_REGION_LENGTH__ = DEFINED (__SIGNATURE_REGION_LENGTH__)?__SIGNATURE_REGION_LENGTH__:0x400
                0x00000400                __USER_SIGNATURE_REGION_LENGTH__ = DEFINED (__USER_SIGNATURE_REGION_LENGTH__)?__USER_SIGNATURE_REGION_LENGTH__:0x400

.hash
 *(.hash)

.dynsym
 *(.dynsym)

.dynstr
 *(.dynstr)

.gnu.version
 *(.gnu.version)

.gnu.version_d
 *(.gnu.version_d)

.gnu.version_r
 *(.gnu.version_r)

.rel.init
 *(.rel.init)

.rela.init
 *(.rela.init)

.rel.text
 *(.rel.text)
 *(.rel.text.*)
 *(.rel.gnu.linkonce.t*)

.rela.text
 *(.rela.text)
 *(.rela.text.*)
 *(.rela.gnu.linkonce.t*)

.rel.fini
 *(.rel.fini)

.rela.fini
 *(.rela.fini)

.rel.rodata
 *(.rel.rodata)
 *(.rel.rodata.*)
 *(.rel.gnu.linkonce.r*)

.rela.rodata
 *(.rela.rodata)
 *(.rela.rodata.*)
 *(.rela.gnu.linkonce.r*)

.rel.data
 *(.rel.data)
 *(.rel.data.*)
 *(.rel.gnu.linkonce.d*)

.rela.data
 *(.rela.data)
 *(.rela.data.*)
 *(.rela.gnu.linkonce.d*)

.rel.ctors
 *(.rel.ctors)

.rela.ctors
 *(.rela.ctors)

.rel.dtors
 *(.rel.dtors)

.rela.dtors
 *(.rela.dtors)

.rel.got
 *(.rel.got)

.rela.got
 *(.rela.got)

.rel.bss
 *(.rel.bss)

.rela.bss
 *(.rela.bss)

.rel.plt
 *(.rel.plt)

.rela.plt
 *(.rela.plt)

.text           0x00000000     0x1a60
 *(.vectors)
 .vectors       0x00000000       0x68 C:/Program Files (x86)/Atmel/Studio/7.0/Packs/atmel/ATmega_DFP/1.1.130/gcc/dev/atmega328p/avr5/crtatmega328p.o
                0x00000000                __vector_default
                0x00000000                __vectors
 *(.vectors)
 *(.progmem.gcc*)
                0x00000068                . = ALIGN (0x2)
                0x00000068                __trampolines_start = .
 *(.trampolines)
 .trampolines   0x00000068        0x0 linker stubs
 *(.trampolines*)
                0x00000068                __trampolines_end = .
 *libprintf_flt.a:*(.progmem.data)
 *libc.a:*(.progmem.data)
 *(.progmem*)
 .progmem.data.digital_pin_to_timer_PGM
                0x00000068       0x14 D:\OneDrive\01 Eisenbahn\00 Decoder develop\CAN_Lib\libArduinoCore.a(wiring_digital.c.o)
                0x00000068                digital_pin_to_timer_PGM
 .progmem.data.digital_pin_to_bit_mask_PGM
                0x0000007c       0x14 D:\OneDrive\01 Eisenbahn\00 Decoder develop\CAN_Lib\libArduinoCore.a(wiring_digital.c.o)
                0x0000007c                digital_pin_to_bit_mask_PGM
 .progmem.data.digital_pin_to_port_PGM
                0x00000090       0x14 D:\OneDrive\01 Eisenbahn\00 Decoder develop\CAN_Lib\libArduinoCore.a(wiring_digital.c.o)
                0x00000090                digital_pin_to_port_PGM
 .progmem.data.port_to_output_PGM
                0x000000a4        0xa D:\OneDrive\01 Eisenbahn\00 Decoder develop\CAN_Lib\libArduinoCore.a(wiring_digital.c.o)
                0x000000a4                port_to_output_PGM
 .progmem.data.port_to_mode_PGM
                0x000000ae        0xa D:\OneDrive\01 Eisenbahn\00 Decoder develop\CAN_Lib\libArduinoCore.a(wiring_digital.c.o)
                0x000000ae                port_to_mode_PGM
                0x000000b8                . = ALIGN (0x2)
 *(.jumptables)
 *(.jumptables*)
 *(.lowtext)
 *(.lowtext*)
                0x000000b8                __ctors_start = .
 *(.ctors)
 .ctors         0x000000b8        0x2 CAN_MCP2515.o
 .ctors         0x000000ba        0x2 D:\OneDrive\01 Eisenbahn\00 Decoder develop\CAN_Lib\libArduinoCore.a(HardwareSerial0.cpp.o)
                0x000000bc                __ctors_end = .
                0x000000bc                __dtors_start = .
 *(.dtors)
                0x000000bc                __dtors_end = .
 SORT(*)(.ctors)
 SORT(*)(.dtors)
 *(.init0)
 .init0         0x000000bc        0x0 C:/Program Files (x86)/Atmel/Studio/7.0/Packs/atmel/ATmega_DFP/1.1.130/gcc/dev/atmega328p/avr5/crtatmega328p.o
                0x000000bc                __init
 *(.init0)
 *(.init1)
 *(.init1)
 *(.init2)
 .init2         0x000000bc        0xc C:/Program Files (x86)/Atmel/Studio/7.0/Packs/atmel/ATmega_DFP/1.1.130/gcc/dev/atmega328p/avr5/crtatmega328p.o
 *(.init2)
 *(.init3)
 *(.init3)
 *(.init4)
 .init4         0x000000c8       0x16 c:/program files (x86)/atmel/studio/7.0/toolchain/avr8/avr8-gnu-toolchain/bin/../lib/gcc/avr/4.9.2/avr5\libgcc.a(_copy_data.o)
                0x000000c8                __do_copy_data
 .init4         0x000000de       0x10 c:/program files (x86)/atmel/studio/7.0/toolchain/avr8/avr8-gnu-toolchain/bin/../lib/gcc/avr/4.9.2/avr5\libgcc.a(_clear_bss.o)
                0x000000de                __do_clear_bss
 *(.init4)
 *(.init5)
 *(.init5)
 *(.init6)
 .init6         0x000000ee       0x16 c:/program files (x86)/atmel/studio/7.0/toolchain/avr8/avr8-gnu-toolchain/bin/../lib/gcc/avr/4.9.2/avr5\libgcc.a(_ctors.o)
                0x000000ee                __do_global_ctors
 *(.init6)
 *(.init7)
 *(.init7)
 *(.init8)
 *(.init8)
 *(.init9)
 .init9         0x00000104        0x8 C:/Program Files (x86)/Atmel/Studio/7.0/Packs/atmel/ATmega_DFP/1.1.130/gcc/dev/atmega328p/avr5/crtatmega328p.o
 *(.init9)
 *(.text)
 .text          0x0000010c        0x4 C:/Program Files (x86)/Atmel/Studio/7.0/Packs/atmel/ATmega_DFP/1.1.130/gcc/dev/atmega328p/avr5/crtatmega328p.o
                0x0000010c                __vector_22
                0x0000010c                __vector_24
                0x0000010c                __vector_12
                0x0000010c                __bad_interrupt
                0x0000010c                __vector_6
                0x0000010c                __vector_3
                0x0000010c                __vector_23
                0x0000010c                __vector_25
                0x0000010c                __vector_11
                0x0000010c                __vector_13
                0x0000010c                __vector_17
                0x0000010c                __vector_7
                0x0000010c                __vector_5
                0x0000010c                __vector_4
                0x0000010c                __vector_9
                0x0000010c                __vector_21
                0x0000010c                __vector_15
                0x0000010c                __vector_8
                0x0000010c                __vector_14
                0x0000010c                __vector_10
                0x0000010c                __vector_20
                0x00000110                . = ALIGN (0x2)
 *(.text.*)
 .text._ZN11CAN_MCP25153endEv
                0x00000110        0x6 CAN_MCP2515.o
                0x00000110                _ZN11CAN_MCP25153endEv
 .text._ZN11CAN_MCP25155_initEv
                0x00000116       0x1c CAN_MCP2515.o
                0x00000116                _ZN11CAN_MCP25155_initEv
 .text._ZN11CAN_MCP2515C2Eh
                0x00000132       0x12 CAN_MCP2515.o
                0x00000132                _ZN11CAN_MCP2515C1Eh
                0x00000132                _ZN11CAN_MCP2515C2Eh
 .text._ZN11CAN_MCP25155resetEv
                0x00000144       0x2a CAN_MCP2515.o
                0x00000144                _ZN11CAN_MCP25155resetEv
 .text._ZN11CAN_MCP251512writeAddressEhh
                0x0000016e       0x4e CAN_MCP2515.o
                0x0000016e                _ZN11CAN_MCP251512writeAddressEhh
 .text._ZN11CAN_MCP251513modifyAddressEhhh
                0x000001bc       0x60 CAN_MCP2515.o
                0x000001bc                _ZN11CAN_MCP251513modifyAddressEhhh
 .text._ZN11CAN_MCP251510readStatusEv
                0x0000021c       0x3e CAN_MCP2515.o
                0x0000021c                _ZN11CAN_MCP251510readStatusEv
 .text._ZN11CAN_MCP25159availableEv
                0x0000025a        0x8 CAN_MCP2515.o
                0x0000025a                _ZN11CAN_MCP25159availableEv
 .text._ZN11CAN_MCP25154readEv
                0x00000262      0x21a CAN_MCP2515.o
                0x00000262                _ZN11CAN_MCP25154readEv
 .text._ZN11CAN_MCP25155writeERK9CAN_Frame
                0x0000047c      0x1f4 CAN_MCP2515.o
                0x0000047c                _ZN11CAN_MCP25155writeERK9CAN_Frame
 .text._ZN11CAN_MCP25157setModeEh
                0x00000670        0xc CAN_MCP2515.o
                0x00000670                _ZN11CAN_MCP25157setModeEh
 .text._ZN11CAN_MCP251510setBitrateEm
                0x0000067c       0x28 CAN_MCP2515.o
                0x0000067c                _ZN11CAN_MCP251510setBitrateEm
 .text._ZN11CAN_MCP251512clearFiltersEv
                0x000006a4       0x22 CAN_MCP2515.o
                0x000006a4                _ZN11CAN_MCP251512clearFiltersEv
 .text._ZN11CAN_MCP251514clearRxBuffersEv
                0x000006c6       0x88 CAN_MCP2515.o
                0x000006c6                _ZN11CAN_MCP251514clearRxBuffersEv
 .text._ZN11CAN_MCP251514clearTxBuffersEv
                0x0000074e       0xc6 CAN_MCP2515.o
                0x0000074e                _ZN11CAN_MCP251514clearTxBuffersEv
 .text._ZN11CAN_MCP25155flushEv
                0x00000814       0x16 CAN_MCP2515.o
                0x00000814                _ZN11CAN_MCP25155flushEv
 .text._ZN11CAN_MCP251516enableInterruptsEh
                0x0000082a       0x4a CAN_MCP2515.o
                0x0000082a                _ZN11CAN_MCP251516enableInterruptsEh
 .text._ZN11CAN_MCP25155beginEmh
                0x00000874       0x5c CAN_MCP2515.o
                0x00000874                _ZN11CAN_MCP25155beginEmh
 .text._ZN11CAN_MCP25155beginEm
                0x000008d0        0x8 CAN_MCP2515.o
                0x000008d0                _ZN11CAN_MCP25155beginEm
 .text._GLOBAL__sub_I__ZN11CAN_MCP2515C2Ev
                0x000008d8        0xc CAN_MCP2515.o
 .text._Z12generateHashm
                0x000008e4       0x1a ownCAN.o
                0x000008e4                _Z12generateHashm
 .text._Z12sendCanFrame9CAN_Frame
                0x000008fe       0x8a ownCAN.o
                0x000008fe                _Z12sendCanFrame9CAN_Frame
 .text._Z11getCanFramev
                0x00000988       0x40 ownCAN.o
                0x00000988                _Z11getCanFramev
 .text._ZN8SPIClass5beginEv
                0x000009c8       0x6c SPI.o
                0x000009c8                _ZN8SPIClass5beginEv
 .text._ZN8SPIClass3endEv
                0x00000a34       0x24 SPI.o
                0x00000a34                _ZN8SPIClass3endEv
 .text.setup    0x00000a58      0x1b4 main.o
                0x00000a58                setup
 .text.loop     0x00000c0c       0x68 main.o
                0x00000c0c                loop
 .text._Z10can_answerh
                0x00000c74       0x5e main.o
                0x00000c74                _Z10can_answerh
 .text._Z16goIntoBootloaderv
                0x00000cd2       0x32 main.o
                0x00000cd2                _Z16goIntoBootloaderv
 .text._Z14boardnumAnswerv
                0x00000d04       0x1c main.o
                0x00000d04                _Z14boardnumAnswerv
 .text._Z14processRXFramev
                0x00000d20      0x120 main.o
                0x00000d20                _Z14processRXFramev
 .text._Z12pcf8574_initv
                0x00000e40       0x22 pcf8574.o
                0x00000e40                _Z12pcf8574_initv
 .text._Z17pcf8574_getoutputh
                0x00000e62       0x14 pcf8574.o
                0x00000e62                _Z17pcf8574_getoutputh
 .text._Z20pcf8574_getoutputpinhh
                0x00000e76       0x2e pcf8574.o
                0x00000e76                _Z20pcf8574_getoutputpinhh
 .text._Z17pcf8574_setoutputhh
                0x00000ea4       0x32 pcf8574.o
                0x00000ea4                _Z17pcf8574_setoutputhh
 .text._Z21pcf8574_setoutputpinshhha
                0x00000ed6       0x8a pcf8574.o
                0x00000ed6                _Z21pcf8574_setoutputpinshhha
 .text._Z20pcf8574_setoutputpinhhh
                0x00000f60       0x6e pcf8574.o
                0x00000f60                _Z20pcf8574_setoutputpinhhh
 .text._Z24pcf8574_setoutputpinhighhh
                0x00000fce        0x8 pcf8574.o
                0x00000fce                _Z24pcf8574_setoutputpinhighhh
 .text._Z16pcf8574_getinputh
                0x00000fd6       0x2a pcf8574.o
                0x00000fd6                _Z16pcf8574_getinputh
 .text._Z19pcf8574_getinputpinhh
                0x00001000       0x32 pcf8574.o
                0x00001000                _Z19pcf8574_getinputpinhh
 .text._Z8i2c_initv
                0x00001032        0xc twimaster.o
                0x00001032                _Z8i2c_initv
 .text._Z9i2c_starth
                0x0000103e       0x4e twimaster.o
                0x0000103e                _Z9i2c_starth
 .text._Z8i2c_stopv
                0x0000108c       0x12 twimaster.o
                0x0000108c                _Z8i2c_stopv
 .text._Z9i2c_writeh
                0x0000109e       0x24 twimaster.o
                0x0000109e                _Z9i2c_writeh
 .text._Z11i2c_readNakv
                0x000010c2       0x16 twimaster.o
                0x000010c2                _Z11i2c_readNakv
 .text.nothing  0x000010d8        0x2 D:\OneDrive\01 Eisenbahn\00 Decoder develop\CAN_Lib\libArduinoCore.a(WInterrupts.c.o)
 .text.attachInterrupt
                0x000010da       0x40 D:\OneDrive\01 Eisenbahn\00 Decoder develop\CAN_Lib\libArduinoCore.a(WInterrupts.c.o)
                0x000010da                attachInterrupt
 .text.__vector_1
                0x0000111a       0x4e D:\OneDrive\01 Eisenbahn\00 Decoder develop\CAN_Lib\libArduinoCore.a(WInterrupts.c.o)
                0x0000111a                __vector_1
 .text.__vector_2
                0x00001168       0x4e D:\OneDrive\01 Eisenbahn\00 Decoder develop\CAN_Lib\libArduinoCore.a(WInterrupts.c.o)
                0x00001168                __vector_2
 .text.turnOffPWM
                0x000011b6       0x52 D:\OneDrive\01 Eisenbahn\00 Decoder develop\CAN_Lib\libArduinoCore.a(wiring_digital.c.o)
 .text.pinMode  0x00001208       0x72 D:\OneDrive\01 Eisenbahn\00 Decoder develop\CAN_Lib\libArduinoCore.a(wiring_digital.c.o)
                0x00001208                pinMode
 .text.digitalWrite
                0x0000127a       0x6c D:\OneDrive\01 Eisenbahn\00 Decoder develop\CAN_Lib\libArduinoCore.a(wiring_digital.c.o)
                0x0000127a                digitalWrite
 .text._ZN14HardwareSerial9availableEv
                0x000012e6       0x16 D:\OneDrive\01 Eisenbahn\00 Decoder develop\CAN_Lib\libArduinoCore.a(HardwareSerial.cpp.o)
                0x000012e6                _ZN14HardwareSerial9availableEv
 .text._ZN14HardwareSerial4peekEv
                0x000012fc       0x1c D:\OneDrive\01 Eisenbahn\00 Decoder develop\CAN_Lib\libArduinoCore.a(HardwareSerial.cpp.o)
                0x000012fc                _ZN14HardwareSerial4peekEv
 .text._ZN14HardwareSerial4readEv
                0x00001318       0x28 D:\OneDrive\01 Eisenbahn\00 Decoder develop\CAN_Lib\libArduinoCore.a(HardwareSerial.cpp.o)
                0x00001318                _ZN14HardwareSerial4readEv
 .text._Z14serialEventRunv
                0x00001340       0x1c D:\OneDrive\01 Eisenbahn\00 Decoder develop\CAN_Lib\libArduinoCore.a(HardwareSerial.cpp.o)
                0x00001340                _Z14serialEventRunv
 .text._ZN14HardwareSerial17_tx_udr_empty_irqEv
                0x0000135c       0x42 D:\OneDrive\01 Eisenbahn\00 Decoder develop\CAN_Lib\libArduinoCore.a(HardwareSerial.cpp.o)
                0x0000135c                _ZN14HardwareSerial17_tx_udr_empty_irqEv
 .text._ZN14HardwareSerial5flushEv
                0x0000139e       0x44 D:\OneDrive\01 Eisenbahn\00 Decoder develop\CAN_Lib\libArduinoCore.a(HardwareSerial.cpp.o)
                0x0000139e                _ZN14HardwareSerial5flushEv
 .text._ZN14HardwareSerial5writeEh
                0x000013e2       0xca D:\OneDrive\01 Eisenbahn\00 Decoder develop\CAN_Lib\libArduinoCore.a(HardwareSerial.cpp.o)
                0x000013e2                _ZN14HardwareSerial5writeEh
 .text._ZN14HardwareSerial5beginEmh
                0x000014ac       0xc4 D:\OneDrive\01 Eisenbahn\00 Decoder develop\CAN_Lib\libArduinoCore.a(HardwareSerial.cpp.o)
                0x000014ac                _ZN14HardwareSerial5beginEmh
 .text.__vector_18
                0x00001570       0x64 D:\OneDrive\01 Eisenbahn\00 Decoder develop\CAN_Lib\libArduinoCore.a(HardwareSerial0.cpp.o)
                0x00001570                __vector_18
 .text.__vector_19
                0x000015d4       0x4c D:\OneDrive\01 Eisenbahn\00 Decoder develop\CAN_Lib\libArduinoCore.a(HardwareSerial0.cpp.o)
                0x000015d4                __vector_19
 .text._Z17Serial0_availablev
                0x00001620       0x14 D:\OneDrive\01 Eisenbahn\00 Decoder develop\CAN_Lib\libArduinoCore.a(HardwareSerial0.cpp.o)
                0x00001620                _Z17Serial0_availablev
 .text.startup._GLOBAL__sub_I___vector_18
                0x00001634       0x86 D:\OneDrive\01 Eisenbahn\00 Decoder develop\CAN_Lib\libArduinoCore.a(HardwareSerial0.cpp.o)
 .text._ZN5Print5writeEPKhj
                0x000016ba       0x50 D:\OneDrive\01 Eisenbahn\00 Decoder develop\CAN_Lib\libArduinoCore.a(Print.cpp.o)
                0x000016ba                _ZN5Print5writeEPKhj
 .text._ZN5Print5writeEPKc
                0x0000170a       0x2c D:\OneDrive\01 Eisenbahn\00 Decoder develop\CAN_Lib\libArduinoCore.a(Print.cpp.o)
                0x0000170a                _ZN5Print5writeEPKc
 .text._ZN5Print5printEc
                0x00001736        0xe D:\OneDrive\01 Eisenbahn\00 Decoder develop\CAN_Lib\libArduinoCore.a(Print.cpp.o)
                0x00001736                _ZN5Print5printEc
 .text._ZN5Print11printNumberEmh
                0x00001744       0x9e D:\OneDrive\01 Eisenbahn\00 Decoder develop\CAN_Lib\libArduinoCore.a(Print.cpp.o)
                0x00001744                _ZN5Print11printNumberEmh
 .text._ZN5Print5printEli
                0x000017e2       0x94 D:\OneDrive\01 Eisenbahn\00 Decoder develop\CAN_Lib\libArduinoCore.a(Print.cpp.o)
                0x000017e2                _ZN5Print5printEli
 .text._ZN5Print5printEii
                0x00001876       0x10 D:\OneDrive\01 Eisenbahn\00 Decoder develop\CAN_Lib\libArduinoCore.a(Print.cpp.o)
                0x00001876                _ZN5Print5printEii
 .text._ZN5Print5printEmi
                0x00001886       0x1a D:\OneDrive\01 Eisenbahn\00 Decoder develop\CAN_Lib\libArduinoCore.a(Print.cpp.o)
                0x00001886                _ZN5Print5printEmi
 .text._ZN5Print5printEhi
                0x000018a0        0xe D:\OneDrive\01 Eisenbahn\00 Decoder develop\CAN_Lib\libArduinoCore.a(Print.cpp.o)
                0x000018a0                _ZN5Print5printEhi
 .text.initVariant
                0x000018ae        0x2 D:\OneDrive\01 Eisenbahn\00 Decoder develop\CAN_Lib\libArduinoCore.a(main.cpp.o)
                0x000018ae                initVariant
 .text.startup.main
                0x000018b0       0x1e D:\OneDrive\01 Eisenbahn\00 Decoder develop\CAN_Lib\libArduinoCore.a(main.cpp.o)
                0x000018b0                main
 .text.__vector_16
                0x000018ce       0x94 D:\OneDrive\01 Eisenbahn\00 Decoder develop\CAN_Lib\libArduinoCore.a(wiring.c.o)
                0x000018ce                __vector_16
 .text.init     0x00001962       0x76 D:\OneDrive\01 Eisenbahn\00 Decoder develop\CAN_Lib\libArduinoCore.a(wiring.c.o)
                0x00001962                init
 .text.libgcc.div
                0x000019d8       0x44 c:/program files (x86)/atmel/studio/7.0/toolchain/avr8/avr8-gnu-toolchain/bin/../lib/gcc/avr/4.9.2/avr5\libgcc.a(_udivmodsi4.o)
                0x000019d8                __udivmodsi4
 .text.libgcc   0x00001a1c        0xc c:/program files (x86)/atmel/studio/7.0/toolchain/avr8/avr8-gnu-toolchain/bin/../lib/gcc/avr/4.9.2/avr5\libgcc.a(_tablejump2.o)
                0x00001a1c                __tablejump2__
 .text.avr-libc
                0x00001a28       0x10 C:/Program Files (x86)/Atmel/Studio/7.0/Packs/atmel/ATmega_DFP/1.1.130/gcc/dev/atmega328p/avr5\libatmega328p.a(eerd_byte.o)
                0x00001a28                eeprom_read_byte
 .text.avr-libc
                0x00001a38       0x24 C:/Program Files (x86)/Atmel/Studio/7.0/Packs/atmel/ATmega_DFP/1.1.130/gcc/dev/atmega328p/avr5\libatmega328p.a(eeupd_byte.o)
                0x00001a38                eeprom_update_byte
                0x00001a3a                eeprom_update_r18
                0x00001a5c                . = ALIGN (0x2)
 *(.fini9)
 .fini9         0x00001a5c        0x0 c:/program files (x86)/atmel/studio/7.0/toolchain/avr8/avr8-gnu-toolchain/bin/../lib/gcc/avr/4.9.2/avr5\libgcc.a(_exit.o)
                0x00001a5c                _exit
                0x00001a5c                exit
 *(.fini9)
 *(.fini8)
 *(.fini8)
 *(.fini7)
 *(.fini7)
 *(.fini6)
 *(.fini6)
 *(.fini5)
 *(.fini5)
 *(.fini4)
 *(.fini4)
 *(.fini3)
 *(.fini3)
 *(.fini2)
 *(.fini2)
 *(.fini1)
 *(.fini1)
 *(.fini0)
 .fini0         0x00001a5c        0x4 c:/program files (x86)/atmel/studio/7.0/toolchain/avr8/avr8-gnu-toolchain/bin/../lib/gcc/avr/4.9.2/avr5\libgcc.a(_exit.o)
 *(.fini0)
                0x00001a60                _etext = .

.data           0x00800100       0x24 load address 0x00001a60
                0x00800100                PROVIDE (__data_start, .)
 *(.data)
 *(.data*)
 .data.intFunc  0x00800100        0x4 D:\OneDrive\01 Eisenbahn\00 Decoder develop\CAN_Lib\libArduinoCore.a(WInterrupts.c.o)
 *(.rodata)
 *(.rodata*)
 .rodata._ZTV11CAN_MCP2515
                0x00800104       0x10 CAN_MCP2515.o
                0x00800104                _ZTV11CAN_MCP2515
 .rodata._ZTV14HardwareSerial
                0x00800114       0x10 D:\OneDrive\01 Eisenbahn\00 Decoder develop\CAN_Lib\libArduinoCore.a(HardwareSerial.cpp.o)
                0x00800114                _ZTV14HardwareSerial
 *(.gnu.linkonce.d*)
                0x00800124                . = ALIGN (0x2)
                0x00800124                _edata = .
                0x00800124                PROVIDE (__data_end, .)

.bss            0x00800124       0xe7
                0x00800124                PROVIDE (__bss_start, .)
 *(.bss)
 *(.bss*)
 .bss.CAN       0x00800124        0x3 CAN_MCP2515.o
                0x00800124                CAN
 .bss._ZN8SPIClass13interruptModeE
                0x00800127        0x1 SPI.o
                0x00800127                _ZN8SPIClass13interruptModeE
 .bss._ZN8SPIClass11initializedE
                0x00800128        0x1 SPI.o
                0x00800128                _ZN8SPIClass11initializedE
 .bss.incomingMsg
                0x00800129       0x18 main.o
                0x00800129                incomingMsg
 .bss.outgoingMsg
                0x00800141       0x18 main.o
                0x00800141                outgoingMsg
 .bss.hash      0x00800159        0x2 main.o
                0x00800159                hash
 .bss.LoByteAddress
                0x0080015b        0x1 main.o
                0x0080015b                LoByteAddress
 .bss.HiByteAddress
                0x0080015c        0x1 main.o
                0x0080015c                HiByteAddress
 .bss.pcf8574_pinstatus
                0x0080015d        0x8 pcf8574.o
                0x0080015d                pcf8574_pinstatus
 .bss.Serial    0x00800165       0x9d D:\OneDrive\01 Eisenbahn\00 Decoder develop\CAN_Lib\libArduinoCore.a(HardwareSerial0.cpp.o)
                0x00800165                Serial
 .bss.timer0_fract
                0x00800202        0x1 D:\OneDrive\01 Eisenbahn\00 Decoder develop\CAN_Lib\libArduinoCore.a(wiring.c.o)
 .bss.timer0_millis
                0x00800203        0x4 D:\OneDrive\01 Eisenbahn\00 Decoder develop\CAN_Lib\libArduinoCore.a(wiring.c.o)
                0x00800203                timer0_millis
 .bss.timer0_overflow_count
                0x00800207        0x4 D:\OneDrive\01 Eisenbahn\00 Decoder develop\CAN_Lib\libArduinoCore.a(wiring.c.o)
                0x00800207                timer0_overflow_count
 *(COMMON)
                0x0080020b                PROVIDE (__bss_end, .)
                0x00001a60                __data_load_start = LOADADDR (.data)
                0x00001a84                __data_load_end = (__data_load_start + SIZEOF (.data))

.noinit         0x0080020b        0x0
                [!provide]                PROVIDE (__noinit_start, .)
 *(.noinit*)
                [!provide]                PROVIDE (__noinit_end, .)
                0x0080020b                _end = .
                [!provide]                PROVIDE (__heap_start, .)

.eeprom         0x00810000        0x0
 *(.eeprom*)
                0x00810000                __eeprom_end = .

.fuse
 *(.fuse)
 *(.lfuse)
 *(.hfuse)
 *(.efuse)

.lock
 *(.lock*)

.signature
 *(.signature*)

.user_signatures
 *(.user_signatures*)

.stab
 *(.stab)

.stabstr
 *(.stabstr)

.stab.excl
 *(.stab.excl)

.stab.exclstr
 *(.stab.exclstr)

.stab.index
 *(.stab.index)

.stab.indexstr
 *(.stab.indexstr)

.comment        0x00000000       0x41
 *(.comment)
 .comment       0x00000000       0x30 CAN_MCP2515.o
                                 0x31 (size before relaxing)
 .comment       0x00000030       0x31 ownCAN.o
 .comment       0x00000030       0x31 SPI.o
 .comment       0x00000030       0x31 main.o
 .comment       0x00000030       0x31 pcf8574.o
 .comment       0x00000030       0x31 twimaster.o
 .comment       0x00000030       0x11 D:\OneDrive\01 Eisenbahn\00 Decoder develop\CAN_Lib\libArduinoCore.a(WInterrupts.c.o)
                                 0x12 (size before relaxing)
 .comment       0x00000041       0x12 D:\OneDrive\01 Eisenbahn\00 Decoder develop\CAN_Lib\libArduinoCore.a(wiring_digital.c.o)
 .comment       0x00000041       0x12 D:\OneDrive\01 Eisenbahn\00 Decoder develop\CAN_Lib\libArduinoCore.a(HardwareSerial.cpp.o)
 .comment       0x00000041       0x12 D:\OneDrive\01 Eisenbahn\00 Decoder develop\CAN_Lib\libArduinoCore.a(HardwareSerial0.cpp.o)
 .comment       0x00000041       0x12 D:\OneDrive\01 Eisenbahn\00 Decoder develop\CAN_Lib\libArduinoCore.a(Print.cpp.o)
 .comment       0x00000041       0x12 D:\OneDrive\01 Eisenbahn\00 Decoder develop\CAN_Lib\libArduinoCore.a(main.cpp.o)
 .comment       0x00000041       0x12 D:\OneDrive\01 Eisenbahn\00 Decoder develop\CAN_Lib\libArduinoCore.a(wiring.c.o)

.note.gnu.avr.deviceinfo
                0x00000000       0x40
 .note.gnu.avr.deviceinfo
                0x00000000       0x40 C:/Program Files (x86)/Atmel/Studio/7.0/Packs/atmel/ATmega_DFP/1.1.130/gcc/dev/atmega328p/avr5/crtatmega328p.o

.note.gnu.build-id
 *(.note.gnu.build-id)

.debug
 *(.debug)

.line
 *(.line)

.debug_srcinfo
 *(.debug_srcinfo)

.debug_sfnames
 *(.debug_sfnames)

.debug_aranges  0x00000000      0x550
 *(.debug_aranges)
 .debug_aranges
                0x00000000      0x108 CAN_MCP2515.o
 .debug_aranges
                0x00000108       0x40 ownCAN.o
 .debug_aranges
                0x00000148       0x38 SPI.o
 .debug_aranges
                0x00000180       0x48 main.o
 .debug_aranges
                0x000001c8       0x68 pcf8574.o
 .debug_aranges
                0x00000230       0x58 twimaster.o
 .debug_aranges
                0x00000288       0x40 D:\OneDrive\01 Eisenbahn\00 Decoder develop\CAN_Lib\libArduinoCore.a(WInterrupts.c.o)
 .debug_aranges
                0x000002c8       0x38 D:\OneDrive\01 Eisenbahn\00 Decoder develop\CAN_Lib\libArduinoCore.a(wiring_digital.c.o)
 .debug_aranges
                0x00000300       0x68 D:\OneDrive\01 Eisenbahn\00 Decoder develop\CAN_Lib\libArduinoCore.a(HardwareSerial.cpp.o)
 .debug_aranges
                0x00000368       0x38 D:\OneDrive\01 Eisenbahn\00 Decoder develop\CAN_Lib\libArduinoCore.a(HardwareSerial0.cpp.o)
 .debug_aranges
                0x000003a0       0xf0 D:\OneDrive\01 Eisenbahn\00 Decoder develop\CAN_Lib\libArduinoCore.a(Print.cpp.o)
 .debug_aranges
                0x00000490       0x38 D:\OneDrive\01 Eisenbahn\00 Decoder develop\CAN_Lib\libArduinoCore.a(main.cpp.o)
 .debug_aranges
                0x000004c8       0x48 D:\OneDrive\01 Eisenbahn\00 Decoder develop\CAN_Lib\libArduinoCore.a(wiring.c.o)
 .debug_aranges
                0x00000510       0x20 C:/Program Files (x86)/Atmel/Studio/7.0/Packs/atmel/ATmega_DFP/1.1.130/gcc/dev/atmega328p/avr5\libatmega328p.a(eerd_byte.o)
 .debug_aranges
                0x00000530       0x20 C:/Program Files (x86)/Atmel/Studio/7.0/Packs/atmel/ATmega_DFP/1.1.130/gcc/dev/atmega328p/avr5\libatmega328p.a(eeupd_byte.o)

.debug_pubnames
 *(.debug_pubnames)

.debug_info     0x00000000     0xb392
 *(.debug_info .gnu.linkonce.wi.*)
 .debug_info    0x00000000      0x5f4 C:/Program Files (x86)/Atmel/Studio/7.0/Packs/atmel/ATmega_DFP/1.1.130/gcc/dev/atmega328p/avr5/crtatmega328p.o
 .debug_info    0x000005f4     0x206c CAN_MCP2515.o
 .debug_info    0x00002660      0x429 ownCAN.o
 .debug_info    0x00002a89      0x688 SPI.o
 .debug_info    0x00003111      0xcf3 main.o
 .debug_info    0x00003e04      0x5d3 pcf8574.o
 .debug_info    0x000043d7      0x1f3 twimaster.o
 .debug_info    0x000045ca      0x213 D:\OneDrive\01 Eisenbahn\00 Decoder develop\CAN_Lib\libArduinoCore.a(WInterrupts.c.o)
 .debug_info    0x000047dd      0x5f1 D:\OneDrive\01 Eisenbahn\00 Decoder develop\CAN_Lib\libArduinoCore.a(wiring_digital.c.o)
 .debug_info    0x00004dce     0x1d78 D:\OneDrive\01 Eisenbahn\00 Decoder develop\CAN_Lib\libArduinoCore.a(HardwareSerial.cpp.o)
 .debug_info    0x00006b46     0x195e D:\OneDrive\01 Eisenbahn\00 Decoder develop\CAN_Lib\libArduinoCore.a(HardwareSerial0.cpp.o)
 .debug_info    0x000084a4     0x2897 D:\OneDrive\01 Eisenbahn\00 Decoder develop\CAN_Lib\libArduinoCore.a(Print.cpp.o)
 .debug_info    0x0000ad3b      0x231 D:\OneDrive\01 Eisenbahn\00 Decoder develop\CAN_Lib\libArduinoCore.a(main.cpp.o)
 .debug_info    0x0000af6c      0x2cd D:\OneDrive\01 Eisenbahn\00 Decoder develop\CAN_Lib\libArduinoCore.a(wiring.c.o)
 .debug_info    0x0000b239       0xac C:/Program Files (x86)/Atmel/Studio/7.0/Packs/atmel/ATmega_DFP/1.1.130/gcc/dev/atmega328p/avr5\libatmega328p.a(eerd_byte.o)
 .debug_info    0x0000b2e5       0xad C:/Program Files (x86)/Atmel/Studio/7.0/Packs/atmel/ATmega_DFP/1.1.130/gcc/dev/atmega328p/avr5\libatmega328p.a(eeupd_byte.o)

.debug_abbrev   0x00000000     0x2770
 *(.debug_abbrev)
 .debug_abbrev  0x00000000      0x5a2 C:/Program Files (x86)/Atmel/Studio/7.0/Packs/atmel/ATmega_DFP/1.1.130/gcc/dev/atmega328p/avr5/crtatmega328p.o
 .debug_abbrev  0x000005a2      0x594 CAN_MCP2515.o
 .debug_abbrev  0x00000b36      0x1fa ownCAN.o
 .debug_abbrev  0x00000d30      0x285 SPI.o
 .debug_abbrev  0x00000fb5      0x3c0 main.o
 .debug_abbrev  0x00001375      0x1ff pcf8574.o
 .debug_abbrev  0x00001574       0xf2 twimaster.o
 .debug_abbrev  0x00001666       0xfa D:\OneDrive\01 Eisenbahn\00 Decoder develop\CAN_Lib\libArduinoCore.a(WInterrupts.c.o)
 .debug_abbrev  0x00001760      0x162 D:\OneDrive\01 Eisenbahn\00 Decoder develop\CAN_Lib\libArduinoCore.a(wiring_digital.c.o)
 .debug_abbrev  0x000018c2      0x44a D:\OneDrive\01 Eisenbahn\00 Decoder develop\CAN_Lib\libArduinoCore.a(HardwareSerial.cpp.o)
 .debug_abbrev  0x00001d0c      0x392 D:\OneDrive\01 Eisenbahn\00 Decoder develop\CAN_Lib\libArduinoCore.a(HardwareSerial0.cpp.o)
 .debug_abbrev  0x0000209e      0x45e D:\OneDrive\01 Eisenbahn\00 Decoder develop\CAN_Lib\libArduinoCore.a(Print.cpp.o)
 .debug_abbrev  0x000024fc      0x109 D:\OneDrive\01 Eisenbahn\00 Decoder develop\CAN_Lib\libArduinoCore.a(main.cpp.o)
 .debug_abbrev  0x00002605      0x143 D:\OneDrive\01 Eisenbahn\00 Decoder develop\CAN_Lib\libArduinoCore.a(wiring.c.o)
 .debug_abbrev  0x00002748       0x14 C:/Program Files (x86)/Atmel/Studio/7.0/Packs/atmel/ATmega_DFP/1.1.130/gcc/dev/atmega328p/avr5\libatmega328p.a(eerd_byte.o)
 .debug_abbrev  0x0000275c       0x14 C:/Program Files (x86)/Atmel/Studio/7.0/Packs/atmel/ATmega_DFP/1.1.130/gcc/dev/atmega328p/avr5\libatmega328p.a(eeupd_byte.o)

.debug_line     0x00000000     0x30d9
 *(.debug_line .debug_line.* .debug_line_end)
 .debug_line    0x00000000      0x133 C:/Program Files (x86)/Atmel/Studio/7.0/Packs/atmel/ATmega_DFP/1.1.130/gcc/dev/atmega328p/avr5/crtatmega328p.o
 .debug_line    0x00000133      0xdd2 CAN_MCP2515.o
 .debug_line    0x00000f05      0x22a ownCAN.o
 .debug_line    0x0000112f      0x31e SPI.o
 .debug_line    0x0000144d      0x50a main.o
 .debug_line    0x00001957      0x39b pcf8574.o
 .debug_line    0x00001cf2      0x2c8 twimaster.o
 .debug_line    0x00001fba      0x191 D:\OneDrive\01 Eisenbahn\00 Decoder develop\CAN_Lib\libArduinoCore.a(WInterrupts.c.o)
 .debug_line    0x0000214b      0x196 D:\OneDrive\01 Eisenbahn\00 Decoder develop\CAN_Lib\libArduinoCore.a(wiring_digital.c.o)
 .debug_line    0x000022e1      0x2e1 D:\OneDrive\01 Eisenbahn\00 Decoder develop\CAN_Lib\libArduinoCore.a(HardwareSerial.cpp.o)
 .debug_line    0x000025c2      0x234 D:\OneDrive\01 Eisenbahn\00 Decoder develop\CAN_Lib\libArduinoCore.a(HardwareSerial0.cpp.o)
 .debug_line    0x000027f6      0x45d D:\OneDrive\01 Eisenbahn\00 Decoder develop\CAN_Lib\libArduinoCore.a(Print.cpp.o)
 .debug_line    0x00002c53      0x183 D:\OneDrive\01 Eisenbahn\00 Decoder develop\CAN_Lib\libArduinoCore.a(main.cpp.o)
 .debug_line    0x00002dd6      0x1d3 D:\OneDrive\01 Eisenbahn\00 Decoder develop\CAN_Lib\libArduinoCore.a(wiring.c.o)
 .debug_line    0x00002fa9       0x7a C:/Program Files (x86)/Atmel/Studio/7.0/Packs/atmel/ATmega_DFP/1.1.130/gcc/dev/atmega328p/avr5\libatmega328p.a(eerd_byte.o)
 .debug_line    0x00003023       0xb6 C:/Program Files (x86)/Atmel/Studio/7.0/Packs/atmel/ATmega_DFP/1.1.130/gcc/dev/atmega328p/avr5\libatmega328p.a(eeupd_byte.o)

.debug_frame    0x00000000      0xf04
 *(.debug_frame)
 .debug_frame   0x00000000      0x3e8 CAN_MCP2515.o
 .debug_frame   0x000003e8       0x8c ownCAN.o
 .debug_frame   0x00000474       0x5c SPI.o
 .debug_frame   0x000004d0       0xa4 main.o
 .debug_frame   0x00000574       0xe0 pcf8574.o
 .debug_frame   0x00000654       0xa0 twimaster.o
 .debug_frame   0x000006f4       0xf4 D:\OneDrive\01 Eisenbahn\00 Decoder develop\CAN_Lib\libArduinoCore.a(WInterrupts.c.o)
 .debug_frame   0x000007e8       0x88 D:\OneDrive\01 Eisenbahn\00 Decoder develop\CAN_Lib\libArduinoCore.a(wiring_digital.c.o)
 .debug_frame   0x00000870      0x11c D:\OneDrive\01 Eisenbahn\00 Decoder develop\CAN_Lib\libArduinoCore.a(HardwareSerial.cpp.o)
 .debug_frame   0x0000098c       0xc0 D:\OneDrive\01 Eisenbahn\00 Decoder develop\CAN_Lib\libArduinoCore.a(HardwareSerial0.cpp.o)
 .debug_frame   0x00000a4c      0x3a0 D:\OneDrive\01 Eisenbahn\00 Decoder develop\CAN_Lib\libArduinoCore.a(Print.cpp.o)
 .debug_frame   0x00000dec       0x54 D:\OneDrive\01 Eisenbahn\00 Decoder develop\CAN_Lib\libArduinoCore.a(main.cpp.o)
 .debug_frame   0x00000e40       0xc4 D:\OneDrive\01 Eisenbahn\00 Decoder develop\CAN_Lib\libArduinoCore.a(wiring.c.o)

.debug_str      0x00000000     0x2b12
 *(.debug_str)
 .debug_str     0x00000000      0x208 C:/Program Files (x86)/Atmel/Studio/7.0/Packs/atmel/ATmega_DFP/1.1.130/gcc/dev/atmega328p/avr5/crtatmega328p.o
 .debug_str     0x00000208      0xac9 CAN_MCP2515.o
                                0xb79 (size before relaxing)
 .debug_str     0x00000cd1       0xd4 ownCAN.o
                                0x37c (size before relaxing)
 .debug_str     0x00000da5       0xf9 SPI.o
                                0x61b (size before relaxing)
 .debug_str     0x00000e9e      0x355 main.o
                                0x691 (size before relaxing)
 .debug_str     0x000011f3      0x12e pcf8574.o
                                0x46d (size before relaxing)
 .debug_str     0x00001321       0x79 twimaster.o
                                0x285 (size before relaxing)
 .debug_str     0x0000139a       0xf1 D:\OneDrive\01 Eisenbahn\00 Decoder develop\CAN_Lib\libArduinoCore.a(WInterrupts.c.o)
                                0x19d (size before relaxing)
 .debug_str     0x0000148b       0xb6 D:\OneDrive\01 Eisenbahn\00 Decoder develop\CAN_Lib\libArduinoCore.a(wiring_digital.c.o)
                                0x215 (size before relaxing)
 .debug_str     0x00001541     0x107b D:\OneDrive\01 Eisenbahn\00 Decoder develop\CAN_Lib\libArduinoCore.a(HardwareSerial.cpp.o)
                               0x125b (size before relaxing)
 .debug_str     0x000025bc       0x7d D:\OneDrive\01 Eisenbahn\00 Decoder develop\CAN_Lib\libArduinoCore.a(HardwareSerial0.cpp.o)
                               0x1055 (size before relaxing)
 .debug_str     0x00002639      0x3b3 D:\OneDrive\01 Eisenbahn\00 Decoder develop\CAN_Lib\libArduinoCore.a(Print.cpp.o)
                                0xed6 (size before relaxing)
 .debug_str     0x000029ec       0x79 D:\OneDrive\01 Eisenbahn\00 Decoder develop\CAN_Lib\libArduinoCore.a(main.cpp.o)
                                0x25c (size before relaxing)
 .debug_str     0x00002a65       0xad D:\OneDrive\01 Eisenbahn\00 Decoder develop\CAN_Lib\libArduinoCore.a(wiring.c.o)
                                0x1b0 (size before relaxing)

.debug_loc      0x00000000     0x5522
 *(.debug_loc)
 .debug_loc     0x00000000     0x18c2 CAN_MCP2515.o
 .debug_loc     0x000018c2      0x1ee ownCAN.o
 .debug_loc     0x00001ab0      0x1e4 SPI.o
 .debug_loc     0x00001c94      0x16a main.o
 .debug_loc     0x00001dfe      0x6f6 pcf8574.o
 .debug_loc     0x000024f4      0x12d twimaster.o
 .debug_loc     0x00002621      0x217 D:\OneDrive\01 Eisenbahn\00 Decoder develop\CAN_Lib\libArduinoCore.a(WInterrupts.c.o)
 .debug_loc     0x00002838      0x617 D:\OneDrive\01 Eisenbahn\00 Decoder develop\CAN_Lib\libArduinoCore.a(wiring_digital.c.o)
 .debug_loc     0x00002e4f      0x4ca D:\OneDrive\01 Eisenbahn\00 Decoder develop\CAN_Lib\libArduinoCore.a(HardwareSerial.cpp.o)
 .debug_loc     0x00003319      0x161 D:\OneDrive\01 Eisenbahn\00 Decoder develop\CAN_Lib\libArduinoCore.a(HardwareSerial0.cpp.o)
 .debug_loc     0x0000347a     0x1e5d D:\OneDrive\01 Eisenbahn\00 Decoder develop\CAN_Lib\libArduinoCore.a(Print.cpp.o)
 .debug_loc     0x000052d7      0x24b D:\OneDrive\01 Eisenbahn\00 Decoder develop\CAN_Lib\libArduinoCore.a(wiring.c.o)

.debug_macinfo
 *(.debug_macinfo)

.debug_weaknames
 *(.debug_weaknames)

.debug_funcnames
 *(.debug_funcnames)

.debug_typenames
 *(.debug_typenames)

.debug_varnames
 *(.debug_varnames)

.debug_pubtypes
 *(.debug_pubtypes)

.debug_ranges   0x00000000      0x4b8
 *(.debug_ranges)
 .debug_ranges  0x00000000       0xf8 CAN_MCP2515.o
 .debug_ranges  0x000000f8       0x30 ownCAN.o
 .debug_ranges  0x00000128       0x28 SPI.o
 .debug_ranges  0x00000150       0x38 main.o
 .debug_ranges  0x00000188       0x58 pcf8574.o
 .debug_ranges  0x000001e0       0x48 twimaster.o
 .debug_ranges  0x00000228       0x30 D:\OneDrive\01 Eisenbahn\00 Decoder develop\CAN_Lib\libArduinoCore.a(WInterrupts.c.o)
 .debug_ranges  0x00000258       0x40 D:\OneDrive\01 Eisenbahn\00 Decoder develop\CAN_Lib\libArduinoCore.a(wiring_digital.c.o)
 .debug_ranges  0x00000298       0x70 D:\OneDrive\01 Eisenbahn\00 Decoder develop\CAN_Lib\libArduinoCore.a(HardwareSerial.cpp.o)
 .debug_ranges  0x00000308       0x28 D:\OneDrive\01 Eisenbahn\00 Decoder develop\CAN_Lib\libArduinoCore.a(HardwareSerial0.cpp.o)
 .debug_ranges  0x00000330      0x128 D:\OneDrive\01 Eisenbahn\00 Decoder develop\CAN_Lib\libArduinoCore.a(Print.cpp.o)
 .debug_ranges  0x00000458       0x28 D:\OneDrive\01 Eisenbahn\00 Decoder develop\CAN_Lib\libArduinoCore.a(main.cpp.o)
 .debug_ranges  0x00000480       0x38 D:\OneDrive\01 Eisenbahn\00 Decoder develop\CAN_Lib\libArduinoCore.a(wiring.c.o)

.debug_macro
 *(.debug_macro)
OUTPUT(hall2can.elf elf32-avr)
LOAD linker stubs
