Archive member included to satisfy reference by file (symbol)

D:\OneDrive\01 Eisenbahn\00 Decoder develop\CAN_Lib\libArduinoCore.a(WInterrupts.c.o)
                              ownCAN.o (detachInterrupt)
D:\OneDrive\01 Eisenbahn\00 Decoder develop\CAN_Lib\libArduinoCore.a(wiring.c.o)
                              main.o (millis)
D:\OneDrive\01 Eisenbahn\00 Decoder develop\CAN_Lib\libArduinoCore.a(wiring_digital.c.o)
                              CAN_MCP2515.o (pinMode)
D:\OneDrive\01 Eisenbahn\00 Decoder develop\CAN_Lib\libArduinoCore.a(HardwareSerial.cpp.o)
                              main.o (_ZN14HardwareSerial9availableEv)
D:\OneDrive\01 Eisenbahn\00 Decoder develop\CAN_Lib\libArduinoCore.a(HardwareSerial0.cpp.o)
                              main.o (Serial)
D:\OneDrive\01 Eisenbahn\00 Decoder develop\CAN_Lib\libArduinoCore.a(Print.cpp.o)
                              D:\OneDrive\01 Eisenbahn\00 Decoder develop\CAN_Lib\libArduinoCore.a(HardwareSerial.cpp.o) (_ZN5Print5writeEPKhj)
D:\OneDrive\01 Eisenbahn\00 Decoder develop\CAN_Lib\libArduinoCore.a(WString.cpp.o)
                              main.o (_ZN6StringD1Ev)
D:\OneDrive\01 Eisenbahn\00 Decoder develop\CAN_Lib\libArduinoCore.a(abi.cpp.o)
                              D:\OneDrive\01 Eisenbahn\00 Decoder develop\CAN_Lib\libArduinoCore.a(Print.cpp.o) (__cxa_pure_virtual)
D:\OneDrive\01 Eisenbahn\00 Decoder develop\CAN_Lib\libArduinoCore.a(main.cpp.o)
                              C:/Program Files (x86)/Atmel/Studio/7.0/Packs/atmel/ATmega_DFP/1.1.130/gcc/dev/atmega328p/avr5/crtatmega328p.o (main)
D:\OneDrive\01 Eisenbahn\00 Decoder develop\CAN_Lib\libArduinoCore.a(hooks.c.o)
                              D:\OneDrive\01 Eisenbahn\00 Decoder develop\CAN_Lib\libArduinoCore.a(wiring.c.o) (yield)
c:/program files (x86)/atmel/studio/7.0/toolchain/avr8/avr8-gnu-toolchain/bin/../lib/gcc/avr/4.9.2/../../../../avr/lib/avr5\libm.a(addsf3.o)
                              D:\OneDrive\01 Eisenbahn\00 Decoder develop\CAN_Lib\libArduinoCore.a(Print.cpp.o) (__subsf3)
c:/program files (x86)/atmel/studio/7.0/toolchain/avr8/avr8-gnu-toolchain/bin/../lib/gcc/avr/4.9.2/../../../../avr/lib/avr5\libm.a(addsf3x.o)
                              c:/program files (x86)/atmel/studio/7.0/toolchain/avr8/avr8-gnu-toolchain/bin/../lib/gcc/avr/4.9.2/../../../../avr/lib/avr5\libm.a(addsf3.o) (__addsf3x)
c:/program files (x86)/atmel/studio/7.0/toolchain/avr8/avr8-gnu-toolchain/bin/../lib/gcc/avr/4.9.2/../../../../avr/lib/avr5\libm.a(cmpsf2.o)
                              D:\OneDrive\01 Eisenbahn\00 Decoder develop\CAN_Lib\libArduinoCore.a(Print.cpp.o) (__ltsf2)
c:/program files (x86)/atmel/studio/7.0/toolchain/avr8/avr8-gnu-toolchain/bin/../lib/gcc/avr/4.9.2/../../../../avr/lib/avr5\libm.a(divsf3.o)
                              D:\OneDrive\01 Eisenbahn\00 Decoder develop\CAN_Lib\libArduinoCore.a(Print.cpp.o) (__divsf3)
c:/program files (x86)/atmel/studio/7.0/toolchain/avr8/avr8-gnu-toolchain/bin/../lib/gcc/avr/4.9.2/../../../../avr/lib/avr5\libm.a(divsf3x.o)
                              c:/program files (x86)/atmel/studio/7.0/toolchain/avr8/avr8-gnu-toolchain/bin/../lib/gcc/avr/4.9.2/../../../../avr/lib/avr5\libm.a(divsf3.o) (__divsf3x)
c:/program files (x86)/atmel/studio/7.0/toolchain/avr8/avr8-gnu-toolchain/bin/../lib/gcc/avr/4.9.2/../../../../avr/lib/avr5\libm.a(fixsfsi.o)
                              D:\OneDrive\01 Eisenbahn\00 Decoder develop\CAN_Lib\libArduinoCore.a(Print.cpp.o) (__fixsfsi)
c:/program files (x86)/atmel/studio/7.0/toolchain/avr8/avr8-gnu-toolchain/bin/../lib/gcc/avr/4.9.2/../../../../avr/lib/avr5\libm.a(fixunssfsi.o)
                              D:\OneDrive\01 Eisenbahn\00 Decoder develop\CAN_Lib\libArduinoCore.a(Print.cpp.o) (__fixunssfsi)
c:/program files (x86)/atmel/studio/7.0/toolchain/avr8/avr8-gnu-toolchain/bin/../lib/gcc/avr/4.9.2/../../../../avr/lib/avr5\libm.a(floatsisf.o)
                              D:\OneDrive\01 Eisenbahn\00 Decoder develop\CAN_Lib\libArduinoCore.a(Print.cpp.o) (__floatunsisf)
c:/program files (x86)/atmel/studio/7.0/toolchain/avr8/avr8-gnu-toolchain/bin/../lib/gcc/avr/4.9.2/../../../../avr/lib/avr5\libm.a(fp_cmp.o)
                              c:/program files (x86)/atmel/studio/7.0/toolchain/avr8/avr8-gnu-toolchain/bin/../lib/gcc/avr/4.9.2/../../../../avr/lib/avr5\libm.a(cmpsf2.o) (__fp_cmp)
c:/program files (x86)/atmel/studio/7.0/toolchain/avr8/avr8-gnu-toolchain/bin/../lib/gcc/avr/4.9.2/../../../../avr/lib/avr5\libm.a(fp_inf.o)
                              c:/program files (x86)/atmel/studio/7.0/toolchain/avr8/avr8-gnu-toolchain/bin/../lib/gcc/avr/4.9.2/../../../../avr/lib/avr5\libm.a(addsf3x.o) (__fp_inf)
c:/program files (x86)/atmel/studio/7.0/toolchain/avr8/avr8-gnu-toolchain/bin/../lib/gcc/avr/4.9.2/../../../../avr/lib/avr5\libm.a(fp_nan.o)
[...]
Memory Configuration

Name             Origin             Length             Attributes
text             0x00000000         0x00020000         xr
data             0x00800060         0x0000ffa0         rw !x
eeprom           0x00810000         0x00010000         rw !x
fuse             0x00820000         0x00000003         rw !x
lock             0x00830000         0x00000400         rw !x
signature        0x00840000         0x00000400         rw !x
user_signatures  0x00850000         0x00000400         rw !x
*default*        0x00000000         0xffffffff

Linker script and memory map

Address of section .data set to 0x800100
LOAD C:/Program Files (x86)/Atmel/Studio/7.0/Packs/atmel/ATmega_DFP/1.1.130/gcc/dev/atmega328p/avr5/crtatmega328p.o
LOAD CAN.o
LOAD CAN_MCP2515.o
LOAD ownCAN.o
LOAD SPI.o
LOAD main.o
START GROUP
LOAD c:/program files (x86)/atmel/studio/7.0/toolchain/avr8/avr8-gnu-toolchain/bin/../lib/gcc/avr/4.9.2/../../../../avr/lib/avr5\libm.a
LOAD D:\OneDrive\01 Eisenbahn\00 Decoder develop\CAN_Lib\libArduinoCore.a
END GROUP
LOAD c:/program files (x86)/atmel/studio/7.0/toolchain/avr8/avr8-gnu-toolchain/bin/../lib/gcc/avr/4.9.2/avr5\libgcc.a
LOAD c:/program files (x86)/atmel/studio/7.0/toolchain/avr8/avr8-gnu-toolchain/bin/../lib/gcc/avr/4.9.2/../../../../avr/lib/avr5\libm.a
START GROUP
LOAD c:/program files (x86)/atmel/studio/7.0/toolchain/avr8/avr8-gnu-toolchain/bin/../lib/gcc/avr/4.9.2/avr5\libgcc.a
LOAD c:/program files (x86)/atmel/studio/7.0/toolchain/avr8/avr8-gnu-toolchain/bin/../lib/gcc/avr/4.9.2/../../../../avr/lib/avr5\libm.a
LOAD c:/program files (x86)/atmel/studio/7.0/toolchain/avr8/avr8-gnu-toolchain/bin/../lib/gcc/avr/4.9.2/../../../../avr/lib/avr5\libc.a
LOAD C:/Program Files (x86)/Atmel/Studio/7.0/Packs/atmel/ATmega_DFP/1.1.130/gcc/dev/atmega328p/avr5\libatmega328p.a
END GROUP
                0x00020000                __TEXT_REGION_LENGTH__ = DEFINED (__TEXT_REGION_LENGTH__)?__TEXT_REGION_LENGTH__:0x20000
                0x0000ffa0                __DATA_REGION_LENGTH__ = DEFINED (__DATA_REGION_LENGTH__)?__DATA_REGION_LENGTH__:0xffa0
                0x00010000                __EEPROM_REGION_LENGTH__ = DEFINED (__EEPROM_REGION_LENGTH__)?__EEPROM_REGION_LENGTH__:0x10000
                [0x00000003]                __FUSE_REGION_LENGTH__ = DEFINED (__FUSE_REGION_LENGTH__)?__FUSE_REGION_LENGTH__:0x400
                0x00000400                __LOCK_REGION_LENGTH__ = DEFINED (__LOCK_REGION_LENGTH__)?__LOCK_REGION_LENGTH__:0x400
                0x00000400                __SIGNATURE_REGION_LENGTH__ = DEFINED (__SIGNATURE_REGION_LENGTH__)?__SIGNATURE_REGION_LENGTH__:0x400
                0x00000400                __USER_SIGNATURE_REGION_LENGTH__ = DEFINED (__USER_SIGNATURE_REGION_LENGTH__)?__USER_SIGNATURE_REGION_LENGTH__:0x400

.hash
 *(.hash)

.dynsym
 *(.dynsym)

.dynstr
 *(.dynstr)

.gnu.version
 *(.gnu.version)

.gnu.version_d
 *(.gnu.version_d)

.gnu.version_r
 *(.gnu.version_r)

.rel.init
 *(.rel.init)

.rela.init
 *(.rela.init)

.rel.text
 *(.rel.text)
 *(.rel.text.*)
 *(.rel.gnu.linkonce.t*)

.rela.text
 *(.rela.text)
 *(.rela.text.*)
 *(.rela.gnu.linkonce.t*)

.rel.fini
 *(.rel.fini)

.rela.fini
 *(.rela.fini)

.rel.rodata
 *(.rel.rodata)
 *(.rel.rodata.*)
 *(.rel.gnu.linkonce.r*)

.rela.rodata
 *(.rela.rodata)
 *(.rela.rodata.*)
 *(.rela.gnu.linkonce.r*)

.rel.data
 *(.rel.data)
 *(.rel.data.*)
 *(.rel.gnu.linkonce.d*)

.rela.data
 *(.rela.data)
 *(.rela.data.*)
 *(.rela.gnu.linkonce.d*)

.rel.ctors
 *(.rel.ctors)

.rela.ctors
 *(.rela.ctors)

.rel.dtors
 *(.rel.dtors)

.rela.dtors
 *(.rela.dtors)

.rel.got
 *(.rel.got)

.rela.got
 *(.rela.got)

.rel.bss
 *(.rel.bss)

.rela.bss
 *(.rela.bss)

.rel.plt
 *(.rel.plt)

.rela.plt
 *(.rela.plt)

.text           0x00000000     0x20f2
 *(.vectors)
 .vectors       0x00000000       0x68 C:/Program Files (x86)/Atmel/Studio/7.0/Packs/atmel/ATmega_DFP/1.1.130/gcc/dev/atmega328p/avr5/crtatmega328p.o
                0x00000000                __vector_default
                0x00000000                __vectors
 *(.vectors)
 *(.progmem.gcc*)
                0x00000068                . = ALIGN (0x2)
                0x00000068                __trampolines_start = .
 *(.trampolines)
 .trampolines   0x00000068        0x0 linker stubs
 *(.trampolines*)
                0x00000068                __trampolines_end = .
 *libprintf_flt.a:*(.progmem.data)
 *libc.a:*(.progmem.data)
 *(.progmem*)
 .progmem.data.digital_pin_to_timer_PGM
                0x00000068       0x14 D:\OneDrive\01 Eisenbahn\00 Decoder develop\CAN_Lib\libArduinoCore.a(wiring_digital.c.o)
                0x00000068                digital_pin_to_timer_PGM
 .progmem.data.digital_pin_to_bit_mask_PGM
                0x0000007c       0x14 D:\OneDrive\01 Eisenbahn\00 Decoder develop\CAN_Lib\libArduinoCore.a(wiring_digital.c.o)
                0x0000007c                digital_pin_to_bit_mask_PGM
 .progmem.data.digital_pin_to_port_PGM
                0x00000090       0x14 D:\OneDrive\01 Eisenbahn\00 Decoder develop\CAN_Lib\libArduinoCore.a(wiring_digital.c.o)
                0x00000090                digital_pin_to_port_PGM
 .progmem.data.port_to_output_PGM
                0x000000a4        0xa D:\OneDrive\01 Eisenbahn\00 Decoder develop\CAN_Lib\libArduinoCore.a(wiring_digital.c.o)
                0x000000a4                port_to_output_PGM
 .progmem.data.port_to_mode_PGM
                0x000000ae        0xa D:\OneDrive\01 Eisenbahn\00 Decoder develop\CAN_Lib\libArduinoCore.a(wiring_digital.c.o)
                0x000000ae                port_to_mode_PGM
                0x000000b8                . = ALIGN (0x2)
 *(.jumptables)
 *(.jumptables*)
 *(.lowtext)
 *(.lowtext*)
                0x000000b8                __ctors_start = .
 *(.ctors)
 .ctors         0x000000b8        0x2 CAN_MCP2515.o
 .ctors         0x000000ba        0x2 main.o
 .ctors         0x000000bc        0x2 D:\OneDrive\01 Eisenbahn\00 Decoder develop\CAN_Lib\libArduinoCore.a(HardwareSerial0.cpp.o)
                0x000000be                __ctors_end = .
                0x000000be                __dtors_start = .
 *(.dtors)
 .dtors         0x000000be        0x2 main.o
                0x000000c0                __dtors_end = .
 SORT(*)(.ctors)
 SORT(*)(.dtors)
 *(.init0)
 .init0         0x000000c0        0x0 C:/Program Files (x86)/Atmel/Studio/7.0/Packs/atmel/ATmega_DFP/1.1.130/gcc/dev/atmega328p/avr5/crtatmega328p.o
                0x000000c0                __init
 *(.init0)
 *(.init1)
 *(.init1)
 *(.init2)
 .init2         0x000000c0        0xc C:/Program Files (x86)/Atmel/Studio/7.0/Packs/atmel/ATmega_DFP/1.1.130/gcc/dev/atmega328p/avr5/crtatmega328p.o
 *(.init2)
 *(.init3)
 *(.init3)
 *(.init4)
 .init4         0x000000cc       0x16 c:/program files (x86)/atmel/studio/7.0/toolchain/avr8/avr8-gnu-toolchain/bin/../lib/gcc/avr/4.9.2/avr5\libgcc.a(_copy_data.o)
                0x000000cc                __do_copy_data
 .init4         0x000000e2       0x10 c:/program files (x86)/atmel/studio/7.0/toolchain/avr8/avr8-gnu-toolchain/bin/../lib/gcc/avr/4.9.2/avr5\libgcc.a(_clear_bss.o)
                0x000000e2                __do_clear_bss
 *(.init4)
 *(.init5)
 *(.init5)
 *(.init6)
 .init6         0x000000f2       0x16 c:/program files (x86)/atmel/studio/7.0/toolchain/avr8/avr8-gnu-toolchain/bin/../lib/gcc/avr/4.9.2/avr5\libgcc.a(_ctors.o)
                0x000000f2                __do_global_ctors
 *(.init6)
 *(.init7)
 *(.init7)
 *(.init8)
 *(.init8)
 *(.init9)
 .init9         0x00000108        0x8 C:/Program Files (x86)/Atmel/Studio/7.0/Packs/atmel/ATmega_DFP/1.1.130/gcc/dev/atmega328p/avr5/crtatmega328p.o
 *(.init9)
 *(.text)
 .text          0x00000110        0x4 C:/Program Files (x86)/Atmel/Studio/7.0/Packs/atmel/ATmega_DFP/1.1.130/gcc/dev/atmega328p/avr5/crtatmega328p.o
                0x00000110                __vector_22
                0x00000110                __vector_24
                0x00000110                __vector_12
                0x00000110                __bad_interrupt
                0x00000110                __vector_6
                0x00000110                __vector_3
                0x00000110                __vector_23
                0x00000110                __vector_25
                0x00000110                __vector_11
                0x00000110                __vector_13
                0x00000110                __vector_17
                0x00000110                __vector_7
                0x00000110                __vector_5
                0x00000110                __vector_4
                0x00000110                __vector_9
                0x00000110                __vector_21
                0x00000110                __vector_15
                0x00000110                __vector_8
                0x00000110                __vector_14
                0x00000110                __vector_10
                0x00000110                __vector_20
                0x00000114                . = ALIGN (0x2)
 *(.text.*)
 .text._ZN11CAN_MCP25153endEv
                0x00000114        0x4 CAN_MCP2515.o
                0x00000114                _ZN11CAN_MCP25153endEv
 .text._ZN8SPIClass8transferEh
                0x00000118        0xe CAN_MCP2515.o
                0x00000118                _ZN8SPIClass8transferEh
 .text._ZN11CAN_MCP25155_initEv
                0x00000126       0x1a CAN_MCP2515.o
                0x00000126                _ZN11CAN_MCP25155_initEv
 .text._ZN11CAN_MCP2515C2Ev
                0x00000140       0x12 CAN_MCP2515.o
                0x00000140                _ZN11CAN_MCP2515C2Ev
                0x00000140                _ZN11CAN_MCP2515C1Ev
 .text._ZN11CAN_MCP2515C2Eh
                0x00000152       0x10 CAN_MCP2515.o
                0x00000152                _ZN11CAN_MCP2515C1Eh
                0x00000152                _ZN11CAN_MCP2515C2Eh
 .text._ZN11CAN_MCP25155resetEv
                0x00000162       0x20 CAN_MCP2515.o
                0x00000162                _ZN11CAN_MCP25155resetEv
 .text._ZN11CAN_MCP251512writeAddressEhh
                0x00000182       0x4a CAN_MCP2515.o
                0x00000182                _ZN11CAN_MCP251512writeAddressEhh
 .text._ZN11CAN_MCP251513modifyAddressEhhh
                0x000001cc       0x56 CAN_MCP2515.o
                0x000001cc                _ZN11CAN_MCP251513modifyAddressEhhh
 .text._ZN11CAN_MCP251510readStatusEv
                0x00000222       0x30 CAN_MCP2515.o
                0x00000222                _ZN11CAN_MCP251510readStatusEv
 .text._ZN11CAN_MCP25159availableEv
                0x00000252        0x8 CAN_MCP2515.o
                0x00000252                _ZN11CAN_MCP25159availableEv
 .text._ZN11CAN_MCP25154readEv
                0x0000025a      0x19e CAN_MCP2515.o
                0x0000025a                _ZN11CAN_MCP25154readEv
 .text._ZN11CAN_MCP25155writeERK9CAN_Frame
                0x000003f8      0x18e CAN_MCP2515.o
                0x000003f8                _ZN11CAN_MCP25155writeERK9CAN_Frame
 .text._ZN11CAN_MCP25157setModeEh
                0x00000586        0xa CAN_MCP2515.o
                0x00000586                _ZN11CAN_MCP25157setModeEh
 .text._ZN11CAN_MCP251510setBitrateEm
                0x00000590       0x26 CAN_MCP2515.o
                0x00000590                _ZN11CAN_MCP251510setBitrateEm
 .text._ZN11CAN_MCP251512clearFiltersEv
                0x000005b6       0x20 CAN_MCP2515.o
                0x000005b6                _ZN11CAN_MCP251512clearFiltersEv
 .text._ZN11CAN_MCP251514clearRxBuffersEv
                0x000005d6       0x5e CAN_MCP2515.o
                0x000005d6                _ZN11CAN_MCP251514clearRxBuffersEv
 .text._ZN11CAN_MCP251514clearTxBuffersEv
                0x00000634       0x86 CAN_MCP2515.o
                0x00000634                _ZN11CAN_MCP251514clearTxBuffersEv
 .text._ZN11CAN_MCP25155flushEv
                0x000006ba       0x14 CAN_MCP2515.o
                0x000006ba                _ZN11CAN_MCP25155flushEv
 .text._ZN11CAN_MCP251516enableInterruptsEh
                0x000006ce       0x32 CAN_MCP2515.o
                0x000006ce                _ZN11CAN_MCP251516enableInterruptsEh
 .text._ZN11CAN_MCP25155beginEmh
                0x00000700       0x68 CAN_MCP2515.o
                0x00000700                _ZN11CAN_MCP25155beginEmh
 .text._ZN11CAN_MCP25155beginEm
                0x00000768        0x6 CAN_MCP2515.o
                0x00000768                _ZN11CAN_MCP25155beginEm
 .text._ZN15CAN_MCP2515plusC2Eh
                0x0000076e       0x34 CAN_MCP2515.o
                0x0000076e                _ZN15CAN_MCP2515plusC2Eh
                0x0000076e                _ZN15CAN_MCP2515plusC1Eh
 .text._ZN15CAN_MCP2515plus11can_answer2Ehb
                0x000007a2       0x50 CAN_MCP2515.o
                0x000007a2                _ZN15CAN_MCP2515plus11can_answer2Ehb
 .text._ZN15CAN_MCP2515plus10can_answerEh
                0x000007f2        0x6 CAN_MCP2515.o
                0x000007f2                _ZN15CAN_MCP2515plus10can_answerEh
 .text._ZN15CAN_MCP2515plus16configTerminatorEii
                0x000007f8       0x22 CAN_MCP2515.o
                0x000007f8                _ZN15CAN_MCP2515plus16configTerminatorEii
 .text._ZN15CAN_MCP2515plus15configDataFrameEPhi
                0x0000081a       0x78 CAN_MCP2515.o
                0x0000081a                _ZN15CAN_MCP2515plus15configDataFrameEPhi
 .text.startup._GLOBAL__sub_I__ZN11CAN_MCP2515C2Ev
                0x00000892       0x14 CAN_MCP2515.o
 .text._Z13highbyte2chari
                0x000008a6        0xe ownCAN.o
                0x000008a6                _Z13highbyte2chari
 .text._Z12lowbyte2chari
                0x000008b4        0xc ownCAN.o
                0x000008b4                _Z12lowbyte2chari
 .text._Z17what_is_your_namePKhhP9CAN_Frame
                0x000008c0       0x22 ownCAN.o
                0x000008c0                _Z17what_is_your_namePKhhP9CAN_Frame
 .text._Z7hex2dech
                0x000008e2       0x12 ownCAN.o
                0x000008e2                _Z7hex2dech
 .text._Z11generateUIDmP12deviceparams
                0x000008f4       0x4c ownCAN.o
                0x000008f4                _Z11generateUIDmP12deviceparams
 .text._Z12generateHashm
                0x00000940       0x1a ownCAN.o
                0x00000940                _Z12generateHashm
 .text._Z12sendCanFrame9CAN_Frame
                0x0000095a       0x68 ownCAN.o
                0x0000095a                _Z12sendCanFrame9CAN_Frame
 .text._Z11getCanFramev
                0x000009c2       0x3c ownCAN.o
                0x000009c2                _Z11getCanFramev
 .text._ZN8SPIClass5beginEv
                0x000009fe       0x6c SPI.o
                0x000009fe                _ZN8SPIClass5beginEv
 .text._ZN8SPIClass3endEv
                0x00000a6a       0x28 SPI.o
                0x00000a6a                _ZN8SPIClass3endEv
 .text.setup    0x00000a92       0xb8 main.o
                0x00000a92                setup
 .text._Z9appAnswerv
                0x00000b4a       0x72 main.o
                0x00000b4a                _Z9appAnswerv
 .text._Z14processRXFramev
                0x00000bbc       0xe0 main.o
                0x00000bbc                _Z14processRXFramev
 .text._Z10appRequestv
                0x00000c9c       0x72 main.o
                0x00000c9c                _Z10appRequestv
 .text._Z8char2numh
                0x00000d0e       0x28 main.o
                0x00000d0e                _Z8char2numh
 .text._Z10sendConfigi
                0x00000d36      0x1a2 main.o
                0x00000d36                _Z10sendConfigi
 .text.startup._GLOBAL__sub_I_val
                0x00000ed8       0x18 main.o
 .text.exit._GLOBAL__sub_D_val
                0x00000ef0       0x10 main.o
 .text._Z8get1bytev
                0x00000f00       0x16 main.o
                0x00000f00                _Z8get1bytev
 .text.loop     0x00000f16      0x2aa main.o
                0x00000f16                loop
 .text.nothing  0x000011c0        0x2 D:\OneDrive\01 Eisenbahn\00 Decoder develop\CAN_Lib\libArduinoCore.a(WInterrupts.c.o)
 .text.__vector_1
                0x000011c2       0x4e D:\OneDrive\01 Eisenbahn\00 Decoder develop\CAN_Lib\libArduinoCore.a(WInterrupts.c.o)
                0x000011c2                __vector_1
 .text.__vector_2
                0x00001210       0x4e D:\OneDrive\01 Eisenbahn\00 Decoder develop\CAN_Lib\libArduinoCore.a(WInterrupts.c.o)
                0x00001210                __vector_2
 .text.__vector_16
                0x0000125e       0x94 D:\OneDrive\01 Eisenbahn\00 Decoder develop\CAN_Lib\libArduinoCore.a(wiring.c.o)
                0x0000125e                __vector_16
 .text.millis   0x000012f2       0x18 D:\OneDrive\01 Eisenbahn\00 Decoder develop\CAN_Lib\libArduinoCore.a(wiring.c.o)
                0x000012f2                millis
 .text.micros   0x0000130a       0x46 D:\OneDrive\01 Eisenbahn\00 Decoder develop\CAN_Lib\libArduinoCore.a(wiring.c.o)
                0x0000130a                micros
 .text.delay    0x00001350       0x74 D:\OneDrive\01 Eisenbahn\00 Decoder develop\CAN_Lib\libArduinoCore.a(wiring.c.o)
                0x00001350                delay
 .text.init     0x000013c4       0x76 D:\OneDrive\01 Eisenbahn\00 Decoder develop\CAN_Lib\libArduinoCore.a(wiring.c.o)
                0x000013c4                init
 .text.turnOffPWM
                0x0000143a       0x52 D:\OneDrive\01 Eisenbahn\00 Decoder develop\CAN_Lib\libArduinoCore.a(wiring_digital.c.o)
 .text.pinMode  0x0000148c       0x72 D:\OneDrive\01 Eisenbahn\00 Decoder develop\CAN_Lib\libArduinoCore.a(wiring_digital.c.o)
                0x0000148c                pinMode
 .text.digitalWrite
                0x000014fe       0x6c D:\OneDrive\01 Eisenbahn\00 Decoder develop\CAN_Lib\libArduinoCore.a(wiring_digital.c.o)
                0x000014fe                digitalWrite
 .text._ZN14HardwareSerial9availableEv
                0x0000156a       0x16 D:\OneDrive\01 Eisenbahn\00 Decoder develop\CAN_Lib\libArduinoCore.a(HardwareSerial.cpp.o)
                0x0000156a                _ZN14HardwareSerial9availableEv
 .text._ZN14HardwareSerial4peekEv
                0x00001580       0x1c D:\OneDrive\01 Eisenbahn\00 Decoder develop\CAN_Lib\libArduinoCore.a(HardwareSerial.cpp.o)
                0x00001580                _ZN14HardwareSerial4peekEv
 .text._ZN14HardwareSerial4readEv
                0x0000159c       0x28 D:\OneDrive\01 Eisenbahn\00 Decoder develop\CAN_Lib\libArduinoCore.a(HardwareSerial.cpp.o)
                0x0000159c                _ZN14HardwareSerial4readEv
 .text._Z14serialEventRunv
                0x000015c4       0x1c D:\OneDrive\01 Eisenbahn\00 Decoder develop\CAN_Lib\libArduinoCore.a(HardwareSerial.cpp.o)
                0x000015c4                _Z14serialEventRunv
 .text._ZN14HardwareSerial17_tx_udr_empty_irqEv
                0x000015e0       0x42 D:\OneDrive\01 Eisenbahn\00 Decoder develop\CAN_Lib\libArduinoCore.a(HardwareSerial.cpp.o)
                0x000015e0                _ZN14HardwareSerial17_tx_udr_empty_irqEv
 .text._ZN14HardwareSerial5flushEv
                0x00001622       0x44 D:\OneDrive\01 Eisenbahn\00 Decoder develop\CAN_Lib\libArduinoCore.a(HardwareSerial.cpp.o)
                0x00001622                _ZN14HardwareSerial5flushEv
 .text._ZN14HardwareSerial5writeEh
                0x00001666       0xca D:\OneDrive\01 Eisenbahn\00 Decoder develop\CAN_Lib\libArduinoCore.a(HardwareSerial.cpp.o)
                0x00001666                _ZN14HardwareSerial5writeEh
 .text._ZN14HardwareSerial5beginEmh
                0x00001730       0xc4 D:\OneDrive\01 Eisenbahn\00 Decoder develop\CAN_Lib\libArduinoCore.a(HardwareSerial.cpp.o)
                0x00001730                _ZN14HardwareSerial5beginEmh
 .text.__vector_18
                0x000017f4       0x64 D:\OneDrive\01 Eisenbahn\00 Decoder develop\CAN_Lib\libArduinoCore.a(HardwareSerial0.cpp.o)
                0x000017f4                __vector_18
 .text.__vector_19
                0x00001858       0x4c D:\OneDrive\01 Eisenbahn\00 Decoder develop\CAN_Lib\libArduinoCore.a(HardwareSerial0.cpp.o)
                0x00001858                __vector_19
 .text._Z17Serial0_availablev
                0x000018a4       0x14 D:\OneDrive\01 Eisenbahn\00 Decoder develop\CAN_Lib\libArduinoCore.a(HardwareSerial0.cpp.o)
                0x000018a4                _Z17Serial0_availablev
 .text.startup._GLOBAL__sub_I___vector_18
                0x000018b8       0x86 D:\OneDrive\01 Eisenbahn\00 Decoder develop\CAN_Lib\libArduinoCore.a(HardwareSerial0.cpp.o)
 .text._ZN5Print5writeEPKhj
                0x0000193e       0x50 D:\OneDrive\01 Eisenbahn\00 Decoder develop\CAN_Lib\libArduinoCore.a(Print.cpp.o)
                0x0000193e                _ZN5Print5writeEPKhj
 .text._ZN5Print5writeEPKc
                0x0000198e       0x2c D:\OneDrive\01 Eisenbahn\00 Decoder develop\CAN_Lib\libArduinoCore.a(Print.cpp.o)
                0x0000198e                _ZN5Print5writeEPKc
 .text._ZN5Print5printEPKc
                0x000019ba        0x4 D:\OneDrive\01 Eisenbahn\00 Decoder develop\CAN_Lib\libArduinoCore.a(Print.cpp.o)
                0x000019ba                _ZN5Print5printEPKc
 .text._ZN6StringD2Ev
                0x000019be        0xa D:\OneDrive\01 Eisenbahn\00 Decoder develop\CAN_Lib\libArduinoCore.a(WString.cpp.o)
                0x000019be                _ZN6StringD2Ev
                0x000019be                _ZN6StringD1Ev
 .text._ZN6String10invalidateEv
                0x000019c8       0x24 D:\OneDrive\01 Eisenbahn\00 Decoder develop\CAN_Lib\libArduinoCore.a(WString.cpp.o)
                0x000019c8                _ZN6String10invalidateEv
 .text._ZN6String12changeBufferEj
                0x000019ec       0x34 D:\OneDrive\01 Eisenbahn\00 Decoder develop\CAN_Lib\libArduinoCore.a(WString.cpp.o)
                0x000019ec                _ZN6String12changeBufferEj
 .text._ZN6String7reserveEj
                0x00001a20       0x38 D:\OneDrive\01 Eisenbahn\00 Decoder develop\CAN_Lib\libArduinoCore.a(WString.cpp.o)
                0x00001a20                _ZN6String7reserveEj
 .text._ZN6String4copyEPKcj
                0x00001a58       0x42 D:\OneDrive\01 Eisenbahn\00 Decoder develop\CAN_Lib\libArduinoCore.a(WString.cpp.o)
                0x00001a58                _ZN6String4copyEPKcj
 .text._ZN6StringC2EPKc
                0x00001a9a       0x2c D:\OneDrive\01 Eisenbahn\00 Decoder develop\CAN_Lib\libArduinoCore.a(WString.cpp.o)
                0x00001a9a                _ZN6StringC2EPKc
                0x00001a9a                _ZN6StringC1EPKc
 .text._ZN6StringaSEPKc
                0x00001ac6       0x30 D:\OneDrive\01 Eisenbahn\00 Decoder develop\CAN_Lib\libArduinoCore.a(WString.cpp.o)
                0x00001ac6                _ZN6StringaSEPKc
 .text._ZN6String6concatEPKcj
                0x00001af6       0x58 D:\OneDrive\01 Eisenbahn\00 Decoder develop\CAN_Lib\libArduinoCore.a(WString.cpp.o)
                0x00001af6                _ZN6String6concatEPKcj
 .text._ZN6String6concatEc
                0x00001b4e       0x26 D:\OneDrive\01 Eisenbahn\00 Decoder develop\CAN_Lib\libArduinoCore.a(WString.cpp.o)
                0x00001b4e                _ZN6String6concatEc
 .text._ZNK6StringixEj
                0x00001b74       0x22 D:\OneDrive\01 Eisenbahn\00 Decoder develop\CAN_Lib\libArduinoCore.a(WString.cpp.o)
                0x00001b74                _ZNK6StringixEj
 .text._ZNK6String6charAtEj
                0x00001b96        0x4 D:\OneDrive\01 Eisenbahn\00 Decoder develop\CAN_Lib\libArduinoCore.a(WString.cpp.o)
                0x00001b96                _ZNK6String6charAtEj
 .text.initVariant
                0x00001b9a        0x2 D:\OneDrive\01 Eisenbahn\00 Decoder develop\CAN_Lib\libArduinoCore.a(main.cpp.o)
                0x00001b9a                initVariant
 .text.startup.main
                0x00001b9c       0x1e D:\OneDrive\01 Eisenbahn\00 Decoder develop\CAN_Lib\libArduinoCore.a(main.cpp.o)
                0x00001b9c                main
 .text.__empty  0x00001bba        0x2 D:\OneDrive\01 Eisenbahn\00 Decoder develop\CAN_Lib\libArduinoCore.a(hooks.c.o)
                0x00001bba                yield
 .text.libgcc.div
                0x00001bbc       0x28 c:/program files (x86)/atmel/studio/7.0/toolchain/avr8/avr8-gnu-toolchain/bin/../lib/gcc/avr/4.9.2/avr5\libgcc.a(_divmodhi4.o)
                0x00001bbc                _div
                0x00001bbc                __divmodhi4
 .text.libgcc.div
                0x00001be4       0x44 c:/program files (x86)/atmel/studio/7.0/toolchain/avr8/avr8-gnu-toolchain/bin/../lib/gcc/avr/4.9.2/avr5\libgcc.a(_udivmodsi4.o)
                0x00001be4                __udivmodsi4
 .text.libgcc.div
                0x00001c28       0x28 c:/program files (x86)/atmel/studio/7.0/toolchain/avr8/avr8-gnu-toolchain/bin/../lib/gcc/avr/4.9.2/avr5\libgcc.a(_udivmodhi4.o)
                0x00001c28                __udivmodhi4
 .text.libgcc   0x00001c50        0xc c:/program files (x86)/atmel/studio/7.0/toolchain/avr8/avr8-gnu-toolchain/bin/../lib/gcc/avr/4.9.2/avr5\libgcc.a(_tablejump2.o)
                0x00001c50                __tablejump2__
 .text.avr-libc
                0x00001c5c      0x25a c:/program files (x86)/atmel/studio/7.0/toolchain/avr8/avr8-gnu-toolchain/bin/../lib/gcc/avr/4.9.2/../../../../avr/lib/avr5\libc.a(malloc.o)
                0x00001c5c                malloc
                0x00001d86                free
 .text.avr-libc
                0x00001eb6      0x194 c:/program files (x86)/atmel/studio/7.0/toolchain/avr8/avr8-gnu-toolchain/bin/../lib/gcc/avr/4.9.2/../../../../avr/lib/avr5\libc.a(realloc.o)
                0x00001eb6                realloc
 .text.avr-libc
                0x0000204a       0x12 c:/program files (x86)/atmel/studio/7.0/toolchain/avr8/avr8-gnu-toolchain/bin/../lib/gcc/avr/4.9.2/../../../../avr/lib/avr5\libc.a(memcpy.o)
                0x0000204a                memcpy
 .text.avr-libc
                0x0000205c        0xe c:/program files (x86)/atmel/studio/7.0/toolchain/avr8/avr8-gnu-toolchain/bin/../lib/gcc/avr/4.9.2/../../../../avr/lib/avr5\libc.a(strcpy.o)
                0x0000205c                strcpy
 .text.libgcc.prologue
                0x0000206a       0x38 c:/program files (x86)/atmel/studio/7.0/toolchain/avr8/avr8-gnu-toolchain/bin/../lib/gcc/avr/4.9.2/avr5\libgcc.a(_prologue.o)
                0x0000206a                __prologue_saves__
 .text.libgcc.prologue
                0x000020a2       0x36 c:/program files (x86)/atmel/studio/7.0/toolchain/avr8/avr8-gnu-toolchain/bin/../lib/gcc/avr/4.9.2/avr5\libgcc.a(_epilogue.o)
                0x000020a2                __epilogue_restores__
                0x000020d8                . = ALIGN (0x2)
 *(.fini9)
 .fini9         0x000020d8        0x0 c:/program files (x86)/atmel/studio/7.0/toolchain/avr8/avr8-gnu-toolchain/bin/../lib/gcc/avr/4.9.2/avr5\libgcc.a(_exit.o)
                0x000020d8                _exit
                0x000020d8                exit
 *(.fini9)
 *(.fini8)
 *(.fini8)
 *(.fini7)
 *(.fini7)
 *(.fini6)
 .fini6         0x000020d8       0x16 c:/program files (x86)/atmel/studio/7.0/toolchain/avr8/avr8-gnu-toolchain/bin/../lib/gcc/avr/4.9.2/avr5\libgcc.a(_dtors.o)
                0x000020d8                __do_global_dtors
 *(.fini6)
 *(.fini5)
 *(.fini5)
 *(.fini4)
 *(.fini4)
 *(.fini3)
 *(.fini3)
 *(.fini2)
 *(.fini2)
 *(.fini1)
 *(.fini1)
 *(.fini0)
 .fini0         0x000020ee        0x4 c:/program files (x86)/atmel/studio/7.0/toolchain/avr8/avr8-gnu-toolchain/bin/../lib/gcc/avr/4.9.2/avr5\libgcc.a(_exit.o)
 *(.fini0)
                0x000020f2                _etext = .

.data           0x00800100       0x4e load address 0x000020f2
                0x00800100                PROVIDE (__data_start, .)
 *(.data)
 .data          0x00800100        0x6 c:/program files (x86)/atmel/studio/7.0/toolchain/avr8/avr8-gnu-toolchain/bin/../lib/gcc/avr/4.9.2/../../../../avr/lib/avr5\libc.a(malloc.o)
                0x00800100                __malloc_heap_end
                0x00800102                __malloc_heap_start
                0x00800104                __malloc_margin
 *(.data*)
 .data.interval
                0x00800106        0x4 main.o
                0x00800106                interval
 .data.intFunc  0x0080010a        0x4 D:\OneDrive\01 Eisenbahn\00 Decoder develop\CAN_Lib\libArduinoCore.a(WInterrupts.c.o)
 *(.rodata)
 *(.rodata*)
 .rodata._ZTV15CAN_MCP2515plus
                0x0080010e       0x10 CAN_MCP2515.o
                0x0080010e                _ZTV15CAN_MCP2515plus
 .rodata._ZTV11CAN_MCP2515
                0x0080011e       0x10 CAN_MCP2515.o
                0x0080011e                _ZTV11CAN_MCP2515
 .rodata.str1.1
                0x0080012e        0xc main.o
                                  0xd (size before relaxing)
 .rodata._ZL14I_am_a_usb2can
                0x0080013a        0x3 main.o
 .rodata._ZTV14HardwareSerial
                0x0080013d       0x10 D:\OneDrive\01 Eisenbahn\00 Decoder develop\CAN_Lib\libArduinoCore.a(HardwareSerial.cpp.o)
                0x0080013d                _ZTV14HardwareSerial
 *(.gnu.linkonce.d*)
                0x0080014e                . = ALIGN (0x2)
 *fill*         0x0080014d        0x1 
                0x0080014e                _edata = .
                0x0080014e                PROVIDE (__data_end, .)

.bss            0x0080014e      0x10a
                0x0080014e                PROVIDE (__bss_start, .)
 *(.bss)
 *(.bss*)
 .bss.CAN       0x0080014e       0x3b CAN_MCP2515.o
                0x0080014e                CAN
 .bss.CANBase   0x00800189        0x3 CAN_MCP2515.o
                0x00800189                CANBase
 .bss._ZN8SPIClass13interruptModeE
                0x0080018c        0x1 SPI.o
                0x0080018c                _ZN8SPIClass13interruptModeE
 .bss._ZN8SPIClass11initializedE
                0x0080018d        0x1 SPI.o
                0x0080018d                _ZN8SPIClass11initializedE
 .bss.uid_request
                0x0080018e        0x1 main.o
                0x0080018e                uid_request
 .bss.config_request
                0x0080018f        0x1 main.o
                0x0080018f                config_request
 .bss.config_index
                0x00800190        0x2 main.o
                0x00800190                config_index
 .bss.UID       0x00800192        0x4 main.o
                0x00800192                UID
 .bss.processStep
                0x00800196        0x2 main.o
                0x00800196                processStep
 .bss.previousMillis
                0x00800198        0x4 main.o
                0x00800198                previousMillis
 .bss.btldr_exists
                0x0080019c        0x1 main.o
                0x0080019c                btldr_exists
 .bss.bn_exists
                0x0080019d        0x1 main.o
                0x0080019d                bn_exists
 .bss.bnLo      0x0080019e        0x1 main.o
                0x0080019e                bnLo
 .bss.bnHi      0x0080019f        0x1 main.o
                0x0080019f                bnHi
 .bss.subCmd    0x008001a0        0x1 main.o
                0x008001a0                subCmd
 .bss.strDataOut
                0x008001a1        0x6 main.o
                0x008001a1                strDataOut
 .bss.strDataIn
                0x008001a7        0x6 main.o
                0x008001a7                strDataIn
 .bss.val       0x008001ad        0x1 main.o
                0x008001ad                val
 .bss.timer0_fract
                0x008001ae        0x1 D:\OneDrive\01 Eisenbahn\00 Decoder develop\CAN_Lib\libArduinoCore.a(wiring.c.o)
 .bss.timer0_millis
                0x008001af        0x4 D:\OneDrive\01 Eisenbahn\00 Decoder develop\CAN_Lib\libArduinoCore.a(wiring.c.o)
                0x008001af                timer0_millis
 .bss.timer0_overflow_count
                0x008001b3        0x4 D:\OneDrive\01 Eisenbahn\00 Decoder develop\CAN_Lib\libArduinoCore.a(wiring.c.o)
                0x008001b3                timer0_overflow_count
 .bss.Serial    0x008001b7       0x9d D:\OneDrive\01 Eisenbahn\00 Decoder develop\CAN_Lib\libArduinoCore.a(HardwareSerial0.cpp.o)
                0x008001b7                Serial
 *(COMMON)
 COMMON         0x00800254        0x4 c:/program files (x86)/atmel/studio/7.0/toolchain/avr8/avr8-gnu-toolchain/bin/../lib/gcc/avr/4.9.2/../../../../avr/lib/avr5\libc.a(malloc.o)
                0x00800254                __brkval
                0x00800256                __flp
                0x00800258                PROVIDE (__bss_end, .)
                0x000020f2                __data_load_start = LOADADDR (.data)
                0x00002140                __data_load_end = (__data_load_start + SIZEOF (.data))

.noinit         0x00800258        0x0
                [!provide]                PROVIDE (__noinit_start, .)
 *(.noinit*)
                [!provide]                PROVIDE (__noinit_end, .)
                0x00800258                _end = .
                0x00800258                PROVIDE (__heap_start, .)

.eeprom         0x00810000        0x0
 *(.eeprom*)
                0x00810000                __eeprom_end = .

.fuse
 *(.fuse)
 *(.lfuse)
 *(.hfuse)
 *(.efuse)

.lock
 *(.lock*)

.signature
 *(.signature*)

.user_signatures
 *(.user_signatures*)

.stab
 *(.stab)

.stabstr
 *(.stabstr)

.stab.excl
 *(.stab.excl)

.stab.exclstr
 *(.stab.exclstr)

.stab.index
 *(.stab.index)

.stab.indexstr
 *(.stab.indexstr)

.comment        0x00000000       0x41
 *(.comment)
 .comment       0x00000000       0x30 CAN_MCP2515.o
                                 0x31 (size before relaxing)
 .comment       0x00000030       0x31 ownCAN.o
 .comment       0x00000030       0x31 SPI.o
 .comment       0x00000030       0x31 main.o
 .comment       0x00000030       0x11 D:\OneDrive\01 Eisenbahn\00 Decoder develop\CAN_Lib\libArduinoCore.a(WInterrupts.c.o)
                                 0x12 (size before relaxing)
 .comment       0x00000041       0x12 D:\OneDrive\01 Eisenbahn\00 Decoder develop\CAN_Lib\libArduinoCore.a(wiring.c.o)
 .comment       0x00000041       0x12 D:\OneDrive\01 Eisenbahn\00 Decoder develop\CAN_Lib\libArduinoCore.a(wiring_digital.c.o)
 .comment       0x00000041       0x12 D:\OneDrive\01 Eisenbahn\00 Decoder develop\CAN_Lib\libArduinoCore.a(HardwareSerial.cpp.o)
 .comment       0x00000041       0x12 D:\OneDrive\01 Eisenbahn\00 Decoder develop\CAN_Lib\libArduinoCore.a(HardwareSerial0.cpp.o)
 .comment       0x00000041       0x12 D:\OneDrive\01 Eisenbahn\00 Decoder develop\CAN_Lib\libArduinoCore.a(Print.cpp.o)
 .comment       0x00000041       0x12 D:\OneDrive\01 Eisenbahn\00 Decoder develop\CAN_Lib\libArduinoCore.a(WString.cpp.o)
 .comment       0x00000041       0x12 D:\OneDrive\01 Eisenbahn\00 Decoder develop\CAN_Lib\libArduinoCore.a(main.cpp.o)
 .comment       0x00000041       0x12 D:\OneDrive\01 Eisenbahn\00 Decoder develop\CAN_Lib\libArduinoCore.a(hooks.c.o)
 .comment       0x00000041       0x31 c:/program files (x86)/atmel/studio/7.0/toolchain/avr8/avr8-gnu-toolchain/bin/../lib/gcc/avr/4.9.2/../../../../avr/lib/avr5\libc.a(malloc.o)
 .comment       0x00000041       0x31 c:/program files (x86)/atmel/studio/7.0/toolchain/avr8/avr8-gnu-toolchain/bin/../lib/gcc/avr/4.9.2/../../../../avr/lib/avr5\libc.a(realloc.o)

.note.gnu.avr.deviceinfo
                0x00000000       0x40
 .note.gnu.avr.deviceinfo
                0x00000000       0x40 C:/Program Files (x86)/Atmel/Studio/7.0/Packs/atmel/ATmega_DFP/1.1.130/gcc/dev/atmega328p/avr5/crtatmega328p.o

.note.gnu.build-id
 *(.note.gnu.build-id)

.debug
 *(.debug)

.line
 *(.line)

.debug_srcinfo
 *(.debug_srcinfo)

.debug_sfnames
 *(.debug_sfnames)

.debug_aranges  0x00000000      0x550
 *(.debug_aranges)
 .debug_aranges
                0x00000000       0x40 D:\OneDrive\01 Eisenbahn\00 Decoder develop\CAN_Lib\libArduinoCore.a(WInterrupts.c.o)
 .debug_aranges
                0x00000040       0x48 D:\OneDrive\01 Eisenbahn\00 Decoder develop\CAN_Lib\libArduinoCore.a(wiring.c.o)
 .debug_aranges
                0x00000088       0x38 D:\OneDrive\01 Eisenbahn\00 Decoder develop\CAN_Lib\libArduinoCore.a(wiring_digital.c.o)
 .debug_aranges
                0x000000c0       0x68 D:\OneDrive\01 Eisenbahn\00 Decoder develop\CAN_Lib\libArduinoCore.a(HardwareSerial.cpp.o)
 .debug_aranges
                0x00000128       0x38 D:\OneDrive\01 Eisenbahn\00 Decoder develop\CAN_Lib\libArduinoCore.a(HardwareSerial0.cpp.o)
 .debug_aranges
                0x00000160       0xf0 D:\OneDrive\01 Eisenbahn\00 Decoder develop\CAN_Lib\libArduinoCore.a(Print.cpp.o)
 .debug_aranges
                0x00000250      0x2a8 D:\OneDrive\01 Eisenbahn\00 Decoder develop\CAN_Lib\libArduinoCore.a(WString.cpp.o)
 .debug_aranges
                0x000004f8       0x38 D:\OneDrive\01 Eisenbahn\00 Decoder develop\CAN_Lib\libArduinoCore.a(main.cpp.o)
 .debug_aranges
                0x00000530       0x20 D:\OneDrive\01 Eisenbahn\00 Decoder develop\CAN_Lib\libArduinoCore.a(hooks.c.o)

.debug_pubnames
 *(.debug_pubnames)

.debug_info     0x00000000     0xb70c
 *(.debug_info .gnu.linkonce.wi.*)
 .debug_info    0x00000000      0x5f4 C:/Program Files (x86)/Atmel/Studio/7.0/Packs/atmel/ATmega_DFP/1.1.130/gcc/dev/atmega328p/avr5/crtatmega328p.o
 .debug_info    0x000005f4      0x213 D:\OneDrive\01 Eisenbahn\00 Decoder develop\CAN_Lib\libArduinoCore.a(WInterrupts.c.o)
 .debug_info    0x00000807      0x2cd D:\OneDrive\01 Eisenbahn\00 Decoder develop\CAN_Lib\libArduinoCore.a(wiring.c.o)
 .debug_info    0x00000ad4      0x5f1 D:\OneDrive\01 Eisenbahn\00 Decoder develop\CAN_Lib\libArduinoCore.a(wiring_digital.c.o)
 .debug_info    0x000010c5     0x1d78 D:\OneDrive\01 Eisenbahn\00 Decoder develop\CAN_Lib\libArduinoCore.a(HardwareSerial.cpp.o)
 .debug_info    0x00002e3d     0x195e D:\OneDrive\01 Eisenbahn\00 Decoder develop\CAN_Lib\libArduinoCore.a(HardwareSerial0.cpp.o)
 .debug_info    0x0000479b     0x2897 D:\OneDrive\01 Eisenbahn\00 Decoder develop\CAN_Lib\libArduinoCore.a(Print.cpp.o)
 .debug_info    0x00007032     0x446f D:\OneDrive\01 Eisenbahn\00 Decoder develop\CAN_Lib\libArduinoCore.a(WString.cpp.o)
 .debug_info    0x0000b4a1      0x231 D:\OneDrive\01 Eisenbahn\00 Decoder develop\CAN_Lib\libArduinoCore.a(main.cpp.o)
 .debug_info    0x0000b6d2       0x3a D:\OneDrive\01 Eisenbahn\00 Decoder develop\CAN_Lib\libArduinoCore.a(hooks.c.o)

.debug_abbrev   0x00000000     0x1b66
 *(.debug_abbrev)
 .debug_abbrev  0x00000000      0x5a2 C:/Program Files (x86)/Atmel/Studio/7.0/Packs/atmel/ATmega_DFP/1.1.130/gcc/dev/atmega328p/avr5/crtatmega328p.o
 .debug_abbrev  0x000005a2       0xfa D:\OneDrive\01 Eisenbahn\00 Decoder develop\CAN_Lib\libArduinoCore.a(WInterrupts.c.o)
 .debug_abbrev  0x0000069c      0x143 D:\OneDrive\01 Eisenbahn\00 Decoder develop\CAN_Lib\libArduinoCore.a(wiring.c.o)
 .debug_abbrev  0x000007df      0x162 D:\OneDrive\01 Eisenbahn\00 Decoder develop\CAN_Lib\libArduinoCore.a(wiring_digital.c.o)
 .debug_abbrev  0x00000941      0x44a D:\OneDrive\01 Eisenbahn\00 Decoder develop\CAN_Lib\libArduinoCore.a(HardwareSerial.cpp.o)
 .debug_abbrev  0x00000d8b      0x392 D:\OneDrive\01 Eisenbahn\00 Decoder develop\CAN_Lib\libArduinoCore.a(HardwareSerial0.cpp.o)
 .debug_abbrev  0x0000111d      0x45e D:\OneDrive\01 Eisenbahn\00 Decoder develop\CAN_Lib\libArduinoCore.a(Print.cpp.o)
 .debug_abbrev  0x0000157b      0x4ba D:\OneDrive\01 Eisenbahn\00 Decoder develop\CAN_Lib\libArduinoCore.a(WString.cpp.o)
 .debug_abbrev  0x00001a35      0x109 D:\OneDrive\01 Eisenbahn\00 Decoder develop\CAN_Lib\libArduinoCore.a(main.cpp.o)
 .debug_abbrev  0x00001b3e       0x28 D:\OneDrive\01 Eisenbahn\00 Decoder develop\CAN_Lib\libArduinoCore.a(hooks.c.o)

.debug_line     0x00000000     0x1bfa
 *(.debug_line .debug_line.* .debug_line_end)
 .debug_line    0x00000000      0x133 C:/Program Files (x86)/Atmel/Studio/7.0/Packs/atmel/ATmega_DFP/1.1.130/gcc/dev/atmega328p/avr5/crtatmega328p.o
 .debug_line    0x00000133      0x191 D:\OneDrive\01 Eisenbahn\00 Decoder develop\CAN_Lib\libArduinoCore.a(WInterrupts.c.o)
 .debug_line    0x000002c4      0x1d3 D:\OneDrive\01 Eisenbahn\00 Decoder develop\CAN_Lib\libArduinoCore.a(wiring.c.o)
 .debug_line    0x00000497      0x196 D:\OneDrive\01 Eisenbahn\00 Decoder develop\CAN_Lib\libArduinoCore.a(wiring_digital.c.o)
 .debug_line    0x0000062d      0x2e1 D:\OneDrive\01 Eisenbahn\00 Decoder develop\CAN_Lib\libArduinoCore.a(HardwareSerial.cpp.o)
 .debug_line    0x0000090e      0x234 D:\OneDrive\01 Eisenbahn\00 Decoder develop\CAN_Lib\libArduinoCore.a(HardwareSerial0.cpp.o)
 .debug_line    0x00000b42      0x45d D:\OneDrive\01 Eisenbahn\00 Decoder develop\CAN_Lib\libArduinoCore.a(Print.cpp.o)
 .debug_line    0x00000f9f      0xa5f D:\OneDrive\01 Eisenbahn\00 Decoder develop\CAN_Lib\libArduinoCore.a(WString.cpp.o)
 .debug_line    0x000019fe      0x183 D:\OneDrive\01 Eisenbahn\00 Decoder develop\CAN_Lib\libArduinoCore.a(main.cpp.o)
 .debug_line    0x00001b81       0x79 D:\OneDrive\01 Eisenbahn\00 Decoder develop\CAN_Lib\libArduinoCore.a(hooks.c.o)

.debug_frame    0x00000000     0x127c
 *(.debug_frame)
 .debug_frame   0x00000000       0xf4 D:\OneDrive\01 Eisenbahn\00 Decoder develop\CAN_Lib\libArduinoCore.a(WInterrupts.c.o)
 .debug_frame   0x000000f4       0xc4 D:\OneDrive\01 Eisenbahn\00 Decoder develop\CAN_Lib\libArduinoCore.a(wiring.c.o)
 .debug_frame   0x000001b8       0x88 D:\OneDrive\01 Eisenbahn\00 Decoder develop\CAN_Lib\libArduinoCore.a(wiring_digital.c.o)
 .debug_frame   0x00000240      0x11c D:\OneDrive\01 Eisenbahn\00 Decoder develop\CAN_Lib\libArduinoCore.a(HardwareSerial.cpp.o)
 .debug_frame   0x0000035c       0xc0 D:\OneDrive\01 Eisenbahn\00 Decoder develop\CAN_Lib\libArduinoCore.a(HardwareSerial0.cpp.o)
 .debug_frame   0x0000041c      0x3a0 D:\OneDrive\01 Eisenbahn\00 Decoder develop\CAN_Lib\libArduinoCore.a(Print.cpp.o)
 .debug_frame   0x000007bc      0xa48 D:\OneDrive\01 Eisenbahn\00 Decoder develop\CAN_Lib\libArduinoCore.a(WString.cpp.o)
 .debug_frame   0x00001204       0x54 D:\OneDrive\01 Eisenbahn\00 Decoder develop\CAN_Lib\libArduinoCore.a(main.cpp.o)
 .debug_frame   0x00001258       0x24 D:\OneDrive\01 Eisenbahn\00 Decoder develop\CAN_Lib\libArduinoCore.a(hooks.c.o)

.debug_str      0x00000000     0x2062
 *(.debug_str)
 .debug_str     0x00000000      0x208 C:/Program Files (x86)/Atmel/Studio/7.0/Packs/atmel/ATmega_DFP/1.1.130/gcc/dev/atmega328p/avr5/crtatmega328p.o
 .debug_str     0x00000208      0x164 D:\OneDrive\01 Eisenbahn\00 Decoder develop\CAN_Lib\libArduinoCore.a(WInterrupts.c.o)
                                0x19d (size before relaxing)
 .debug_str     0x0000036c       0xd2 D:\OneDrive\01 Eisenbahn\00 Decoder develop\CAN_Lib\libArduinoCore.a(wiring.c.o)
                                0x1b0 (size before relaxing)
 .debug_str     0x0000043e      0x11f D:\OneDrive\01 Eisenbahn\00 Decoder develop\CAN_Lib\libArduinoCore.a(wiring_digital.c.o)
                                0x215 (size before relaxing)
 .debug_str     0x0000055d     0x1156 D:\OneDrive\01 Eisenbahn\00 Decoder develop\CAN_Lib\libArduinoCore.a(HardwareSerial.cpp.o)
                               0x125b (size before relaxing)
 .debug_str     0x000016b3       0xc1 D:\OneDrive\01 Eisenbahn\00 Decoder develop\CAN_Lib\libArduinoCore.a(HardwareSerial0.cpp.o)
                               0x1055 (size before relaxing)
 .debug_str     0x00001774      0x3da D:\OneDrive\01 Eisenbahn\00 Decoder develop\CAN_Lib\libArduinoCore.a(Print.cpp.o)
                                0xed6 (size before relaxing)
 .debug_str     0x00001b4e      0x43e D:\OneDrive\01 Eisenbahn\00 Decoder develop\CAN_Lib\libArduinoCore.a(WString.cpp.o)
                                0xebc (size before relaxing)
 .debug_str     0x00001f8c       0x84 D:\OneDrive\01 Eisenbahn\00 Decoder develop\CAN_Lib\libArduinoCore.a(main.cpp.o)
                                0x25c (size before relaxing)
 .debug_str     0x00002010       0x52 D:\OneDrive\01 Eisenbahn\00 Decoder develop\CAN_Lib\libArduinoCore.a(hooks.c.o)
                                 0xa5 (size before relaxing)

.debug_loc      0x00000000     0x705c
 *(.debug_loc)
 .debug_loc     0x00000000      0x217 D:\OneDrive\01 Eisenbahn\00 Decoder develop\CAN_Lib\libArduinoCore.a(WInterrupts.c.o)
 .debug_loc     0x00000217      0x24b D:\OneDrive\01 Eisenbahn\00 Decoder develop\CAN_Lib\libArduinoCore.a(wiring.c.o)
 .debug_loc     0x00000462      0x617 D:\OneDrive\01 Eisenbahn\00 Decoder develop\CAN_Lib\libArduinoCore.a(wiring_digital.c.o)
 .debug_loc     0x00000a79      0x4ca D:\OneDrive\01 Eisenbahn\00 Decoder develop\CAN_Lib\libArduinoCore.a(HardwareSerial.cpp.o)
 .debug_loc     0x00000f43      0x161 D:\OneDrive\01 Eisenbahn\00 Decoder develop\CAN_Lib\libArduinoCore.a(HardwareSerial0.cpp.o)
 .debug_loc     0x000010a4     0x1e5d D:\OneDrive\01 Eisenbahn\00 Decoder develop\CAN_Lib\libArduinoCore.a(Print.cpp.o)
 .debug_loc     0x00002f01     0x415b D:\OneDrive\01 Eisenbahn\00 Decoder develop\CAN_Lib\libArduinoCore.a(WString.cpp.o)

.debug_macinfo
 *(.debug_macinfo)

.debug_weaknames
 *(.debug_weaknames)

.debug_funcnames
 *(.debug_funcnames)

.debug_typenames
 *(.debug_typenames)

.debug_varnames
 *(.debug_varnames)

.debug_pubtypes
 *(.debug_pubtypes)

.debug_ranges   0x00000000      0x5a0
 *(.debug_ranges)
 .debug_ranges  0x00000000       0x30 D:\OneDrive\01 Eisenbahn\00 Decoder develop\CAN_Lib\libArduinoCore.a(WInterrupts.c.o)
 .debug_ranges  0x00000030       0x38 D:\OneDrive\01 Eisenbahn\00 Decoder develop\CAN_Lib\libArduinoCore.a(wiring.c.o)
 .debug_ranges  0x00000068       0x40 D:\OneDrive\01 Eisenbahn\00 Decoder develop\CAN_Lib\libArduinoCore.a(wiring_digital.c.o)
 .debug_ranges  0x000000a8       0x70 D:\OneDrive\01 Eisenbahn\00 Decoder develop\CAN_Lib\libArduinoCore.a(HardwareSerial.cpp.o)
 .debug_ranges  0x00000118       0x28 D:\OneDrive\01 Eisenbahn\00 Decoder develop\CAN_Lib\libArduinoCore.a(HardwareSerial0.cpp.o)
 .debug_ranges  0x00000140      0x128 D:\OneDrive\01 Eisenbahn\00 Decoder develop\CAN_Lib\libArduinoCore.a(Print.cpp.o)
 .debug_ranges  0x00000268      0x300 D:\OneDrive\01 Eisenbahn\00 Decoder develop\CAN_Lib\libArduinoCore.a(WString.cpp.o)
 .debug_ranges  0x00000568       0x28 D:\OneDrive\01 Eisenbahn\00 Decoder develop\CAN_Lib\libArduinoCore.a(main.cpp.o)
 .debug_ranges  0x00000590       0x10 D:\OneDrive\01 Eisenbahn\00 Decoder develop\CAN_Lib\libArduinoCore.a(hooks.c.o)

.debug_macro
 *(.debug_macro)
OUTPUT(usb2can.elf elf32-avr)
LOAD linker stubs
